../Core/Src/main.c:82:5:__io_putchar	16	static
../Core/Src/main.c:86:9:read_encoder_value	16	static
../Core/Src/main.c:92:6:HAL_TIM_PeriodElapsedCallback	24	static
../Core/Src/main.c:129:5:main	8	static
../Core/Src/main.c:183:6:SystemClock_Config	88	static
../Core/Src/main.c:230:13:MX_TIM1_Init	56	static
../Core/Src/main.c:281:13:MX_TIM2_Init	64	static
../Core/Src/main.c:340:13:MX_TIM3_Init	64	static
../Core/Src/main.c:399:13:MX_TIM6_Init	24	static
../Core/Src/main.c:437:13:MX_USART2_UART_Init	8	static
../Core/Src/main.c:485:13:MX_GPIO_Init	40	static
../Core/Src/main.c:523:6:Error_Handler	4	static,ignoring_inline_asm
