../Core/Src/main.c:113:5:__io_putchar	16	static
../Core/Src/main.c:117:6:HAL_TIM_PeriodElapsedCallback	40	static
../Core/Src/main.c:186:5:main	8	static
../Core/Src/main.c:240:6:SystemClock_Config	88	static
../Core/Src/main.c:287:13:MX_ADC2_Init	40	static
../Core/Src/main.c:346:13:MX_TIM1_Init	120	static
../Core/Src/main.c:428:13:MX_TIM6_Init	24	static
../Core/Src/main.c:466:13:MX_USART2_UART_Init	8	static
../Core/Src/main.c:514:13:MX_GPIO_Init	40	static
../Core/Src/main.c:552:6:Error_Handler	4	static,ignoring_inline_asm
