Archive member included to satisfy reference by file (symbol)

c:/progra~2/gnuarm~1/102021~1.10/bin/../lib/gcc/arm-none-eabi/10.3.1/thumb/v7e-m/nofp\libgcc.a(_arm_mulsf3.o)
                              CMakeFiles/2PID_steer_dataro.elf.dir/Core/Src/PID.c.obj (__aeabi_fmul)
c:/progra~2/gnuarm~1/102021~1.10/bin/../lib/gcc/arm-none-eabi/10.3.1/thumb/v7e-m/nofp\libgcc.a(_arm_addsubdf3.o)
                              CMakeFiles/2PID_steer_dataro.elf.dir/Core/Src/main.c.obj (__aeabi_f2d)
c:/progra~2/gnuarm~1/102021~1.10/bin/../lib/gcc/arm-none-eabi/10.3.1/thumb/v7e-m/nofp\libgcc.a(_arm_addsubsf3.o)
                              CMakeFiles/2PID_steer_dataro.elf.dir/Core/Src/PID.c.obj (__aeabi_fsub)
c:/progra~2/gnuarm~1/102021~1.10/bin/../lib/gcc/arm-none-eabi/10.3.1/thumb/v7e-m/nofp\libgcc.a(_arm_muldivsf3.o)
                              CMakeFiles/2PID_steer_dataro.elf.dir/Core/Src/PID.c.obj (__aeabi_fdiv)
c:/progra~2/gnuarm~1/102021~1.10/bin/../lib/gcc/arm-none-eabi/10.3.1/thumb/v7e-m/nofp\libgcc.a(_arm_cmpsf2.o)
                              CMakeFiles/2PID_steer_dataro.elf.dir/Core/Src/main.c.obj (__aeabi_fcmpgt)
c:/progra~2/gnuarm~1/102021~1.10/bin/../lib/gcc/arm-none-eabi/10.3.1/thumb/v7e-m/nofp\libgcc.a(_arm_fixsfsi.o)
                              CMakeFiles/2PID_steer_dataro.elf.dir/Core/Src/PID.c.obj (__aeabi_f2iz)
c:/progra~2/gnuarm~1/102021~1.10/bin/../lib/gcc/arm-none-eabi/10.3.1/thumb/v7e-m/nofp\libgcc.a(_aeabi_uldivmod.o)
                              CMakeFiles/2PID_steer_dataro.elf.dir/Drivers/STM32G4xx_HAL_Driver/Src/stm32g4xx_hal_uart.c.obj (__aeabi_uldivmod)
c:/progra~2/gnuarm~1/102021~1.10/bin/../lib/gcc/arm-none-eabi/10.3.1/thumb/v7e-m/nofp\libgcc.a(_udivmoddi4.o)
                              c:/progra~2/gnuarm~1/102021~1.10/bin/../lib/gcc/arm-none-eabi/10.3.1/thumb/v7e-m/nofp\libgcc.a(_aeabi_uldivmod.o) (__udivmoddi4)
c:/progra~2/gnuarm~1/102021~1.10/bin/../lib/gcc/arm-none-eabi/10.3.1/thumb/v7e-m/nofp\libgcc.a(_dvmd_tls.o)
                              c:/progra~2/gnuarm~1/102021~1.10/bin/../lib/gcc/arm-none-eabi/10.3.1/thumb/v7e-m/nofp\libgcc.a(_aeabi_uldivmod.o) (__aeabi_ldiv0)
c:/progra~2/gnuarm~1/102021~1.10/bin/../lib/gcc/arm-none-eabi/10.3.1/../../../../arm-none-eabi/lib/thumb/v7e-m/nofp\libg.a(lib_a-atoff.o)
                              CMakeFiles/2PID_steer_dataro.elf.dir/Core/Src/main.c.obj (atoff)
c:/progra~2/gnuarm~1/102021~1.10/bin/../lib/gcc/arm-none-eabi/10.3.1/../../../../arm-none-eabi/lib/thumb/v7e-m/nofp\libg.a(lib_a-errno.o)
                              CMakeFiles/2PID_steer_dataro.elf.dir/Core/Src/syscalls.c.obj (__errno)
c:/progra~2/gnuarm~1/102021~1.10/bin/../lib/gcc/arm-none-eabi/10.3.1/../../../../arm-none-eabi/lib/thumb/v7e-m/nofp\libg.a(lib_a-exit.o)
                              c:/progra~2/gnuarm~1/102021~1.10/bin/../lib/gcc/arm-none-eabi/10.3.1/../../../../arm-none-eabi/lib/thumb/v7e-m/nofp/crt0.o (exit)
c:/progra~2/gnuarm~1/102021~1.10/bin/../lib/gcc/arm-none-eabi/10.3.1/../../../../arm-none-eabi/lib/thumb/v7e-m/nofp\libg.a(lib_a-impure.o)
                              c:/progra~2/gnuarm~1/102021~1.10/bin/../lib/gcc/arm-none-eabi/10.3.1/../../../../arm-none-eabi/lib/thumb/v7e-m/nofp\libg.a(lib_a-exit.o) (_global_impure_ptr)
c:/progra~2/gnuarm~1/102021~1.10/bin/../lib/gcc/arm-none-eabi/10.3.1/../../../../arm-none-eabi/lib/thumb/v7e-m/nofp\libg.a(lib_a-init.o)
                              c:/progra~2/gnuarm~1/102021~1.10/bin/../lib/gcc/arm-none-eabi/10.3.1/../../../../arm-none-eabi/lib/thumb/v7e-m/nofp/crt0.o (__libc_init_array)
c:/progra~2/gnuarm~1/102021~1.10/bin/../lib/gcc/arm-none-eabi/10.3.1/../../../../arm-none-eabi/lib/thumb/v7e-m/nofp\libg.a(lib_a-memset.o)
                              c:/progra~2/gnuarm~1/102021~1.10/bin/../lib/gcc/arm-none-eabi/10.3.1/../../../../arm-none-eabi/lib/thumb/v7e-m/nofp/crt0.o (memset)
c:/progra~2/gnuarm~1/102021~1.10/bin/../lib/gcc/arm-none-eabi/10.3.1/../../../../arm-none-eabi/lib/thumb/v7e-m/nofp\libg.a(lib_a-printf.o)
                              CMakeFiles/2PID_steer_dataro.elf.dir/Core/Src/main.c.obj (printf)
c:/progra~2/gnuarm~1/102021~1.10/bin/../lib/gcc/arm-none-eabi/10.3.1/../../../../arm-none-eabi/lib/thumb/v7e-m/nofp\libg.a(lib_a-setbuf.o)
                              CMakeFiles/2PID_steer_dataro.elf.dir/Core/Src/main.c.obj (setbuf)
c:/progra~2/gnuarm~1/102021~1.10/bin/../lib/gcc/arm-none-eabi/10.3.1/../../../../arm-none-eabi/lib/thumb/v7e-m/nofp\libg.a(lib_a-setvbuf.o)
                              c:/progra~2/gnuarm~1/102021~1.10/bin/../lib/gcc/arm-none-eabi/10.3.1/../../../../arm-none-eabi/lib/thumb/v7e-m/nofp\libg.a(lib_a-setbuf.o) (setvbuf)
c:/progra~2/gnuarm~1/102021~1.10/bin/../lib/gcc/arm-none-eabi/10.3.1/../../../../arm-none-eabi/lib/thumb/v7e-m/nofp\libg.a(lib_a-strtod.o)
                              c:/progra~2/gnuarm~1/102021~1.10/bin/../lib/gcc/arm-none-eabi/10.3.1/../../../../arm-none-eabi/lib/thumb/v7e-m/nofp\libg.a(lib_a-atoff.o) (strtof)
[...]
Memory Configuration

Name             Origin             Length             Attributes
RAM              0x20000000         0x00008000         xrw
FLASH            0x08000000         0x00020000         xr
*default*        0x00000000         0xffffffff

Linker script and memory map

LOAD c:/progra~2/gnuarm~1/102021~1.10/bin/../lib/gcc/arm-none-eabi/10.3.1/thumb/v7e-m/nofp/crti.o
LOAD c:/progra~2/gnuarm~1/102021~1.10/bin/../lib/gcc/arm-none-eabi/10.3.1/thumb/v7e-m/nofp/crtbegin.o
LOAD c:/progra~2/gnuarm~1/102021~1.10/bin/../lib/gcc/arm-none-eabi/10.3.1/../../../../arm-none-eabi/lib/thumb/v7e-m/nofp/crt0.o
LOAD CMakeFiles/2PID_steer_dataro.elf.dir/Core/Src/PID.c.obj
LOAD CMakeFiles/2PID_steer_dataro.elf.dir/Core/Src/main.c.obj
LOAD CMakeFiles/2PID_steer_dataro.elf.dir/Core/Src/stm32g4xx_hal_msp.c.obj
LOAD CMakeFiles/2PID_steer_dataro.elf.dir/Core/Src/stm32g4xx_hal_timebase_tim.c.obj
LOAD CMakeFiles/2PID_steer_dataro.elf.dir/Core/Src/stm32g4xx_it.c.obj
LOAD CMakeFiles/2PID_steer_dataro.elf.dir/Core/Src/syscalls.c.obj
LOAD CMakeFiles/2PID_steer_dataro.elf.dir/Core/Src/sysmem.c.obj
LOAD CMakeFiles/2PID_steer_dataro.elf.dir/Core/Src/system_stm32g4xx.c.obj
LOAD CMakeFiles/2PID_steer_dataro.elf.dir/Core/Startup/startup_stm32g431kbtx.s.obj
LOAD CMakeFiles/2PID_steer_dataro.elf.dir/Drivers/STM32G4xx_HAL_Driver/Src/stm32g4xx_hal.c.obj
LOAD CMakeFiles/2PID_steer_dataro.elf.dir/Drivers/STM32G4xx_HAL_Driver/Src/stm32g4xx_hal_cortex.c.obj
LOAD CMakeFiles/2PID_steer_dataro.elf.dir/Drivers/STM32G4xx_HAL_Driver/Src/stm32g4xx_hal_dma.c.obj
LOAD CMakeFiles/2PID_steer_dataro.elf.dir/Drivers/STM32G4xx_HAL_Driver/Src/stm32g4xx_hal_dma_ex.c.obj
LOAD CMakeFiles/2PID_steer_dataro.elf.dir/Drivers/STM32G4xx_HAL_Driver/Src/stm32g4xx_hal_exti.c.obj
LOAD CMakeFiles/2PID_steer_dataro.elf.dir/Drivers/STM32G4xx_HAL_Driver/Src/stm32g4xx_hal_flash.c.obj
LOAD CMakeFiles/2PID_steer_dataro.elf.dir/Drivers/STM32G4xx_HAL_Driver/Src/stm32g4xx_hal_flash_ex.c.obj
LOAD CMakeFiles/2PID_steer_dataro.elf.dir/Drivers/STM32G4xx_HAL_Driver/Src/stm32g4xx_hal_flash_ramfunc.c.obj
LOAD CMakeFiles/2PID_steer_dataro.elf.dir/Drivers/STM32G4xx_HAL_Driver/Src/stm32g4xx_hal_gpio.c.obj
LOAD CMakeFiles/2PID_steer_dataro.elf.dir/Drivers/STM32G4xx_HAL_Driver/Src/stm32g4xx_hal_pwr.c.obj
LOAD CMakeFiles/2PID_steer_dataro.elf.dir/Drivers/STM32G4xx_HAL_Driver/Src/stm32g4xx_hal_pwr_ex.c.obj
LOAD CMakeFiles/2PID_steer_dataro.elf.dir/Drivers/STM32G4xx_HAL_Driver/Src/stm32g4xx_hal_rcc.c.obj
LOAD CMakeFiles/2PID_steer_dataro.elf.dir/Drivers/STM32G4xx_HAL_Driver/Src/stm32g4xx_hal_rcc_ex.c.obj
LOAD CMakeFiles/2PID_steer_dataro.elf.dir/Drivers/STM32G4xx_HAL_Driver/Src/stm32g4xx_hal_tim.c.obj
LOAD CMakeFiles/2PID_steer_dataro.elf.dir/Drivers/STM32G4xx_HAL_Driver/Src/stm32g4xx_hal_tim_ex.c.obj
LOAD CMakeFiles/2PID_steer_dataro.elf.dir/Drivers/STM32G4xx_HAL_Driver/Src/stm32g4xx_hal_uart.c.obj
LOAD CMakeFiles/2PID_steer_dataro.elf.dir/Drivers/STM32G4xx_HAL_Driver/Src/stm32g4xx_hal_uart_ex.c.obj
START GROUP
LOAD c:/progra~2/gnuarm~1/102021~1.10/bin/../lib/gcc/arm-none-eabi/10.3.1/thumb/v7e-m/nofp\libgcc.a
LOAD c:/progra~2/gnuarm~1/102021~1.10/bin/../lib/gcc/arm-none-eabi/10.3.1/../../../../arm-none-eabi/lib/thumb/v7e-m/nofp\libg.a
LOAD c:/progra~2/gnuarm~1/102021~1.10/bin/../lib/gcc/arm-none-eabi/10.3.1/../../../../arm-none-eabi/lib/thumb/v7e-m/nofp\libc.a
END GROUP
LOAD c:/progra~2/gnuarm~1/102021~1.10/bin/../lib/gcc/arm-none-eabi/10.3.1/thumb/v7e-m/nofp/crtend.o
LOAD c:/progra~2/gnuarm~1/102021~1.10/bin/../lib/gcc/arm-none-eabi/10.3.1/thumb/v7e-m/nofp/crtn.o
                0x20008000                _estack = (ORIGIN (RAM) + LENGTH (RAM))
                0x00000200                _Min_Heap_Size = 0x200
                0x00000400                _Min_Stack_Size = 0x400

.isr_vector     0x08000000      0x1d8
                0x08000000                . = ALIGN (0x4)
 *(.isr_vector)
 .isr_vector    0x08000000      0x1d8 CMakeFiles/2PID_steer_dataro.elf.dir/Core/Startup/startup_stm32g431kbtx.s.obj
                0x08000000                g_pfnVectors
                0x080001d8                . = ALIGN (0x4)

.text           0x08000200     0xcd6c
                0x08000200                . = ALIGN (0x4)
 *(.text)
 .text          0x08000200       0x40 c:/progra~2/gnuarm~1/102021~1.10/bin/../lib/gcc/arm-none-eabi/10.3.1/thumb/v7e-m/nofp/crtbegin.o
 .text          0x08000240      0x378 c:/progra~2/gnuarm~1/102021~1.10/bin/../lib/gcc/arm-none-eabi/10.3.1/thumb/v7e-m/nofp\libgcc.a(_arm_addsubdf3.o)
                0x08000240                __aeabi_drsub
                0x08000248                __aeabi_dsub
                0x08000248                __subdf3
                0x0800024c                __aeabi_dadd
                0x0800024c                __adddf3
                0x080004c4                __floatunsidf
                0x080004c4                __aeabi_ui2d
                0x080004e4                __floatsidf
                0x080004e4                __aeabi_i2d
                0x08000508                __aeabi_f2d
                0x08000508                __extendsfdf2
                0x0800054c                __floatundidf
                0x0800054c                __aeabi_ul2d
                0x0800055c                __floatdidf
                0x0800055c                __aeabi_l2d
 .text          0x080005b8      0x21c c:/progra~2/gnuarm~1/102021~1.10/bin/../lib/gcc/arm-none-eabi/10.3.1/thumb/v7e-m/nofp\libgcc.a(_arm_addsubsf3.o)
                0x080005b8                __aeabi_frsub
                0x080005c0                __subsf3
                0x080005c0                __aeabi_fsub
                0x080005c4                __aeabi_fadd
                0x080005c4                __addsf3
                0x08000724                __aeabi_ui2f
                0x08000724                __floatunsisf
                0x0800072c                __aeabi_i2f
                0x0800072c                __floatsisf
                0x08000748                __aeabi_ul2f
                0x08000748                __floatundisf
                0x08000758                __aeabi_l2f
                0x08000758                __floatdisf
 .text          0x080007d4      0x2a0 c:/progra~2/gnuarm~1/102021~1.10/bin/../lib/gcc/arm-none-eabi/10.3.1/thumb/v7e-m/nofp\libgcc.a(_arm_muldivsf3.o)
                0x080007d4                __mulsf3
                0x080007d4                __aeabi_fmul
                0x0800093c                __aeabi_fdiv
                0x0800093c                __divsf3
 .text          0x08000a74       0xec c:/progra~2/gnuarm~1/102021~1.10/bin/../lib/gcc/arm-none-eabi/10.3.1/thumb/v7e-m/nofp\libgcc.a(_arm_cmpsf2.o)
                0x08000a74                __gesf2
                0x08000a74                __gtsf2
                0x08000a7c                __lesf2
                0x08000a7c                __ltsf2
                0x08000a84                __nesf2
                0x08000a84                __eqsf2
                0x08000a84                __cmpsf2
                0x08000ae4                __aeabi_cfrcmple
                0x08000aec                __aeabi_cfcmpeq
                0x08000aec                __aeabi_cfcmple
                0x08000afc                __aeabi_fcmpeq
                0x08000b10                __aeabi_fcmplt
                0x08000b24                __aeabi_fcmple
                0x08000b38                __aeabi_fcmpge
                0x08000b4c                __aeabi_fcmpgt
 .text          0x08000b60       0x4c c:/progra~2/gnuarm~1/102021~1.10/bin/../lib/gcc/arm-none-eabi/10.3.1/thumb/v7e-m/nofp\libgcc.a(_arm_fixsfsi.o)
                0x08000b60                __aeabi_f2iz
                0x08000b60                __fixsfsi
 .text          0x08000bac       0x30 c:/progra~2/gnuarm~1/102021~1.10/bin/../lib/gcc/arm-none-eabi/10.3.1/thumb/v7e-m/nofp\libgcc.a(_aeabi_uldivmod.o)
                0x08000bac                __aeabi_uldivmod
 .text          0x08000bdc      0x2d0 c:/progra~2/gnuarm~1/102021~1.10/bin/../lib/gcc/arm-none-eabi/10.3.1/thumb/v7e-m/nofp\libgcc.a(_udivmoddi4.o)
                0x08000bdc                __udivmoddi4
 .text          0x08000eac        0x4 c:/progra~2/gnuarm~1/102021~1.10/bin/../lib/gcc/arm-none-eabi/10.3.1/thumb/v7e-m/nofp\libgcc.a(_dvmd_tls.o)
                0x08000eac                __aeabi_idiv0
                0x08000eac                __aeabi_ldiv0
 .text          0x08000eb0       0xa0 c:/progra~2/gnuarm~1/102021~1.10/bin/../lib/gcc/arm-none-eabi/10.3.1/../../../../arm-none-eabi/lib/thumb/v7e-m/nofp\libg.a(lib_a-memchr.o)
                0x08000eb0                memchr
 .text          0x08000f50      0x134 c:/progra~2/gnuarm~1/102021~1.10/bin/../lib/gcc/arm-none-eabi/10.3.1/../../../../arm-none-eabi/lib/thumb/v7e-m/nofp\libg.a(lib_a-memcpy.o)
                0x08000f50                memcpy
 *fill*         0x08001084       0x3c 
 .text          0x080010c0       0xdc c:/progra~2/gnuarm~1/102021~1.10/bin/../lib/gcc/arm-none-eabi/10.3.1/../../../../arm-none-eabi/lib/thumb/v7e-m/nofp\libg.a(lib_a-strlen.o)
                0x080010c0                strlen
 .text          0x0800119c      0x424 c:/progra~2/gnuarm~1/102021~1.10/bin/../lib/gcc/arm-none-eabi/10.3.1/thumb/v7e-m/nofp\libgcc.a(_arm_muldivdf3.o)
                0x0800119c                __aeabi_dmul
                0x0800119c                __muldf3
                0x080013f0                __divdf3
                0x080013f0                __aeabi_ddiv
 .text          0x080015c0      0x110 c:/progra~2/gnuarm~1/102021~1.10/bin/../lib/gcc/arm-none-eabi/10.3.1/thumb/v7e-m/nofp\libgcc.a(_arm_cmpdf2.o)
                0x080015c0                __gtdf2
                0x080015c0                __gedf2
                0x080015c8                __ltdf2
                0x080015c8                __ledf2
                0x080015d0                __nedf2
                0x080015d0                __eqdf2
                0x080015d0                __cmpdf2
                0x0800164c                __aeabi_cdrcmple
                0x0800165c                __aeabi_cdcmpeq
                0x0800165c                __aeabi_cdcmple
                0x0800166c                __aeabi_dcmpeq
                0x08001680                __aeabi_dcmplt
                0x08001694                __aeabi_dcmple
                0x080016a8                __aeabi_dcmpge
                0x080016bc                __aeabi_dcmpgt
 .text          0x080016d0       0x2c c:/progra~2/gnuarm~1/102021~1.10/bin/../lib/gcc/arm-none-eabi/10.3.1/thumb/v7e-m/nofp\libgcc.a(_arm_unorddf2.o)
                0x080016d0                __unorddf2
                0x080016d0                __aeabi_dcmpun
 .text          0x080016fc       0x50 c:/progra~2/gnuarm~1/102021~1.10/bin/../lib/gcc/arm-none-eabi/10.3.1/thumb/v7e-m/nofp\libgcc.a(_arm_fixdfsi.o)
                0x080016fc                __aeabi_d2iz
                0x080016fc                __fixdfsi
 .text          0x0800174c       0x40 c:/progra~2/gnuarm~1/102021~1.10/bin/../lib/gcc/arm-none-eabi/10.3.1/thumb/v7e-m/nofp\libgcc.a(_arm_fixunsdfsi.o)
                0x0800174c                __aeabi_d2uiz
                0x0800174c                __fixunsdfsi
 .text          0x0800178c       0xa0 c:/progra~2/gnuarm~1/102021~1.10/bin/../lib/gcc/arm-none-eabi/10.3.1/thumb/v7e-m/nofp\libgcc.a(_arm_truncdfsf2.o)
                0x0800178c                __truncdfsf2
                0x0800178c                __aeabi_d2f
 .text          0x0800182c       0x2c c:/progra~2/gnuarm~1/102021~1.10/bin/../lib/gcc/arm-none-eabi/10.3.1/thumb/v7e-m/nofp\libgcc.a(_arm_unordsf2.o)
                0x0800182c                __unordsf2
                0x0800182c                __aeabi_fcmpun
 .text          0x08001858       0x34 c:/progra~2/gnuarm~1/102021~1.10/bin/../lib/gcc/arm-none-eabi/10.3.1/thumb/v7e-m/nofp\libgcc.a(_fixdfdi.o)
                0x08001858                __fixdfdi
                0x08001858                __aeabi_d2lz
 .text          0x0800188c       0x3c c:/progra~2/gnuarm~1/102021~1.10/bin/../lib/gcc/arm-none-eabi/10.3.1/thumb/v7e-m/nofp\libgcc.a(_fixunsdfdi.o)
                0x0800188c                __fixunsdfdi
                0x0800188c                __aeabi_d2ulz
 *(.text*)
 .text.calc_PID
                0x080018c8       0xb4 CMakeFiles/2PID_steer_dataro.elf.dir/Core/Src/PID.c.obj
                0x080018c8                calc_PID
 .text.MX_GPIO_Init
                0x0800197c       0xbc CMakeFiles/2PID_steer_dataro.elf.dir/Core/Src/main.c.obj
 .text._write   0x08001a38       0x18 CMakeFiles/2PID_steer_dataro.elf.dir/Core/Src/main.c.obj
                0x08001a38                _write
 .text.wheel_Feedfoward
                0x08001a50       0x1c CMakeFiles/2PID_steer_dataro.elf.dir/Core/Src/main.c.obj
                0x08001a50                wheel_Feedfoward
 .text.HAL_GPIO_EXTI_Callback
                0x08001a6c        0x2 CMakeFiles/2PID_steer_dataro.elf.dir/Core/Src/main.c.obj
                0x08001a6c                HAL_GPIO_EXTI_Callback
 *fill*         0x08001a6e        0x2 
 .text.HAL_UART_RxCpltCallback
                0x08001a70       0x64 CMakeFiles/2PID_steer_dataro.elf.dir/Core/Src/main.c.obj
                0x08001a70                HAL_UART_RxCpltCallback
 .text.HAL_TIM_PeriodElapsedCallback
                0x08001ad4      0x1f4 CMakeFiles/2PID_steer_dataro.elf.dir/Core/Src/main.c.obj
                0x08001ad4                HAL_TIM_PeriodElapsedCallback
 .text.Error_Handler
                0x08001cc8        0x4 CMakeFiles/2PID_steer_dataro.elf.dir/Core/Src/main.c.obj
                0x08001cc8                Error_Handler
 .text.MX_USART2_UART_Init
                0x08001ccc       0x60 CMakeFiles/2PID_steer_dataro.elf.dir/Core/Src/main.c.obj
 .text.MX_TIM1_Init
                0x08001d2c       0x68 CMakeFiles/2PID_steer_dataro.elf.dir/Core/Src/main.c.obj
 .text.MX_TIM2_Init
                0x08001d94       0x64 CMakeFiles/2PID_steer_dataro.elf.dir/Core/Src/main.c.obj
 .text.MX_TIM3_Init
                0x08001df8       0xb4 CMakeFiles/2PID_steer_dataro.elf.dir/Core/Src/main.c.obj
 .text.MX_TIM4_Init
                0x08001eac       0x6c CMakeFiles/2PID_steer_dataro.elf.dir/Core/Src/main.c.obj
 .text.SystemClock_Config
                0x08001f18       0x8e CMakeFiles/2PID_steer_dataro.elf.dir/Core/Src/main.c.obj
                0x08001f18                SystemClock_Config
 *fill*         0x08001fa6        0x2 
 .text.main     0x08001fa8      0x108 CMakeFiles/2PID_steer_dataro.elf.dir/Core/Src/main.c.obj
                0x08001fa8                main
 .text.HAL_MspInit
                0x080020b0       0x38 CMakeFiles/2PID_steer_dataro.elf.dir/Core/Src/stm32g4xx_hal_msp.c.obj
                0x080020b0                HAL_MspInit
 .text.HAL_TIM_Encoder_MspInit
                0x080020e8       0xec CMakeFiles/2PID_steer_dataro.elf.dir/Core/Src/stm32g4xx_hal_msp.c.obj
                0x080020e8                HAL_TIM_Encoder_MspInit
 .text.HAL_TIM_Base_MspInit
                0x080021d4       0x60 CMakeFiles/2PID_steer_dataro.elf.dir/Core/Src/stm32g4xx_hal_msp.c.obj
                0x080021d4                HAL_TIM_Base_MspInit
 .text.HAL_TIM_MspPostInit
                0x08002234       0x78 CMakeFiles/2PID_steer_dataro.elf.dir/Core/Src/stm32g4xx_hal_msp.c.obj
                0x08002234                HAL_TIM_MspPostInit
 .text.HAL_UART_MspInit
                0x080022ac       0x74 CMakeFiles/2PID_steer_dataro.elf.dir/Core/Src/stm32g4xx_hal_msp.c.obj
                0x080022ac                HAL_UART_MspInit
 .text.HAL_InitTick
                0x08002320       0x94 CMakeFiles/2PID_steer_dataro.elf.dir/Core/Src/stm32g4xx_hal_timebase_tim.c.obj
                0x08002320                HAL_InitTick
 .text.NMI_Handler
                0x080023b4        0x2 CMakeFiles/2PID_steer_dataro.elf.dir/Core/Src/stm32g4xx_it.c.obj
                0x080023b4                NMI_Handler
 .text.HardFault_Handler
                0x080023b6        0x2 CMakeFiles/2PID_steer_dataro.elf.dir/Core/Src/stm32g4xx_it.c.obj
                0x080023b6                HardFault_Handler
 .text.MemManage_Handler
                0x080023b8        0x2 CMakeFiles/2PID_steer_dataro.elf.dir/Core/Src/stm32g4xx_it.c.obj
                0x080023b8                MemManage_Handler
 .text.BusFault_Handler
                0x080023ba        0x2 CMakeFiles/2PID_steer_dataro.elf.dir/Core/Src/stm32g4xx_it.c.obj
                0x080023ba                BusFault_Handler
 .text.UsageFault_Handler
                0x080023bc        0x2 CMakeFiles/2PID_steer_dataro.elf.dir/Core/Src/stm32g4xx_it.c.obj
                0x080023bc                UsageFault_Handler
 .text.SVC_Handler
                0x080023be        0x2 CMakeFiles/2PID_steer_dataro.elf.dir/Core/Src/stm32g4xx_it.c.obj
                0x080023be                SVC_Handler
 .text.DebugMon_Handler
                0x080023c0        0x2 CMakeFiles/2PID_steer_dataro.elf.dir/Core/Src/stm32g4xx_it.c.obj
                0x080023c0                DebugMon_Handler
 .text.PendSV_Handler
                0x080023c2        0x2 CMakeFiles/2PID_steer_dataro.elf.dir/Core/Src/stm32g4xx_it.c.obj
                0x080023c2                PendSV_Handler
 .text.SysTick_Handler
                0x080023c4        0x2 CMakeFiles/2PID_steer_dataro.elf.dir/Core/Src/stm32g4xx_it.c.obj
                0x080023c4                SysTick_Handler
 .text.EXTI4_IRQHandler
                0x080023c6        0xa CMakeFiles/2PID_steer_dataro.elf.dir/Core/Src/stm32g4xx_it.c.obj
                0x080023c6                EXTI4_IRQHandler
 .text.TIM1_TRG_COM_TIM17_IRQHandler
                0x080023d0       0x18 CMakeFiles/2PID_steer_dataro.elf.dir/Core/Src/stm32g4xx_it.c.obj
                0x080023d0                TIM1_TRG_COM_TIM17_IRQHandler
 .text.TIM4_IRQHandler
                0x080023e8       0x10 CMakeFiles/2PID_steer_dataro.elf.dir/Core/Src/stm32g4xx_it.c.obj
                0x080023e8                TIM4_IRQHandler
 .text.USART2_IRQHandler
                0x080023f8       0x10 CMakeFiles/2PID_steer_dataro.elf.dir/Core/Src/stm32g4xx_it.c.obj
                0x080023f8                USART2_IRQHandler
 .text.EXTI15_10_IRQHandler
                0x08002408        0xc CMakeFiles/2PID_steer_dataro.elf.dir/Core/Src/stm32g4xx_it.c.obj
                0x08002408                EXTI15_10_IRQHandler
 .text._getpid  0x08002414        0x4 CMakeFiles/2PID_steer_dataro.elf.dir/Core/Src/syscalls.c.obj
                0x08002414                _getpid
 .text._kill    0x08002418       0x10 CMakeFiles/2PID_steer_dataro.elf.dir/Core/Src/syscalls.c.obj
                0x08002418                _kill
 .text._exit    0x08002428        0xc CMakeFiles/2PID_steer_dataro.elf.dir/Core/Src/syscalls.c.obj
                0x08002428                _exit
 .text._read    0x08002434       0x20 CMakeFiles/2PID_steer_dataro.elf.dir/Core/Src/syscalls.c.obj
                0x08002434                _read
 .text._close   0x08002454        0x6 CMakeFiles/2PID_steer_dataro.elf.dir/Core/Src/syscalls.c.obj
                0x08002454                _close
 .text._fstat   0x0800245a        0xa CMakeFiles/2PID_steer_dataro.elf.dir/Core/Src/syscalls.c.obj
                0x0800245a                _fstat
 .text._isatty  0x08002464        0x4 CMakeFiles/2PID_steer_dataro.elf.dir/Core/Src/syscalls.c.obj
                0x08002464                _isatty
 .text._lseek   0x08002468        0x4 CMakeFiles/2PID_steer_dataro.elf.dir/Core/Src/syscalls.c.obj
                0x08002468                _lseek
 .text._sbrk    0x0800246c       0x48 CMakeFiles/2PID_steer_dataro.elf.dir/Core/Src/sysmem.c.obj
                0x0800246c                _sbrk
 .text.SystemInit
                0x080024b4        0x2 CMakeFiles/2PID_steer_dataro.elf.dir/Core/Src/system_stm32g4xx.c.obj
                0x080024b4                SystemInit
 *fill*         0x080024b6        0x2 
 .text.Reset_Handler
                0x080024b8       0x50 CMakeFiles/2PID_steer_dataro.elf.dir/Core/Startup/startup_stm32g431kbtx.s.obj
                0x080024b8                Reset_Handler
 .text.Default_Handler
                0x08002508        0x2 CMakeFiles/2PID_steer_dataro.elf.dir/Core/Startup/startup_stm32g431kbtx.s.obj
                0x08002508                RTC_Alarm_IRQHandler
                0x08002508                EXTI2_IRQHandler
                0x08002508                TIM8_TRG_COM_IRQHandler
                0x08002508                TIM8_CC_IRQHandler
                0x08002508                TIM1_CC_IRQHandler
                0x08002508                USB_HP_IRQHandler
                0x08002508                CORDIC_IRQHandler
                0x08002508                EXTI3_IRQHandler
                0x08002508                I2C3_ER_IRQHandler
                0x08002508                EXTI0_IRQHandler
                0x08002508                I2C2_EV_IRQHandler
                0x08002508                FPU_IRQHandler
                0x08002508                FDCAN1_IT1_IRQHandler
                0x08002508                TIM1_UP_TIM16_IRQHandler
                0x08002508                ADC1_2_IRQHandler
                0x08002508                SPI1_IRQHandler
                0x08002508                TIM6_DAC_IRQHandler
                0x08002508                TIM8_UP_IRQHandler
                0x08002508                DMA2_Channel2_IRQHandler
                0x08002508                DMA1_Channel4_IRQHandler
                0x08002508                USART3_IRQHandler
                0x08002508                DMA2_Channel1_IRQHandler
                0x08002508                I2C1_EV_IRQHandler
                0x08002508                DMA1_Channel6_IRQHandler
                0x08002508                UART4_IRQHandler
                0x08002508                DMA2_Channel4_IRQHandler
                0x08002508                TIM3_IRQHandler
                0x08002508                RCC_IRQHandler
                0x08002508                DMA1_Channel1_IRQHandler
                0x08002508                Default_Handler
                0x08002508                RTC_TAMP_LSECSS_IRQHandler
                0x08002508                FMAC_IRQHandler
                0x08002508                TIM7_IRQHandler
                0x08002508                UCPD1_IRQHandler
                0x08002508                I2C3_EV_IRQHandler
                0x08002508                EXTI9_5_IRQHandler
                0x08002508                RTC_WKUP_IRQHandler
                0x08002508                PVD_PVM_IRQHandler
                0x08002508                SPI2_IRQHandler
                0x08002508                DMA2_Channel5_IRQHandler
                0x08002508                CRS_IRQHandler
                0x08002508                DMA1_Channel5_IRQHandler
                0x08002508                USB_LP_IRQHandler
                0x08002508                RNG_IRQHandler
                0x08002508                DMA1_Channel3_IRQHandler
                0x08002508                WWDG_IRQHandler
                0x08002508                LPUART1_IRQHandler
                0x08002508                DMA2_Channel6_IRQHandler
                0x08002508                FDCAN1_IT0_IRQHandler
                0x08002508                TIM2_IRQHandler
                0x08002508                COMP1_2_3_IRQHandler
                0x08002508                EXTI1_IRQHandler
                0x08002508                I2C2_ER_IRQHandler
                0x08002508                DMA1_Channel2_IRQHandler
                0x08002508                TIM8_BRK_IRQHandler
                0x08002508                FLASH_IRQHandler
                0x08002508                USART1_IRQHandler
                0x08002508                SPI3_IRQHandler
                0x08002508                I2C1_ER_IRQHandler
                0x08002508                LPTIM1_IRQHandler
                0x08002508                DMAMUX_OVR_IRQHandler
                0x08002508                USBWakeUp_IRQHandler
                0x08002508                SAI1_IRQHandler
                0x08002508                DMA2_Channel3_IRQHandler
                0x08002508                COMP4_IRQHandler
                0x08002508                TIM1_BRK_TIM15_IRQHandler
 .text.HAL_Init
                0x0800250a       0x1e CMakeFiles/2PID_steer_dataro.elf.dir/Drivers/STM32G4xx_HAL_Driver/Src/stm32g4xx_hal.c.obj
                0x0800250a                HAL_Init
 .text.HAL_IncTick
                0x08002528       0x18 CMakeFiles/2PID_steer_dataro.elf.dir/Drivers/STM32G4xx_HAL_Driver/Src/stm32g4xx_hal.c.obj
                0x08002528                HAL_IncTick
 .text.HAL_GetTick
                0x08002540        0xc CMakeFiles/2PID_steer_dataro.elf.dir/Drivers/STM32G4xx_HAL_Driver/Src/stm32g4xx_hal.c.obj
                0x08002540                HAL_GetTick
 .text.HAL_Delay
                0x0800254c       0x28 CMakeFiles/2PID_steer_dataro.elf.dir/Drivers/STM32G4xx_HAL_Driver/Src/stm32g4xx_hal.c.obj
                0x0800254c                HAL_Delay
 .text.HAL_NVIC_SetPriorityGrouping
                0x08002574       0x24 CMakeFiles/2PID_steer_dataro.elf.dir/Drivers/STM32G4xx_HAL_Driver/Src/stm32g4xx_hal_cortex.c.obj
                0x08002574                HAL_NVIC_SetPriorityGrouping
 .text.HAL_NVIC_SetPriority
                0x08002598       0x70 CMakeFiles/2PID_steer_dataro.elf.dir/Drivers/STM32G4xx_HAL_Driver/Src/stm32g4xx_hal_cortex.c.obj
                0x08002598                HAL_NVIC_SetPriority
 .text.HAL_NVIC_EnableIRQ
                0x08002608       0x1c CMakeFiles/2PID_steer_dataro.elf.dir/Drivers/STM32G4xx_HAL_Driver/Src/stm32g4xx_hal_cortex.c.obj
                0x08002608                HAL_NVIC_EnableIRQ
 .text.HAL_DMA_Abort
                0x08002624       0x6c CMakeFiles/2PID_steer_dataro.elf.dir/Drivers/STM32G4xx_HAL_Driver/Src/stm32g4xx_hal_dma.c.obj
                0x08002624                HAL_DMA_Abort
 .text.HAL_DMA_Abort_IT
                0x08002690       0x7e CMakeFiles/2PID_steer_dataro.elf.dir/Drivers/STM32G4xx_HAL_Driver/Src/stm32g4xx_hal_dma.c.obj
                0x08002690                HAL_DMA_Abort_IT
 *fill*         0x0800270e        0x2 
 .text.HAL_GPIO_Init
                0x08002710      0x1b4 CMakeFiles/2PID_steer_dataro.elf.dir/Drivers/STM32G4xx_HAL_Driver/Src/stm32g4xx_hal_gpio.c.obj
                0x08002710                HAL_GPIO_Init
 .text.HAL_GPIO_WritePin
                0x080028c4        0xa CMakeFiles/2PID_steer_dataro.elf.dir/Drivers/STM32G4xx_HAL_Driver/Src/stm32g4xx_hal_gpio.c.obj
                0x080028c4                HAL_GPIO_WritePin
 *fill*         0x080028ce        0x2 
 .text.HAL_GPIO_EXTI_IRQHandler
                0x080028d0       0x1c CMakeFiles/2PID_steer_dataro.elf.dir/Drivers/STM32G4xx_HAL_Driver/Src/stm32g4xx_hal_gpio.c.obj
                0x080028d0                HAL_GPIO_EXTI_IRQHandler
 .text.HAL_PWREx_ControlVoltageScaling
                0x080028ec      0x10c CMakeFiles/2PID_steer_dataro.elf.dir/Drivers/STM32G4xx_HAL_Driver/Src/stm32g4xx_hal_pwr_ex.c.obj
                0x080028ec                HAL_PWREx_ControlVoltageScaling
 .text.HAL_PWREx_DisableUCPDDeadBattery
                0x080029f8       0x10 CMakeFiles/2PID_steer_dataro.elf.dir/Drivers/STM32G4xx_HAL_Driver/Src/stm32g4xx_hal_pwr_ex.c.obj
                0x080029f8                HAL_PWREx_DisableUCPDDeadBattery
 .text.RCC_GetSysClockFreqFromPLLSource
                0x08002a08       0x58 CMakeFiles/2PID_steer_dataro.elf.dir/Drivers/STM32G4xx_HAL_Driver/Src/stm32g4xx_hal_rcc.c.obj
 .text.HAL_RCC_OscConfig
                0x08002a60      0x4e8 CMakeFiles/2PID_steer_dataro.elf.dir/Drivers/STM32G4xx_HAL_Driver/Src/stm32g4xx_hal_rcc.c.obj
                0x08002a60                HAL_RCC_OscConfig
 .text.HAL_RCC_GetSysClockFreq
                0x08002f48       0x88 CMakeFiles/2PID_steer_dataro.elf.dir/Drivers/STM32G4xx_HAL_Driver/Src/stm32g4xx_hal_rcc.c.obj
                0x08002f48                HAL_RCC_GetSysClockFreq
 .text.HAL_RCC_ClockConfig
                0x08002fd0      0x1f8 CMakeFiles/2PID_steer_dataro.elf.dir/Drivers/STM32G4xx_HAL_Driver/Src/stm32g4xx_hal_rcc.c.obj
                0x08002fd0                HAL_RCC_ClockConfig
 .text.HAL_RCC_GetHCLKFreq
                0x080031c8        0xc CMakeFiles/2PID_steer_dataro.elf.dir/Drivers/STM32G4xx_HAL_Driver/Src/stm32g4xx_hal_rcc.c.obj
                0x080031c8                HAL_RCC_GetHCLKFreq
 .text.HAL_RCC_GetPCLK1Freq
                0x080031d4       0x24 CMakeFiles/2PID_steer_dataro.elf.dir/Drivers/STM32G4xx_HAL_Driver/Src/stm32g4xx_hal_rcc.c.obj
                0x080031d4                HAL_RCC_GetPCLK1Freq
 .text.HAL_RCC_GetPCLK2Freq
                0x080031f8       0x24 CMakeFiles/2PID_steer_dataro.elf.dir/Drivers/STM32G4xx_HAL_Driver/Src/stm32g4xx_hal_rcc.c.obj
                0x080031f8                HAL_RCC_GetPCLK2Freq
 .text.HAL_RCC_GetClockConfig
                0x0800321c       0x3c CMakeFiles/2PID_steer_dataro.elf.dir/Drivers/STM32G4xx_HAL_Driver/Src/stm32g4xx_hal_rcc.c.obj
                0x0800321c                HAL_RCC_GetClockConfig
 .text.HAL_RCCEx_PeriphCLKConfig
                0x08003258      0x2e4 CMakeFiles/2PID_steer_dataro.elf.dir/Drivers/STM32G4xx_HAL_Driver/Src/stm32g4xx_hal_rcc_ex.c.obj
                0x08003258                HAL_RCCEx_PeriphCLKConfig
 .text.TIM_OC1_SetConfig
                0x0800353c       0xa0 CMakeFiles/2PID_steer_dataro.elf.dir/Drivers/STM32G4xx_HAL_Driver/Src/stm32g4xx_hal_tim.c.obj
 .text.TIM_OC3_SetConfig
                0x080035dc       0x8c CMakeFiles/2PID_steer_dataro.elf.dir/Drivers/STM32G4xx_HAL_Driver/Src/stm32g4xx_hal_tim.c.obj
 .text.TIM_OC4_SetConfig
                0x08003668       0x8c CMakeFiles/2PID_steer_dataro.elf.dir/Drivers/STM32G4xx_HAL_Driver/Src/stm32g4xx_hal_tim.c.obj
 .text.TIM_OC5_SetConfig
                0x080036f4       0x68 CMakeFiles/2PID_steer_dataro.elf.dir/Drivers/STM32G4xx_HAL_Driver/Src/stm32g4xx_hal_tim.c.obj
 .text.TIM_OC6_SetConfig
                0x0800375c       0x6c CMakeFiles/2PID_steer_dataro.elf.dir/Drivers/STM32G4xx_HAL_Driver/Src/stm32g4xx_hal_tim.c.obj
 .text.TIM_TI1_ConfigInputStage
                0x080037c8       0x24 CMakeFiles/2PID_steer_dataro.elf.dir/Drivers/STM32G4xx_HAL_Driver/Src/stm32g4xx_hal_tim.c.obj
 .text.TIM_TI2_ConfigInputStage
                0x080037ec       0x26 CMakeFiles/2PID_steer_dataro.elf.dir/Drivers/STM32G4xx_HAL_Driver/Src/stm32g4xx_hal_tim.c.obj
 .text.TIM_ITRx_SetConfig
                0x08003812       0x14 CMakeFiles/2PID_steer_dataro.elf.dir/Drivers/STM32G4xx_HAL_Driver/Src/stm32g4xx_hal_tim.c.obj
 *fill*         0x08003826        0x2 
 .text.HAL_TIM_Base_Start_IT
                0x08003828       0x84 CMakeFiles/2PID_steer_dataro.elf.dir/Drivers/STM32G4xx_HAL_Driver/Src/stm32g4xx_hal_tim.c.obj
                0x08003828                HAL_TIM_Base_Start_IT
 .text.HAL_TIM_PWM_MspInit
                0x080038ac        0x2 CMakeFiles/2PID_steer_dataro.elf.dir/Drivers/STM32G4xx_HAL_Driver/Src/stm32g4xx_hal_tim.c.obj
                0x080038ac                HAL_TIM_PWM_MspInit
 .text.HAL_TIM_OC_DelayElapsedCallback
                0x080038ae        0x2 CMakeFiles/2PID_steer_dataro.elf.dir/Drivers/STM32G4xx_HAL_Driver/Src/stm32g4xx_hal_tim.c.obj
                0x080038ae                HAL_TIM_OC_DelayElapsedCallback
 .text.HAL_TIM_IC_CaptureCallback
                0x080038b0        0x2 CMakeFiles/2PID_steer_dataro.elf.dir/Drivers/STM32G4xx_HAL_Driver/Src/stm32g4xx_hal_tim.c.obj
                0x080038b0                HAL_TIM_IC_CaptureCallback
 .text.HAL_TIM_PWM_PulseFinishedCallback
                0x080038b2        0x2 CMakeFiles/2PID_steer_dataro.elf.dir/Drivers/STM32G4xx_HAL_Driver/Src/stm32g4xx_hal_tim.c.obj
                0x080038b2                HAL_TIM_PWM_PulseFinishedCallback
 .text.HAL_TIM_TriggerCallback
                0x080038b4        0x2 CMakeFiles/2PID_steer_dataro.elf.dir/Drivers/STM32G4xx_HAL_Driver/Src/stm32g4xx_hal_tim.c.obj
                0x080038b4                HAL_TIM_TriggerCallback
 .text.HAL_TIM_IRQHandler
                0x080038b6      0x21e CMakeFiles/2PID_steer_dataro.elf.dir/Drivers/STM32G4xx_HAL_Driver/Src/stm32g4xx_hal_tim.c.obj
                0x080038b6                HAL_TIM_IRQHandler
 .text.TIM_Base_SetConfig
                0x08003ad4       0xb8 CMakeFiles/2PID_steer_dataro.elf.dir/Drivers/STM32G4xx_HAL_Driver/Src/stm32g4xx_hal_tim.c.obj
                0x08003ad4                TIM_Base_SetConfig
 .text.HAL_TIM_Base_Init
                0x08003b8c       0x60 CMakeFiles/2PID_steer_dataro.elf.dir/Drivers/STM32G4xx_HAL_Driver/Src/stm32g4xx_hal_tim.c.obj
                0x08003b8c                HAL_TIM_Base_Init
 .text.HAL_TIM_PWM_Init
                0x08003bec       0x60 CMakeFiles/2PID_steer_dataro.elf.dir/Drivers/STM32G4xx_HAL_Driver/Src/stm32g4xx_hal_tim.c.obj
                0x08003bec                HAL_TIM_PWM_Init
 .text.HAL_TIM_Encoder_Init
                0x08003c4c       0xb8 CMakeFiles/2PID_steer_dataro.elf.dir/Drivers/STM32G4xx_HAL_Driver/Src/stm32g4xx_hal_tim.c.obj
                0x08003c4c                HAL_TIM_Encoder_Init
 .text.TIM_OC2_SetConfig
                0x08003d04       0x8c CMakeFiles/2PID_steer_dataro.elf.dir/Drivers/STM32G4xx_HAL_Driver/Src/stm32g4xx_hal_tim.c.obj
                0x08003d04                TIM_OC2_SetConfig
 .text.HAL_TIM_PWM_ConfigChannel
                0x08003d90      0x128 CMakeFiles/2PID_steer_dataro.elf.dir/Drivers/STM32G4xx_HAL_Driver/Src/stm32g4xx_hal_tim.c.obj
                0x08003d90                HAL_TIM_PWM_ConfigChannel
 .text.TIM_ETR_SetConfig
                0x08003eb8       0x18 CMakeFiles/2PID_steer_dataro.elf.dir/Drivers/STM32G4xx_HAL_Driver/Src/stm32g4xx_hal_tim.c.obj
                0x08003eb8                TIM_ETR_SetConfig
 .text.HAL_TIM_ConfigClockSource
                0x08003ed0      0x108 CMakeFiles/2PID_steer_dataro.elf.dir/Drivers/STM32G4xx_HAL_Driver/Src/stm32g4xx_hal_tim.c.obj
                0x08003ed0                HAL_TIM_ConfigClockSource
 .text.TIM_CCxChannelCmd
                0x08003fd8       0x1e CMakeFiles/2PID_steer_dataro.elf.dir/Drivers/STM32G4xx_HAL_Driver/Src/stm32g4xx_hal_tim.c.obj
                0x08003fd8                TIM_CCxChannelCmd
 *fill*         0x08003ff6        0x2 
 .text.HAL_TIM_PWM_Start
                0x08003ff8      0x158 CMakeFiles/2PID_steer_dataro.elf.dir/Drivers/STM32G4xx_HAL_Driver/Src/stm32g4xx_hal_tim.c.obj
                0x08003ff8                HAL_TIM_PWM_Start
 .text.HAL_TIM_Encoder_Start
                0x08004150       0xcc CMakeFiles/2PID_steer_dataro.elf.dir/Drivers/STM32G4xx_HAL_Driver/Src/stm32g4xx_hal_tim.c.obj
                0x08004150                HAL_TIM_Encoder_Start
 .text.HAL_TIMEx_MasterConfigSynchronization
                0x0800421c       0x94 CMakeFiles/2PID_steer_dataro.elf.dir/Drivers/STM32G4xx_HAL_Driver/Src/stm32g4xx_hal_tim_ex.c.obj
                0x0800421c                HAL_TIMEx_MasterConfigSynchronization
 .text.HAL_TIMEx_CommutCallback
                0x080042b0        0x2 CMakeFiles/2PID_steer_dataro.elf.dir/Drivers/STM32G4xx_HAL_Driver/Src/stm32g4xx_hal_tim_ex.c.obj
                0x080042b0                HAL_TIMEx_CommutCallback
 .text.HAL_TIMEx_BreakCallback
                0x080042b2        0x2 CMakeFiles/2PID_steer_dataro.elf.dir/Drivers/STM32G4xx_HAL_Driver/Src/stm32g4xx_hal_tim_ex.c.obj
                0x080042b2                HAL_TIMEx_BreakCallback
 .text.HAL_TIMEx_Break2Callback
                0x080042b4        0x2 CMakeFiles/2PID_steer_dataro.elf.dir/Drivers/STM32G4xx_HAL_Driver/Src/stm32g4xx_hal_tim_ex.c.obj
                0x080042b4                HAL_TIMEx_Break2Callback
 .text.HAL_TIMEx_EncoderIndexCallback
                0x080042b6        0x2 CMakeFiles/2PID_steer_dataro.elf.dir/Drivers/STM32G4xx_HAL_Driver/Src/stm32g4xx_hal_tim_ex.c.obj
                0x080042b6                HAL_TIMEx_EncoderIndexCallback
 .text.HAL_TIMEx_DirectionChangeCallback
                0x080042b8        0x2 CMakeFiles/2PID_steer_dataro.elf.dir/Drivers/STM32G4xx_HAL_Driver/Src/stm32g4xx_hal_tim_ex.c.obj
                0x080042b8                HAL_TIMEx_DirectionChangeCallback
 .text.HAL_TIMEx_IndexErrorCallback
                0x080042ba        0x2 CMakeFiles/2PID_steer_dataro.elf.dir/Drivers/STM32G4xx_HAL_Driver/Src/stm32g4xx_hal_tim_ex.c.obj
                0x080042ba                HAL_TIMEx_IndexErrorCallback
 .text.HAL_TIMEx_TransitionErrorCallback
                0x080042bc        0x2 CMakeFiles/2PID_steer_dataro.elf.dir/Drivers/STM32G4xx_HAL_Driver/Src/stm32g4xx_hal_tim_ex.c.obj
                0x080042bc                HAL_TIMEx_TransitionErrorCallback
 .text.UART_EndRxTransfer
                0x080042be       0x38 CMakeFiles/2PID_steer_dataro.elf.dir/Drivers/STM32G4xx_HAL_Driver/Src/stm32g4xx_hal_uart.c.obj
 .text.HAL_UART_TxCpltCallback
                0x080042f6        0x2 CMakeFiles/2PID_steer_dataro.elf.dir/Drivers/STM32G4xx_HAL_Driver/Src/stm32g4xx_hal_uart.c.obj
                0x080042f6                HAL_UART_TxCpltCallback
 .text.UART_EndTransmit_IT
                0x080042f8       0x1c CMakeFiles/2PID_steer_dataro.elf.dir/Drivers/STM32G4xx_HAL_Driver/Src/stm32g4xx_hal_uart.c.obj
 .text.HAL_UART_ErrorCallback
                0x08004314        0x2 CMakeFiles/2PID_steer_dataro.elf.dir/Drivers/STM32G4xx_HAL_Driver/Src/stm32g4xx_hal_uart.c.obj
                0x08004314                HAL_UART_ErrorCallback
 .text.UART_DMAAbortOnError
                0x08004316       0x14 CMakeFiles/2PID_steer_dataro.elf.dir/Drivers/STM32G4xx_HAL_Driver/Src/stm32g4xx_hal_uart.c.obj
 .text.HAL_UARTEx_RxEventCallback
                0x0800432a        0x2 CMakeFiles/2PID_steer_dataro.elf.dir/Drivers/STM32G4xx_HAL_Driver/Src/stm32g4xx_hal_uart.c.obj
                0x0800432a                HAL_UARTEx_RxEventCallback
 .text.HAL_UART_IRQHandler
                0x0800432c      0x2d8 CMakeFiles/2PID_steer_dataro.elf.dir/Drivers/STM32G4xx_HAL_Driver/Src/stm32g4xx_hal_uart.c.obj
                0x0800432c                HAL_UART_IRQHandler
 .text.UART_RxISR_8BIT
                0x08004604       0x88 CMakeFiles/2PID_steer_dataro.elf.dir/Drivers/STM32G4xx_HAL_Driver/Src/stm32g4xx_hal_uart.c.obj
 .text.UART_RxISR_16BIT
                0x0800468c       0x86 CMakeFiles/2PID_steer_dataro.elf.dir/Drivers/STM32G4xx_HAL_Driver/Src/stm32g4xx_hal_uart.c.obj
 *fill*         0x08004712        0x2 
 .text.UART_RxISR_8BIT_FIFOEN
                0x08004714      0x158 CMakeFiles/2PID_steer_dataro.elf.dir/Drivers/STM32G4xx_HAL_Driver/Src/stm32g4xx_hal_uart.c.obj
 .text.UART_RxISR_16BIT_FIFOEN
                0x0800486c      0x158 CMakeFiles/2PID_steer_dataro.elf.dir/Drivers/STM32G4xx_HAL_Driver/Src/stm32g4xx_hal_uart.c.obj
 .text.UART_SetConfig
                0x080049c4      0x344 CMakeFiles/2PID_steer_dataro.elf.dir/Drivers/STM32G4xx_HAL_Driver/Src/stm32g4xx_hal_uart.c.obj
                0x080049c4                UART_SetConfig
 .text.UART_AdvFeatureConfig
                0x08004d08       0xca CMakeFiles/2PID_steer_dataro.elf.dir/Drivers/STM32G4xx_HAL_Driver/Src/stm32g4xx_hal_uart.c.obj
                0x08004d08                UART_AdvFeatureConfig
 .text.UART_WaitOnFlagUntilTimeout
                0x08004dd2       0xb0 CMakeFiles/2PID_steer_dataro.elf.dir/Drivers/STM32G4xx_HAL_Driver/Src/stm32g4xx_hal_uart.c.obj
                0x08004dd2                UART_WaitOnFlagUntilTimeout
 .text.HAL_UART_Transmit
                0x08004e82       0xde CMakeFiles/2PID_steer_dataro.elf.dir/Drivers/STM32G4xx_HAL_Driver/Src/stm32g4xx_hal_uart.c.obj
                0x08004e82                HAL_UART_Transmit
 .text.UART_CheckIdleState
                0x08004f60       0x74 CMakeFiles/2PID_steer_dataro.elf.dir/Drivers/STM32G4xx_HAL_Driver/Src/stm32g4xx_hal_uart.c.obj
                0x08004f60                UART_CheckIdleState
 .text.HAL_UART_Init
                0x08004fd4       0x66 CMakeFiles/2PID_steer_dataro.elf.dir/Drivers/STM32G4xx_HAL_Driver/Src/stm32g4xx_hal_uart.c.obj
                0x08004fd4                HAL_UART_Init
 *fill*         0x0800503a        0x2 
 .text.UART_Start_Receive_IT
                0x0800503c       0xf8 CMakeFiles/2PID_steer_dataro.elf.dir/Drivers/STM32G4xx_HAL_Driver/Src/stm32g4xx_hal_uart.c.obj
                0x0800503c                UART_Start_Receive_IT
 .text.HAL_UART_Receive_IT
                0x08005134       0x54 CMakeFiles/2PID_steer_dataro.elf.dir/Drivers/STM32G4xx_HAL_Driver/Src/stm32g4xx_hal_uart.c.obj
                0x08005134                HAL_UART_Receive_IT
 .text.UARTEx_SetNbDataToProcess
                0x08005188       0x4c CMakeFiles/2PID_steer_dataro.elf.dir/Drivers/STM32G4xx_HAL_Driver/Src/stm32g4xx_hal_uart_ex.c.obj
 .text.HAL_UARTEx_WakeupCallback
                0x080051d4        0x2 CMakeFiles/2PID_steer_dataro.elf.dir/Drivers/STM32G4xx_HAL_Driver/Src/stm32g4xx_hal_uart_ex.c.obj
                0x080051d4                HAL_UARTEx_WakeupCallback
 .text.HAL_UARTEx_RxFifoFullCallback
                0x080051d6        0x2 CMakeFiles/2PID_steer_dataro.elf.dir/Drivers/STM32G4xx_HAL_Driver/Src/stm32g4xx_hal_uart_ex.c.obj
                0x080051d6                HAL_UARTEx_RxFifoFullCallback
 .text.HAL_UARTEx_TxFifoEmptyCallback
                0x080051d8        0x2 CMakeFiles/2PID_steer_dataro.elf.dir/Drivers/STM32G4xx_HAL_Driver/Src/stm32g4xx_hal_uart_ex.c.obj
                0x080051d8                HAL_UARTEx_TxFifoEmptyCallback
 .text.HAL_UARTEx_DisableFifoMode
                0x080051da       0x3e CMakeFiles/2PID_steer_dataro.elf.dir/Drivers/STM32G4xx_HAL_Driver/Src/stm32g4xx_hal_uart_ex.c.obj
                0x080051da                HAL_UARTEx_DisableFifoMode
 .text.HAL_UARTEx_SetTxFifoThreshold
                0x08005218       0x4a CMakeFiles/2PID_steer_dataro.elf.dir/Drivers/STM32G4xx_HAL_Driver/Src/stm32g4xx_hal_uart_ex.c.obj
                0x08005218                HAL_UARTEx_SetTxFifoThreshold
 .text.HAL_UARTEx_SetRxFifoThreshold
                0x08005262       0x4a CMakeFiles/2PID_steer_dataro.elf.dir/Drivers/STM32G4xx_HAL_Driver/Src/stm32g4xx_hal_uart_ex.c.obj
                0x08005262                HAL_UARTEx_SetRxFifoThreshold
 .text.atoff    0x080052ac        0x8 c:/progra~2/gnuarm~1/102021~1.10/bin/../lib/gcc/arm-none-eabi/10.3.1/../../../../arm-none-eabi/lib/thumb/v7e-m/nofp\libg.a(lib_a-atoff.o)
                0x080052ac                atoff
 .text.__errno  0x080052b4        0xc c:/progra~2/gnuarm~1/102021~1.10/bin/../lib/gcc/arm-none-eabi/10.3.1/../../../../arm-none-eabi/lib/thumb/v7e-m/nofp\libg.a(lib_a-errno.o)
                0x080052b4                __errno
 .text.__libc_init_array
                0x080052c0       0x48 c:/progra~2/gnuarm~1/102021~1.10/bin/../lib/gcc/arm-none-eabi/10.3.1/../../../../arm-none-eabi/lib/thumb/v7e-m/nofp\libg.a(lib_a-init.o)
                0x080052c0                __libc_init_array
 .text.memset   0x08005308       0xa4 c:/progra~2/gnuarm~1/102021~1.10/bin/../lib/gcc/arm-none-eabi/10.3.1/../../../../arm-none-eabi/lib/thumb/v7e-m/nofp\libg.a(lib_a-memset.o)
                0x08005308                memset
 .text.printf   0x080053ac       0x28 c:/progra~2/gnuarm~1/102021~1.10/bin/../lib/gcc/arm-none-eabi/10.3.1/../../../../arm-none-eabi/lib/thumb/v7e-m/nofp\libg.a(lib_a-printf.o)
                0x080053ac                printf
 .text.setbuf   0x080053d4       0x10 c:/progra~2/gnuarm~1/102021~1.10/bin/../lib/gcc/arm-none-eabi/10.3.1/../../../../arm-none-eabi/lib/thumb/v7e-m/nofp\libg.a(lib_a-setbuf.o)
                0x080053d4                setbuf
 .text.setvbuf  0x080053e4      0x1b0 c:/progra~2/gnuarm~1/102021~1.10/bin/../lib/gcc/arm-none-eabi/10.3.1/../../../../arm-none-eabi/lib/thumb/v7e-m/nofp\libg.a(lib_a-setvbuf.o)
                0x080053e4                setvbuf
 *fill*         0x08005594        0x4 
 .text._strtod_l
                0x08005598      0xf30 c:/progra~2/gnuarm~1/102021~1.10/bin/../lib/gcc/arm-none-eabi/10.3.1/../../../../arm-none-eabi/lib/thumb/v7e-m/nofp\libg.a(lib_a-strtod.o)
                0x08005598                _strtod_l
 .text.strtof   0x080064c8       0xa0 c:/progra~2/gnuarm~1/102021~1.10/bin/../lib/gcc/arm-none-eabi/10.3.1/../../../../arm-none-eabi/lib/thumb/v7e-m/nofp\libg.a(lib_a-strtod.o)
                0x080064c8                strtof
 .text._vfprintf_r
                0x08006568     0x1ad4 c:/progra~2/gnuarm~1/102021~1.10/bin/../lib/gcc/arm-none-eabi/10.3.1/../../../../arm-none-eabi/lib/thumb/v7e-m/nofp\libg.a(lib_a-vfprintf.o)
                0x08006568                _vfprintf_r
 .text.__sbprintf
                0x0800803c       0x80 c:/progra~2/gnuarm~1/102021~1.10/bin/../lib/gcc/arm-none-eabi/10.3.1/../../../../arm-none-eabi/lib/thumb/v7e-m/nofp\libg.a(lib_a-vfprintf.o)
 .text.__swsetup_r
                0x080080bc       0xd4 c:/progra~2/gnuarm~1/102021~1.10/bin/../lib/gcc/arm-none-eabi/10.3.1/../../../../arm-none-eabi/lib/thumb/v7e-m/nofp\libg.a(lib_a-wsetup.o)
                0x080080bc                __swsetup_r
 .text.startup.register_fini
                0x08008190       0x14 c:/progra~2/gnuarm~1/102021~1.10/bin/../lib/gcc/arm-none-eabi/10.3.1/../../../../arm-none-eabi/lib/thumb/v7e-m/nofp\libg.a(lib_a-__call_atexit.o)
 .text.atexit   0x080081a4        0xc c:/progra~2/gnuarm~1/102021~1.10/bin/../lib/gcc/arm-none-eabi/10.3.1/../../../../arm-none-eabi/lib/thumb/v7e-m/nofp\libg.a(lib_a-atexit.o)
                0x080081a4                atexit
 .text.quorem   0x080081b0      0x124 c:/progra~2/gnuarm~1/102021~1.10/bin/../lib/gcc/arm-none-eabi/10.3.1/../../../../arm-none-eabi/lib/thumb/v7e-m/nofp\libg.a(lib_a-dtoa.o)
 *fill*         0x080082d4        0x4 
 .text._dtoa_r  0x080082d8      0xec4 c:/progra~2/gnuarm~1/102021~1.10/bin/../lib/gcc/arm-none-eabi/10.3.1/../../../../arm-none-eabi/lib/thumb/v7e-m/nofp\libg.a(lib_a-dtoa.o)
                0x080082d8                _dtoa_r
 .text.__sflush_r
                0x0800919c      0x120 c:/progra~2/gnuarm~1/102021~1.10/bin/../lib/gcc/arm-none-eabi/10.3.1/../../../../arm-none-eabi/lib/thumb/v7e-m/nofp\libg.a(lib_a-fflush.o)
                0x0800919c                __sflush_r
 .text._fflush_r
                0x080092bc       0x5c c:/progra~2/gnuarm~1/102021~1.10/bin/../lib/gcc/arm-none-eabi/10.3.1/../../../../arm-none-eabi/lib/thumb/v7e-m/nofp\libg.a(lib_a-fflush.o)
                0x080092bc                _fflush_r
 .text._cleanup_r
                0x08009318        0xc c:/progra~2/gnuarm~1/102021~1.10/bin/../lib/gcc/arm-none-eabi/10.3.1/../../../../arm-none-eabi/lib/thumb/v7e-m/nofp\libg.a(lib_a-findfp.o)
                0x08009318                _cleanup_r
 .text.__sinit  0x08009324      0x10c c:/progra~2/gnuarm~1/102021~1.10/bin/../lib/gcc/arm-none-eabi/10.3.1/../../../../arm-none-eabi/lib/thumb/v7e-m/nofp\libg.a(lib_a-findfp.o)
                0x08009324                __sinit
 .text.__sfp_lock_acquire
                0x08009430        0xc c:/progra~2/gnuarm~1/102021~1.10/bin/../lib/gcc/arm-none-eabi/10.3.1/../../../../arm-none-eabi/lib/thumb/v7e-m/nofp\libg.a(lib_a-findfp.o)
                0x08009430                __sfp_lock_acquire
 .text.__sfp_lock_release
                0x0800943c        0xc c:/progra~2/gnuarm~1/102021~1.10/bin/../lib/gcc/arm-none-eabi/10.3.1/../../../../arm-none-eabi/lib/thumb/v7e-m/nofp\libg.a(lib_a-findfp.o)
                0x0800943c                __sfp_lock_release
 .text.__libc_fini_array
                0x08009448       0x2c c:/progra~2/gnuarm~1/102021~1.10/bin/../lib/gcc/arm-none-eabi/10.3.1/../../../../arm-none-eabi/lib/thumb/v7e-m/nofp\libg.a(lib_a-fini.o)
                0x08009448                __libc_fini_array
 .text._malloc_trim_r
                0x08009474       0xa0 c:/progra~2/gnuarm~1/102021~1.10/bin/../lib/gcc/arm-none-eabi/10.3.1/../../../../arm-none-eabi/lib/thumb/v7e-m/nofp\libg.a(lib_a-freer.o)
                0x08009474                _malloc_trim_r
 .text._free_r  0x08009514      0x20c c:/progra~2/gnuarm~1/102021~1.10/bin/../lib/gcc/arm-none-eabi/10.3.1/../../../../arm-none-eabi/lib/thumb/v7e-m/nofp\libg.a(lib_a-freer.o)
                0x08009514                _free_r
 .text._fwalk_reent
                0x08009720       0x48 c:/progra~2/gnuarm~1/102021~1.10/bin/../lib/gcc/arm-none-eabi/10.3.1/../../../../arm-none-eabi/lib/thumb/v7e-m/nofp\libg.a(lib_a-fwalk.o)
                0x08009720                _fwalk_reent
 .text.rshift   0x08009768       0xa4 c:/progra~2/gnuarm~1/102021~1.10/bin/../lib/gcc/arm-none-eabi/10.3.1/../../../../arm-none-eabi/lib/thumb/v7e-m/nofp\libg.a(lib_a-gdtoa-gethex.o)
 .text.__gethex
                0x0800980c      0x5bc c:/progra~2/gnuarm~1/102021~1.10/bin/../lib/gcc/arm-none-eabi/10.3.1/../../../../arm-none-eabi/lib/thumb/v7e-m/nofp\libg.a(lib_a-gdtoa-gethex.o)
                0x0800980c                __gethex
 .text.__match  0x08009dc8       0x34 c:/progra~2/gnuarm~1/102021~1.10/bin/../lib/gcc/arm-none-eabi/10.3.1/../../../../arm-none-eabi/lib/thumb/v7e-m/nofp\libg.a(lib_a-gdtoa-hexnan.o)
                0x08009dc8                __match
 .text.__hexnan
                0x08009dfc      0x1ac c:/progra~2/gnuarm~1/102021~1.10/bin/../lib/gcc/arm-none-eabi/10.3.1/../../../../arm-none-eabi/lib/thumb/v7e-m/nofp\libg.a(lib_a-gdtoa-hexnan.o)
                0x08009dfc                __hexnan
 .text.__locale_mb_cur_max
                0x08009fa8        0xc c:/progra~2/gnuarm~1/102021~1.10/bin/../lib/gcc/arm-none-eabi/10.3.1/../../../../arm-none-eabi/lib/thumb/v7e-m/nofp\libg.a(lib_a-locale.o)
                0x08009fa8                __locale_mb_cur_max
 .text._localeconv_r
                0x08009fb4        0x8 c:/progra~2/gnuarm~1/102021~1.10/bin/../lib/gcc/arm-none-eabi/10.3.1/../../../../arm-none-eabi/lib/thumb/v7e-m/nofp\libg.a(lib_a-localeconv.o)
                0x08009fb4                _localeconv_r
 .text.__retarget_lock_init_recursive
                0x08009fbc        0x4 c:/progra~2/gnuarm~1/102021~1.10/bin/../lib/gcc/arm-none-eabi/10.3.1/../../../../arm-none-eabi/lib/thumb/v7e-m/nofp\libg.a(lib_a-lock.o)
                0x08009fbc                __retarget_lock_init_recursive
 .text.__retarget_lock_close_recursive
                0x08009fc0        0x4 c:/progra~2/gnuarm~1/102021~1.10/bin/../lib/gcc/arm-none-eabi/10.3.1/../../../../arm-none-eabi/lib/thumb/v7e-m/nofp\libg.a(lib_a-lock.o)
                0x08009fc0                __retarget_lock_close_recursive
 .text.__retarget_lock_acquire_recursive
                0x08009fc4        0x4 c:/progra~2/gnuarm~1/102021~1.10/bin/../lib/gcc/arm-none-eabi/10.3.1/../../../../arm-none-eabi/lib/thumb/v7e-m/nofp\libg.a(lib_a-lock.o)
                0x08009fc4                __retarget_lock_acquire_recursive
 .text.__retarget_lock_release_recursive
                0x08009fc8        0x4 c:/progra~2/gnuarm~1/102021~1.10/bin/../lib/gcc/arm-none-eabi/10.3.1/../../../../arm-none-eabi/lib/thumb/v7e-m/nofp\libg.a(lib_a-lock.o)
                0x08009fc8                __retarget_lock_release_recursive
 .text.__smakebuf_r
                0x08009fcc       0xe0 c:/progra~2/gnuarm~1/102021~1.10/bin/../lib/gcc/arm-none-eabi/10.3.1/../../../../arm-none-eabi/lib/thumb/v7e-m/nofp\libg.a(lib_a-makebuf.o)
                0x08009fcc                __smakebuf_r
 .text.__swhatbuf_r
                0x0800a0ac       0x60 c:/progra~2/gnuarm~1/102021~1.10/bin/../lib/gcc/arm-none-eabi/10.3.1/../../../../arm-none-eabi/lib/thumb/v7e-m/nofp\libg.a(lib_a-makebuf.o)
                0x0800a0ac                __swhatbuf_r
 .text.malloc   0x0800a10c       0x10 c:/progra~2/gnuarm~1/102021~1.10/bin/../lib/gcc/arm-none-eabi/10.3.1/../../../../arm-none-eabi/lib/thumb/v7e-m/nofp\libg.a(lib_a-malloc.o)
                0x0800a10c                malloc
 .text._malloc_r
                0x0800a11c      0x560 c:/progra~2/gnuarm~1/102021~1.10/bin/../lib/gcc/arm-none-eabi/10.3.1/../../../../arm-none-eabi/lib/thumb/v7e-m/nofp\libg.a(lib_a-mallocr.o)
                0x0800a11c                _malloc_r
 .text.__ascii_mbtowc
                0x0800a67c       0x2c c:/progra~2/gnuarm~1/102021~1.10/bin/../lib/gcc/arm-none-eabi/10.3.1/../../../../arm-none-eabi/lib/thumb/v7e-m/nofp\libg.a(lib_a-mbtowc_r.o)
                0x0800a67c                __ascii_mbtowc
 .text.__malloc_lock
                0x0800a6a8        0xc c:/progra~2/gnuarm~1/102021~1.10/bin/../lib/gcc/arm-none-eabi/10.3.1/../../../../arm-none-eabi/lib/thumb/v7e-m/nofp\libg.a(lib_a-mlock.o)
                0x0800a6a8                __malloc_lock
 .text.__malloc_unlock
                0x0800a6b4        0xc c:/progra~2/gnuarm~1/102021~1.10/bin/../lib/gcc/arm-none-eabi/10.3.1/../../../../arm-none-eabi/lib/thumb/v7e-m/nofp\libg.a(lib_a-mlock.o)
                0x0800a6b4                __malloc_unlock
 .text._Balloc  0x0800a6c0       0x4c c:/progra~2/gnuarm~1/102021~1.10/bin/../lib/gcc/arm-none-eabi/10.3.1/../../../../arm-none-eabi/lib/thumb/v7e-m/nofp\libg.a(lib_a-mprec.o)
                0x0800a6c0                _Balloc
 .text._Bfree   0x0800a70c       0x14 c:/progra~2/gnuarm~1/102021~1.10/bin/../lib/gcc/arm-none-eabi/10.3.1/../../../../arm-none-eabi/lib/thumb/v7e-m/nofp\libg.a(lib_a-mprec.o)
                0x0800a70c                _Bfree
 .text.__multadd
                0x0800a720       0xa0 c:/progra~2/gnuarm~1/102021~1.10/bin/../lib/gcc/arm-none-eabi/10.3.1/../../../../arm-none-eabi/lib/thumb/v7e-m/nofp\libg.a(lib_a-mprec.o)
                0x0800a720                __multadd
 .text.__s2b    0x0800a7c0       0xb4 c:/progra~2/gnuarm~1/102021~1.10/bin/../lib/gcc/arm-none-eabi/10.3.1/../../../../arm-none-eabi/lib/thumb/v7e-m/nofp\libg.a(lib_a-mprec.o)
                0x0800a7c0                __s2b
 .text.__hi0bits
                0x0800a874       0x40 c:/progra~2/gnuarm~1/102021~1.10/bin/../lib/gcc/arm-none-eabi/10.3.1/../../../../arm-none-eabi/lib/thumb/v7e-m/nofp\libg.a(lib_a-mprec.o)
                0x0800a874                __hi0bits
 .text.__lo0bits
                0x0800a8b4       0x5c c:/progra~2/gnuarm~1/102021~1.10/bin/../lib/gcc/arm-none-eabi/10.3.1/../../../../arm-none-eabi/lib/thumb/v7e-m/nofp\libg.a(lib_a-mprec.o)
                0x0800a8b4                __lo0bits
 .text.__i2b    0x0800a910       0x5c c:/progra~2/gnuarm~1/102021~1.10/bin/../lib/gcc/arm-none-eabi/10.3.1/../../../../arm-none-eabi/lib/thumb/v7e-m/nofp\libg.a(lib_a-mprec.o)
                0x0800a910                __i2b
 .text.__multiply
                0x0800a96c      0x15c c:/progra~2/gnuarm~1/102021~1.10/bin/../lib/gcc/arm-none-eabi/10.3.1/../../../../arm-none-eabi/lib/thumb/v7e-m/nofp\libg.a(lib_a-mprec.o)
                0x0800a96c                __multiply
 .text.__pow5mult
                0x0800aac8       0xc0 c:/progra~2/gnuarm~1/102021~1.10/bin/../lib/gcc/arm-none-eabi/10.3.1/../../../../arm-none-eabi/lib/thumb/v7e-m/nofp\libg.a(lib_a-mprec.o)
                0x0800aac8                __pow5mult
 .text.__lshift
                0x0800ab88       0xf0 c:/progra~2/gnuarm~1/102021~1.10/bin/../lib/gcc/arm-none-eabi/10.3.1/../../../../arm-none-eabi/lib/thumb/v7e-m/nofp\libg.a(lib_a-mprec.o)
                0x0800ab88                __lshift
 .text.__mcmp   0x0800ac78       0x40 c:/progra~2/gnuarm~1/102021~1.10/bin/../lib/gcc/arm-none-eabi/10.3.1/../../../../arm-none-eabi/lib/thumb/v7e-m/nofp\libg.a(lib_a-mprec.o)
                0x0800ac78                __mcmp
 .text.__mdiff  0x0800acb8      0x14c c:/progra~2/gnuarm~1/102021~1.10/bin/../lib/gcc/arm-none-eabi/10.3.1/../../../../arm-none-eabi/lib/thumb/v7e-m/nofp\libg.a(lib_a-mprec.o)
                0x0800acb8                __mdiff
 .text.__ulp    0x0800ae04       0x44 c:/progra~2/gnuarm~1/102021~1.10/bin/../lib/gcc/arm-none-eabi/10.3.1/../../../../arm-none-eabi/lib/thumb/v7e-m/nofp\libg.a(lib_a-mprec.o)
                0x0800ae04                __ulp
 .text.__b2d    0x0800ae48       0xd0 c:/progra~2/gnuarm~1/102021~1.10/bin/../lib/gcc/arm-none-eabi/10.3.1/../../../../arm-none-eabi/lib/thumb/v7e-m/nofp\libg.a(lib_a-mprec.o)
                0x0800ae48                __b2d
 .text.__d2b    0x0800af18       0xc4 c:/progra~2/gnuarm~1/102021~1.10/bin/../lib/gcc/arm-none-eabi/10.3.1/../../../../arm-none-eabi/lib/thumb/v7e-m/nofp\libg.a(lib_a-mprec.o)
                0x0800af18                __d2b
 .text.__ratio  0x0800afdc       0x5c c:/progra~2/gnuarm~1/102021~1.10/bin/../lib/gcc/arm-none-eabi/10.3.1/../../../../arm-none-eabi/lib/thumb/v7e-m/nofp\libg.a(lib_a-mprec.o)
                0x0800afdc                __ratio
 .text.__copybits
                0x0800b038       0x5c c:/progra~2/gnuarm~1/102021~1.10/bin/../lib/gcc/arm-none-eabi/10.3.1/../../../../arm-none-eabi/lib/thumb/v7e-m/nofp\libg.a(lib_a-mprec.o)
                0x0800b038                __copybits
 .text.__any_on
                0x0800b094       0x60 c:/progra~2/gnuarm~1/102021~1.10/bin/../lib/gcc/arm-none-eabi/10.3.1/../../../../arm-none-eabi/lib/thumb/v7e-m/nofp\libg.a(lib_a-mprec.o)
                0x0800b094                __any_on
 .text.frexp    0x0800b0f4       0x70 c:/progra~2/gnuarm~1/102021~1.10/bin/../lib/gcc/arm-none-eabi/10.3.1/../../../../arm-none-eabi/lib/thumb/v7e-m/nofp\libg.a(lib_a-s_frexp.o)
                0x0800b0f4                frexp
 .text.nan      0x0800b164        0xc c:/progra~2/gnuarm~1/102021~1.10/bin/../lib/gcc/arm-none-eabi/10.3.1/../../../../arm-none-eabi/lib/thumb/v7e-m/nofp\libg.a(lib_a-s_nan.o)
                0x0800b164                nan
 .text._sbrk_r  0x0800b170       0x24 c:/progra~2/gnuarm~1/102021~1.10/bin/../lib/gcc/arm-none-eabi/10.3.1/../../../../arm-none-eabi/lib/thumb/v7e-m/nofp\libg.a(lib_a-sbrkr.o)
                0x0800b170                _sbrk_r
 .text.nanf     0x0800b194        0x8 c:/progra~2/gnuarm~1/102021~1.10/bin/../lib/gcc/arm-none-eabi/10.3.1/../../../../arm-none-eabi/lib/thumb/v7e-m/nofp\libg.a(lib_a-sf_nan.o)
                0x0800b194                nanf
 .text.__sread  0x0800b19c       0x24 c:/progra~2/gnuarm~1/102021~1.10/bin/../lib/gcc/arm-none-eabi/10.3.1/../../../../arm-none-eabi/lib/thumb/v7e-m/nofp\libg.a(lib_a-stdio.o)
                0x0800b19c                __sread
 .text.__swrite
                0x0800b1c0       0x40 c:/progra~2/gnuarm~1/102021~1.10/bin/../lib/gcc/arm-none-eabi/10.3.1/../../../../arm-none-eabi/lib/thumb/v7e-m/nofp\libg.a(lib_a-stdio.o)
                0x0800b1c0                __swrite
 .text.__sseek  0x0800b200       0x20 c:/progra~2/gnuarm~1/102021~1.10/bin/../lib/gcc/arm-none-eabi/10.3.1/../../../../arm-none-eabi/lib/thumb/v7e-m/nofp\libg.a(lib_a-stdio.o)
                0x0800b200                __sseek
 .text.__sclose
                0x0800b220        0x8 c:/progra~2/gnuarm~1/102021~1.10/bin/../lib/gcc/arm-none-eabi/10.3.1/../../../../arm-none-eabi/lib/thumb/v7e-m/nofp\libg.a(lib_a-stdio.o)
                0x0800b220                __sclose
 .text.strncmp  0x0800b228       0x80 c:/progra~2/gnuarm~1/102021~1.10/bin/../lib/gcc/arm-none-eabi/10.3.1/../../../../arm-none-eabi/lib/thumb/v7e-m/nofp\libg.a(lib_a-strncmp.o)
                0x0800b228                strncmp
 .text.strncpy  0x0800b2a8       0x64 c:/progra~2/gnuarm~1/102021~1.10/bin/../lib/gcc/arm-none-eabi/10.3.1/../../../../arm-none-eabi/lib/thumb/v7e-m/nofp\libg.a(lib_a-strncpy.o)
                0x0800b2a8                strncpy
 .text.__sprint_r.part.0
                0x0800b30c       0x78 c:/progra~2/gnuarm~1/102021~1.10/bin/../lib/gcc/arm-none-eabi/10.3.1/../../../../arm-none-eabi/lib/thumb/v7e-m/nofp\libg.a(lib_a-vfiprintf.o)
 .text.__sprint_r
                0x0800b384       0x14 c:/progra~2/gnuarm~1/102021~1.10/bin/../lib/gcc/arm-none-eabi/10.3.1/../../../../arm-none-eabi/lib/thumb/v7e-m/nofp\libg.a(lib_a-vfiprintf.o)
                0x0800b384                __sprint_r
 .text._vfiprintf_r
                0x0800b398      0xda0 c:/progra~2/gnuarm~1/102021~1.10/bin/../lib/gcc/arm-none-eabi/10.3.1/../../../../arm-none-eabi/lib/thumb/v7e-m/nofp\libg.a(lib_a-vfiprintf.o)
                0x0800b398                _vfiprintf_r
 .text.__sbprintf
                0x0800c138       0x80 c:/progra~2/gnuarm~1/102021~1.10/bin/../lib/gcc/arm-none-eabi/10.3.1/../../../../arm-none-eabi/lib/thumb/v7e-m/nofp\libg.a(lib_a-vfiprintf.o)
 .text.__ascii_wctomb
                0x0800c1b8       0x1c c:/progra~2/gnuarm~1/102021~1.10/bin/../lib/gcc/arm-none-eabi/10.3.1/../../../../arm-none-eabi/lib/thumb/v7e-m/nofp\libg.a(lib_a-wctomb_r.o)
                0x0800c1b8                __ascii_wctomb
 .text._write_r
                0x0800c1d4       0x2c c:/progra~2/gnuarm~1/102021~1.10/bin/../lib/gcc/arm-none-eabi/10.3.1/../../../../arm-none-eabi/lib/thumb/v7e-m/nofp\libg.a(lib_a-writer.o)
                0x0800c1d4                _write_r
 .text.__register_exitproc
                0x0800c200       0x8c c:/progra~2/gnuarm~1/102021~1.10/bin/../lib/gcc/arm-none-eabi/10.3.1/../../../../arm-none-eabi/lib/thumb/v7e-m/nofp\libg.a(lib_a-__atexit.o)
                0x0800c200                __register_exitproc
 .text.__assert_func
                0x0800c28c       0x40 c:/progra~2/gnuarm~1/102021~1.10/bin/../lib/gcc/arm-none-eabi/10.3.1/../../../../arm-none-eabi/lib/thumb/v7e-m/nofp\libg.a(lib_a-assert.o)
                0x0800c28c                __assert_func
 .text._calloc_r
                0x0800c2cc       0x78 c:/progra~2/gnuarm~1/102021~1.10/bin/../lib/gcc/arm-none-eabi/10.3.1/../../../../arm-none-eabi/lib/thumb/v7e-m/nofp\libg.a(lib_a-callocr.o)
                0x0800c2cc                _calloc_r
 .text._close_r
                0x0800c344       0x24 c:/progra~2/gnuarm~1/102021~1.10/bin/../lib/gcc/arm-none-eabi/10.3.1/../../../../arm-none-eabi/lib/thumb/v7e-m/nofp\libg.a(lib_a-closer.o)
                0x0800c344                _close_r
 .text._fclose_r
                0x0800c368       0xcc c:/progra~2/gnuarm~1/102021~1.10/bin/../lib/gcc/arm-none-eabi/10.3.1/../../../../arm-none-eabi/lib/thumb/v7e-m/nofp\libg.a(lib_a-fclose.o)
                0x0800c368                _fclose_r
 .text.fiprintf
                0x0800c434       0x28 c:/progra~2/gnuarm~1/102021~1.10/bin/../lib/gcc/arm-none-eabi/10.3.1/../../../../arm-none-eabi/lib/thumb/v7e-m/nofp\libg.a(lib_a-fiprintf.o)
                0x0800c434                fiprintf
 .text.__fputwc
                0x0800c45c       0xa8 c:/progra~2/gnuarm~1/102021~1.10/bin/../lib/gcc/arm-none-eabi/10.3.1/../../../../arm-none-eabi/lib/thumb/v7e-m/nofp\libg.a(lib_a-fputwc.o)
                0x0800c45c                __fputwc
 .text._fputwc_r
                0x0800c504       0x68 c:/progra~2/gnuarm~1/102021~1.10/bin/../lib/gcc/arm-none-eabi/10.3.1/../../../../arm-none-eabi/lib/thumb/v7e-m/nofp\libg.a(lib_a-fputwc.o)
                0x0800c504                _fputwc_r
 .text._fstat_r
                0x0800c56c       0x2c c:/progra~2/gnuarm~1/102021~1.10/bin/../lib/gcc/arm-none-eabi/10.3.1/../../../../arm-none-eabi/lib/thumb/v7e-m/nofp\libg.a(lib_a-fstatr.o)
                0x0800c56c                _fstat_r
 .text.__sfvwrite_r
                0x0800c598      0x2e8 c:/progra~2/gnuarm~1/102021~1.10/bin/../lib/gcc/arm-none-eabi/10.3.1/../../../../arm-none-eabi/lib/thumb/v7e-m/nofp\libg.a(lib_a-fvwrite.o)
                0x0800c598                __sfvwrite_r
 .text._isatty_r
                0x0800c880       0x24 c:/progra~2/gnuarm~1/102021~1.10/bin/../lib/gcc/arm-none-eabi/10.3.1/../../../../arm-none-eabi/lib/thumb/v7e-m/nofp\libg.a(lib_a-isattyr.o)
                0x0800c880                _isatty_r
 .text._lseek_r
                0x0800c8a4       0x2c c:/progra~2/gnuarm~1/102021~1.10/bin/../lib/gcc/arm-none-eabi/10.3.1/../../../../arm-none-eabi/lib/thumb/v7e-m/nofp\libg.a(lib_a-lseekr.o)
                0x0800c8a4                _lseek_r
 .text.memmove  0x0800c8d0       0xf8 c:/progra~2/gnuarm~1/102021~1.10/bin/../lib/gcc/arm-none-eabi/10.3.1/../../../../arm-none-eabi/lib/thumb/v7e-m/nofp\libg.a(lib_a-memmove.o)
                0x0800c8d0                memmove
 .text._read_r  0x0800c9c8       0x2c c:/progra~2/gnuarm~1/102021~1.10/bin/../lib/gcc/arm-none-eabi/10.3.1/../../../../arm-none-eabi/lib/thumb/v7e-m/nofp\libg.a(lib_a-readr.o)
                0x0800c9c8                _read_r
 .text._realloc_r
                0x0800c9f4      0x3d8 c:/progra~2/gnuarm~1/102021~1.10/bin/../lib/gcc/arm-none-eabi/10.3.1/../../../../arm-none-eabi/lib/thumb/v7e-m/nofp\libg.a(lib_a-reallocr.o)
                0x0800c9f4                _realloc_r
 .text.__swbuf_r
                0x0800cdcc       0xb0 c:/progra~2/gnuarm~1/102021~1.10/bin/../lib/gcc/arm-none-eabi/10.3.1/../../../../arm-none-eabi/lib/thumb/v7e-m/nofp\libg.a(lib_a-wbuf.o)
                0x0800cdcc                __swbuf_r
 .text._wcrtomb_r
                0x0800ce7c       0x3c c:/progra~2/gnuarm~1/102021~1.10/bin/../lib/gcc/arm-none-eabi/10.3.1/../../../../arm-none-eabi/lib/thumb/v7e-m/nofp\libg.a(lib_a-wcrtomb.o)
                0x0800ce7c                _wcrtomb_r
 .text.abort    0x0800ceb8       0x10 c:/progra~2/gnuarm~1/102021~1.10/bin/../lib/gcc/arm-none-eabi/10.3.1/../../../../arm-none-eabi/lib/thumb/v7e-m/nofp\libg.a(lib_a-abort.o)
                0x0800ceb8                abort
 .text.raise    0x0800cec8       0x5c c:/progra~2/gnuarm~1/102021~1.10/bin/../lib/gcc/arm-none-eabi/10.3.1/../../../../arm-none-eabi/lib/thumb/v7e-m/nofp\libg.a(lib_a-signal.o)
                0x0800cec8                raise
 .text._kill_r  0x0800cf24       0x2c c:/progra~2/gnuarm~1/102021~1.10/bin/../lib/gcc/arm-none-eabi/10.3.1/../../../../arm-none-eabi/lib/thumb/v7e-m/nofp\libg.a(lib_a-signalr.o)
                0x0800cf24                _kill_r
 .text._getpid_r
                0x0800cf50        0x4 c:/progra~2/gnuarm~1/102021~1.10/bin/../lib/gcc/arm-none-eabi/10.3.1/../../../../arm-none-eabi/lib/thumb/v7e-m/nofp\libg.a(lib_a-signalr.o)
                0x0800cf50                _getpid_r
 *(.glue_7)
 .glue_7        0x0800cf54        0x0 linker stubs
 *(.glue_7t)
 .glue_7t       0x0800cf54        0x0 linker stubs
 *(.eh_frame)
 .eh_frame      0x0800cf54        0x0 c:/progra~2/gnuarm~1/102021~1.10/bin/../lib/gcc/arm-none-eabi/10.3.1/thumb/v7e-m/nofp/crtbegin.o
 *(.init)
 .init          0x0800cf54        0x4 c:/progra~2/gnuarm~1/102021~1.10/bin/../lib/gcc/arm-none-eabi/10.3.1/thumb/v7e-m/nofp/crti.o
                0x0800cf54                _init
 .init          0x0800cf58        0x8 c:/progra~2/gnuarm~1/102021~1.10/bin/../lib/gcc/arm-none-eabi/10.3.1/thumb/v7e-m/nofp/crtn.o
 *(.fini)
 .fini          0x0800cf60        0x4 c:/progra~2/gnuarm~1/102021~1.10/bin/../lib/gcc/arm-none-eabi/10.3.1/thumb/v7e-m/nofp/crti.o
                0x0800cf60                _fini
 .fini          0x0800cf64        0x8 c:/progra~2/gnuarm~1/102021~1.10/bin/../lib/gcc/arm-none-eabi/10.3.1/thumb/v7e-m/nofp/crtn.o
                0x0800cf6c                . = ALIGN (0x4)
                0x0800cf6c                _etext = .

.vfp11_veneer   0x0800cf6c        0x0
 .vfp11_veneer  0x0800cf6c        0x0 linker stubs

.v4_bx          0x0800cf6c        0x0
 .v4_bx         0x0800cf6c        0x0 linker stubs

.iplt           0x0800cf6c        0x0
 .iplt          0x0800cf6c        0x0 c:/progra~2/gnuarm~1/102021~1.10/bin/../lib/gcc/arm-none-eabi/10.3.1/thumb/v7e-m/nofp/crtbegin.o

.rodata         0x0800cf70      0x658
                0x0800cf70                . = ALIGN (0x4)
 *(.rodata)
 *(.rodata*)
 .rodata.HAL_UART_RxCpltCallback.str1.4
                0x0800cf70        0x9 CMakeFiles/2PID_steer_dataro.elf.dir/Core/Src/main.c.obj
 *fill*         0x0800cf79        0x3 
 .rodata.main.str1.4
                0x0800cf7c       0x11 CMakeFiles/2PID_steer_dataro.elf.dir/Core/Src/main.c.obj
 *fill*         0x0800cf8d        0x3 
 .rodata.AHBPrescTable
                0x0800cf90       0x10 CMakeFiles/2PID_steer_dataro.elf.dir/Core/Src/system_stm32g4xx.c.obj
                0x0800cf90                AHBPrescTable
 .rodata.APBPrescTable
                0x0800cfa0        0x8 CMakeFiles/2PID_steer_dataro.elf.dir/Core/Src/system_stm32g4xx.c.obj
                0x0800cfa0                APBPrescTable
 .rodata.UARTPrescTable
                0x0800cfa8       0x18 CMakeFiles/2PID_steer_dataro.elf.dir/Drivers/STM32G4xx_HAL_Driver/Src/stm32g4xx_hal_uart.c.obj
                0x0800cfa8                UARTPrescTable
 .rodata.denominator.0
                0x0800cfc0        0x8 CMakeFiles/2PID_steer_dataro.elf.dir/Drivers/STM32G4xx_HAL_Driver/Src/stm32g4xx_hal_uart_ex.c.obj
 .rodata.numerator.1
                0x0800cfc8        0x8 CMakeFiles/2PID_steer_dataro.elf.dir/Drivers/STM32G4xx_HAL_Driver/Src/stm32g4xx_hal_uart_ex.c.obj
 .rodata._global_impure_ptr
                0x0800cfd0        0x4 c:/progra~2/gnuarm~1/102021~1.10/bin/../lib/gcc/arm-none-eabi/10.3.1/../../../../arm-none-eabi/lib/thumb/v7e-m/nofp\libg.a(lib_a-impure.o)
                0x0800cfd0                _global_impure_ptr
 .rodata._strtod_l.str1.4
                0x0800cfd4        0xf c:/progra~2/gnuarm~1/102021~1.10/bin/../lib/gcc/arm-none-eabi/10.3.1/../../../../arm-none-eabi/lib/thumb/v7e-m/nofp\libg.a(lib_a-strtod.o)
                                 0x11 (size before relaxing)
 *fill*         0x0800cfe3        0x1 
 .rodata.fpi.1  0x0800cfe4       0x14 c:/progra~2/gnuarm~1/102021~1.10/bin/../lib/gcc/arm-none-eabi/10.3.1/../../../../arm-none-eabi/lib/thumb/v7e-m/nofp\libg.a(lib_a-strtod.o)
 .rodata.fpinan.0
                0x0800cff8       0x14 c:/progra~2/gnuarm~1/102021~1.10/bin/../lib/gcc/arm-none-eabi/10.3.1/../../../../arm-none-eabi/lib/thumb/v7e-m/nofp\libg.a(lib_a-strtod.o)
 *fill*         0x0800d00c        0x4 
 .rodata.tinytens
                0x0800d010       0x28 c:/progra~2/gnuarm~1/102021~1.10/bin/../lib/gcc/arm-none-eabi/10.3.1/../../../../arm-none-eabi/lib/thumb/v7e-m/nofp\libg.a(lib_a-strtod.o)
 .rodata._vfprintf_r.str1.4
                0x0800d038       0x42 c:/progra~2/gnuarm~1/102021~1.10/bin/../lib/gcc/arm-none-eabi/10.3.1/../../../../arm-none-eabi/lib/thumb/v7e-m/nofp\libg.a(lib_a-vfprintf.o)
 *fill*         0x0800d07a        0x2 
 .rodata.blanks.1
                0x0800d07c       0x10 c:/progra~2/gnuarm~1/102021~1.10/bin/../lib/gcc/arm-none-eabi/10.3.1/../../../../arm-none-eabi/lib/thumb/v7e-m/nofp\libg.a(lib_a-vfprintf.o)
 .rodata.zeroes.0
                0x0800d08c       0x10 c:/progra~2/gnuarm~1/102021~1.10/bin/../lib/gcc/arm-none-eabi/10.3.1/../../../../arm-none-eabi/lib/thumb/v7e-m/nofp\libg.a(lib_a-vfprintf.o)
 .rodata._dtoa_r.str1.4
                0x0800d09c       0xa2 c:/progra~2/gnuarm~1/102021~1.10/bin/../lib/gcc/arm-none-eabi/10.3.1/../../../../arm-none-eabi/lib/thumb/v7e-m/nofp\libg.a(lib_a-dtoa.o)
                                 0xa6 (size before relaxing)
 *fill*         0x0800d13e        0x2 
 .rodata.__gethex.str1.4
                0x0800d140       0x86 c:/progra~2/gnuarm~1/102021~1.10/bin/../lib/gcc/arm-none-eabi/10.3.1/../../../../arm-none-eabi/lib/thumb/v7e-m/nofp\libg.a(lib_a-gdtoa-gethex.o)
                                 0x9a (size before relaxing)
 *fill*         0x0800d1c6        0x2 
 .rodata.__hexdig
                0x0800d1c8      0x100 c:/progra~2/gnuarm~1/102021~1.10/bin/../lib/gcc/arm-none-eabi/10.3.1/../../../../arm-none-eabi/lib/thumb/v7e-m/nofp\libg.a(lib_a-gdtoa-gethex.o)
                0x0800d1c8                __hexdig
 .rodata.str1.4
                0x0800d2c8        0x2 c:/progra~2/gnuarm~1/102021~1.10/bin/../lib/gcc/arm-none-eabi/10.3.1/../../../../arm-none-eabi/lib/thumb/v7e-m/nofp\libg.a(lib_a-lnumeric.o)
                                  0x5 (size before relaxing)
 *fill*         0x0800d2ca        0x2 
 .rodata._C_numeric_locale
                0x0800d2cc        0xc c:/progra~2/gnuarm~1/102021~1.10/bin/../lib/gcc/arm-none-eabi/10.3.1/../../../../arm-none-eabi/lib/thumb/v7e-m/nofp\libg.a(lib_a-lnumeric.o)
                0x0800d2cc                _C_numeric_locale
 .rodata._setlocale_r.str1.4
                0x0800d2d8        0xa c:/progra~2/gnuarm~1/102021~1.10/bin/../lib/gcc/arm-none-eabi/10.3.1/../../../../arm-none-eabi/lib/thumb/v7e-m/nofp\libg.a(lib_a-locale.o)
                                  0xd (size before relaxing)
 .rodata.str1.4
                0x0800d2e2        0x2 c:/progra~2/gnuarm~1/102021~1.10/bin/../lib/gcc/arm-none-eabi/10.3.1/../../../../arm-none-eabi/lib/thumb/v7e-m/nofp\libg.a(lib_a-locale.o)
 *fill*         0x0800d2e2        0x2 
 .rodata.__multadd.str1.4
                0x0800d2e4       0x7f c:/progra~2/gnuarm~1/102021~1.10/bin/../lib/gcc/arm-none-eabi/10.3.1/../../../../arm-none-eabi/lib/thumb/v7e-m/nofp\libg.a(lib_a-mprec.o)
                                 0x93 (size before relaxing)
 *fill*         0x0800d363        0x5 
 .rodata.__mprec_bigtens
                0x0800d368       0x28 c:/progra~2/gnuarm~1/102021~1.10/bin/../lib/gcc/arm-none-eabi/10.3.1/../../../../arm-none-eabi/lib/thumb/v7e-m/nofp\libg.a(lib_a-mprec.o)
                0x0800d368                __mprec_bigtens
 .rodata.__mprec_tens
                0x0800d390       0xc8 c:/progra~2/gnuarm~1/102021~1.10/bin/../lib/gcc/arm-none-eabi/10.3.1/../../../../arm-none-eabi/lib/thumb/v7e-m/nofp\libg.a(lib_a-mprec.o)
                0x0800d390                __mprec_tens
 .rodata.p05.0  0x0800d458        0xc c:/progra~2/gnuarm~1/102021~1.10/bin/../lib/gcc/arm-none-eabi/10.3.1/../../../../arm-none-eabi/lib/thumb/v7e-m/nofp\libg.a(lib_a-mprec.o)
 .rodata._vfiprintf_r.str1.4
                0x0800d464       0x2f c:/progra~2/gnuarm~1/102021~1.10/bin/../lib/gcc/arm-none-eabi/10.3.1/../../../../arm-none-eabi/lib/thumb/v7e-m/nofp\libg.a(lib_a-vfiprintf.o)
 .rodata.blanks.1
                0x0800d464       0x10 c:/progra~2/gnuarm~1/102021~1.10/bin/../lib/gcc/arm-none-eabi/10.3.1/../../../../arm-none-eabi/lib/thumb/v7e-m/nofp\libg.a(lib_a-vfiprintf.o)
 .rodata.zeroes.0
                0x0800d474       0x10 c:/progra~2/gnuarm~1/102021~1.10/bin/../lib/gcc/arm-none-eabi/10.3.1/../../../../arm-none-eabi/lib/thumb/v7e-m/nofp\libg.a(lib_a-vfiprintf.o)
 .rodata.__assert_func.str1.4
                0x0800d484       0x3f c:/progra~2/gnuarm~1/102021~1.10/bin/../lib/gcc/arm-none-eabi/10.3.1/../../../../arm-none-eabi/lib/thumb/v7e-m/nofp\libg.a(lib_a-assert.o)
                                 0x43 (size before relaxing)
 *fill*         0x0800d4c3        0x1 
 .rodata._ctype_
                0x0800d4c4      0x101 c:/progra~2/gnuarm~1/102021~1.10/bin/../lib/gcc/arm-none-eabi/10.3.1/../../../../arm-none-eabi/lib/thumb/v7e-m/nofp\libg.a(lib_a-ctype_.o)
                0x0800d4c4                _ctype_
                0x0800d5c8                . = ALIGN (0x4)
 *fill*         0x0800d5c5        0x3 

.ARM.extab      0x0800d5c8        0x0
                0x0800d5c8                . = ALIGN (0x4)
 *(.ARM.extab* .gnu.linkonce.armextab.*)
                0x0800d5c8                . = ALIGN (0x4)

.ARM            0x0800d5c8        0x8
                0x0800d5c8                . = ALIGN (0x4)
                0x0800d5c8                __exidx_start = .
 *(.ARM.exidx*)
 .ARM.exidx     0x0800d5c8        0x8 c:/progra~2/gnuarm~1/102021~1.10/bin/../lib/gcc/arm-none-eabi/10.3.1/thumb/v7e-m/nofp\libgcc.a(_udivmoddi4.o)
                0x0800d5d0                __exidx_end = .
                0x0800d5d0                . = ALIGN (0x4)

.rel.dyn        0x0800d5d0        0x0
 .rel.iplt      0x0800d5d0        0x0 c:/progra~2/gnuarm~1/102021~1.10/bin/../lib/gcc/arm-none-eabi/10.3.1/thumb/v7e-m/nofp/crtbegin.o

.preinit_array  0x0800d5d0        0x0
                0x0800d5d0                . = ALIGN (0x4)
                0x0800d5d0                PROVIDE (__preinit_array_start = .)
 *(.preinit_array*)
                0x0800d5d0                PROVIDE (__preinit_array_end = .)
                0x0800d5d0                . = ALIGN (0x4)

.init_array     0x0800d5d0        0x8
                0x0800d5d0                . = ALIGN (0x4)
                0x0800d5d0                PROVIDE (__init_array_start = .)
 *(SORT_BY_NAME(.init_array.*))
 .init_array.00000
                0x0800d5d0        0x4 c:/progra~2/gnuarm~1/102021~1.10/bin/../lib/gcc/arm-none-eabi/10.3.1/../../../../arm-none-eabi/lib/thumb/v7e-m/nofp\libg.a(lib_a-__call_atexit.o)
 *(.init_array*)
 .init_array    0x0800d5d4        0x4 c:/progra~2/gnuarm~1/102021~1.10/bin/../lib/gcc/arm-none-eabi/10.3.1/thumb/v7e-m/nofp/crtbegin.o
                0x0800d5d8                PROVIDE (__init_array_end = .)
                0x0800d5d8                . = ALIGN (0x4)

.fini_array     0x0800d5d8        0x4
                0x0800d5d8                . = ALIGN (0x4)
                0x0800d5d8                PROVIDE (__fini_array_start = .)
 *(SORT_BY_NAME(.fini_array.*))
 *(.fini_array*)
 .fini_array    0x0800d5d8        0x4 c:/progra~2/gnuarm~1/102021~1.10/bin/../lib/gcc/arm-none-eabi/10.3.1/thumb/v7e-m/nofp/crtbegin.o
                0x0800d5dc                PROVIDE (__fini_array_end = .)
                0x0800d5dc                . = ALIGN (0x4)
                0x0800d5dc                _sidata = LOADADDR (.data)

.data           0x20000000      0x9bc load address 0x0800d5dc
                0x20000000                . = ALIGN (0x4)
                0x20000000                _sdata = .
 *(.data)
 *(.data*)
 .data.SystemCoreClock
                0x20000000        0x4 CMakeFiles/2PID_steer_dataro.elf.dir/Core/Src/system_stm32g4xx.c.obj
                0x20000000                SystemCoreClock
 .data.uwTickFreq
                0x20000004        0x4 CMakeFiles/2PID_steer_dataro.elf.dir/Drivers/STM32G4xx_HAL_Driver/Src/stm32g4xx_hal.c.obj
                0x20000004                uwTickFreq
 .data.uwTickPrio
                0x20000008        0x4 CMakeFiles/2PID_steer_dataro.elf.dir/Drivers/STM32G4xx_HAL_Driver/Src/stm32g4xx_hal.c.obj
                0x20000008                uwTickPrio
 .data._impure_ptr
                0x2000000c        0x4 c:/progra~2/gnuarm~1/102021~1.10/bin/../lib/gcc/arm-none-eabi/10.3.1/../../../../arm-none-eabi/lib/thumb/v7e-m/nofp\libg.a(lib_a-impure.o)
                0x2000000c                _impure_ptr
 .data.impure_data
                0x20000010      0x428 c:/progra~2/gnuarm~1/102021~1.10/bin/../lib/gcc/arm-none-eabi/10.3.1/../../../../arm-none-eabi/lib/thumb/v7e-m/nofp\libg.a(lib_a-impure.o)
 .data.__atexit_recursive_mutex
                0x20000438        0x4 c:/progra~2/gnuarm~1/102021~1.10/bin/../lib/gcc/arm-none-eabi/10.3.1/../../../../arm-none-eabi/lib/thumb/v7e-m/nofp\libg.a(lib_a-__call_atexit.o)
                0x20000438                __atexit_recursive_mutex
 .data.numempty
                0x2000043c        0x2 c:/progra~2/gnuarm~1/102021~1.10/bin/../lib/gcc/arm-none-eabi/10.3.1/../../../../arm-none-eabi/lib/thumb/v7e-m/nofp\libg.a(lib_a-lnumeric.o)
 *fill*         0x2000043e        0x2 
 .data.__global_locale
                0x20000440      0x16c c:/progra~2/gnuarm~1/102021~1.10/bin/../lib/gcc/arm-none-eabi/10.3.1/../../../../arm-none-eabi/lib/thumb/v7e-m/nofp\libg.a(lib_a-locale.o)
                0x20000440                __global_locale
 .data.__malloc_av_
                0x200005ac      0x408 c:/progra~2/gnuarm~1/102021~1.10/bin/../lib/gcc/arm-none-eabi/10.3.1/../../../../arm-none-eabi/lib/thumb/v7e-m/nofp\libg.a(lib_a-mallocr.o)
                0x200005ac                __malloc_av_
 .data.__malloc_sbrk_base
                0x200009b4        0x4 c:/progra~2/gnuarm~1/102021~1.10/bin/../lib/gcc/arm-none-eabi/10.3.1/../../../../arm-none-eabi/lib/thumb/v7e-m/nofp\libg.a(lib_a-mallocr.o)
                0x200009b4                __malloc_sbrk_base
 .data.__malloc_trim_threshold
                0x200009b8        0x4 c:/progra~2/gnuarm~1/102021~1.10/bin/../lib/gcc/arm-none-eabi/10.3.1/../../../../arm-none-eabi/lib/thumb/v7e-m/nofp\libg.a(lib_a-mallocr.o)
                0x200009b8                __malloc_trim_threshold
 *(.RamFunc)
 *(.RamFunc*)
                0x200009bc                . = ALIGN (0x4)
                0x200009bc                _edata = .

.igot.plt       0x200009bc        0x0 load address 0x0800df98
 .igot.plt      0x200009bc        0x0 c:/progra~2/gnuarm~1/102021~1.10/bin/../lib/gcc/arm-none-eabi/10.3.1/thumb/v7e-m/nofp/crtbegin.o
                0x200009bc                . = ALIGN (0x4)

.bss            0x200009bc      0x2ec load address 0x0800df98
                0x200009bc                _sbss = .
                0x200009bc                __bss_start__ = _sbss
 *(.bss)
 .bss           0x200009bc       0x1c c:/progra~2/gnuarm~1/102021~1.10/bin/../lib/gcc/arm-none-eabi/10.3.1/thumb/v7e-m/nofp/crtbegin.o
 *(.bss*)
 .bss.UART_BUFF
                0x200009d8        0x5 CMakeFiles/2PID_steer_dataro.elf.dir/Core/Src/main.c.obj
                0x200009d8                UART_BUFF
 *fill*         0x200009dd        0x1 
 .bss.enc_buff_A
                0x200009de        0x2 CMakeFiles/2PID_steer_dataro.elf.dir/Core/Src/main.c.obj
                0x200009de                enc_buff_A
 .bss.enc_buff_B
                0x200009e0        0x2 CMakeFiles/2PID_steer_dataro.elf.dir/Core/Src/main.c.obj
                0x200009e0                enc_buff_B
 *fill*         0x200009e2        0x2 
 .bss.hpidSteer
                0x200009e4       0x28 CMakeFiles/2PID_steer_dataro.elf.dir/Core/Src/main.c.obj
                0x200009e4                hpidSteer
 .bss.hpidWheel
                0x20000a0c       0x28 CMakeFiles/2PID_steer_dataro.elf.dir/Core/Src/main.c.obj
                0x20000a0c                hpidWheel
 .bss.htim1     0x20000a34       0x4c CMakeFiles/2PID_steer_dataro.elf.dir/Core/Src/main.c.obj
                0x20000a34                htim1
 .bss.htim2     0x20000a80       0x4c CMakeFiles/2PID_steer_dataro.elf.dir/Core/Src/main.c.obj
                0x20000a80                htim2
 .bss.htim3     0x20000acc       0x4c CMakeFiles/2PID_steer_dataro.elf.dir/Core/Src/main.c.obj
                0x20000acc                htim3
 .bss.htim4     0x20000b18       0x4c CMakeFiles/2PID_steer_dataro.elf.dir/Core/Src/main.c.obj
                0x20000b18                htim4
 .bss.huart2    0x20000b64       0x90 CMakeFiles/2PID_steer_dataro.elf.dir/Core/Src/main.c.obj
                0x20000b64                huart2
 .bss.speed     0x20000bf4        0x4 CMakeFiles/2PID_steer_dataro.elf.dir/Core/Src/main.c.obj
                0x20000bf4                speed
 .bss.speed_duty
                0x20000bf8        0x4 CMakeFiles/2PID_steer_dataro.elf.dir/Core/Src/main.c.obj
                0x20000bf8                speed_duty
 .bss.speed_target
                0x20000bfc        0x4 CMakeFiles/2PID_steer_dataro.elf.dir/Core/Src/main.c.obj
                0x20000bfc                speed_target
 .bss.steer_angle
                0x20000c00        0x4 CMakeFiles/2PID_steer_dataro.elf.dir/Core/Src/main.c.obj
                0x20000c00                steer_angle
 .bss.steer_angle_target
                0x20000c04        0x4 CMakeFiles/2PID_steer_dataro.elf.dir/Core/Src/main.c.obj
                0x20000c04                steer_angle_target
 .bss.steer_duty
                0x20000c08        0x4 CMakeFiles/2PID_steer_dataro.elf.dir/Core/Src/main.c.obj
                0x20000c08                steer_duty
 .bss.htim17    0x20000c0c       0x4c CMakeFiles/2PID_steer_dataro.elf.dir/Core/Src/stm32g4xx_hal_timebase_tim.c.obj
                0x20000c0c                htim17
 .bss.__sbrk_heap_end
                0x20000c58        0x4 CMakeFiles/2PID_steer_dataro.elf.dir/Core/Src/sysmem.c.obj
 .bss.uwTick    0x20000c5c        0x4 CMakeFiles/2PID_steer_dataro.elf.dir/Drivers/STM32G4xx_HAL_Driver/Src/stm32g4xx_hal.c.obj
                0x20000c5c                uwTick
 .bss.__lock___atexit_recursive_mutex
                0x20000c60        0x1 c:/progra~2/gnuarm~1/102021~1.10/bin/../lib/gcc/arm-none-eabi/10.3.1/../../../../arm-none-eabi/lib/thumb/v7e-m/nofp\libg.a(lib_a-lock.o)
                0x20000c60                __lock___atexit_recursive_mutex
 *fill*         0x20000c61        0x3 
 .bss.__lock___malloc_recursive_mutex
                0x20000c64        0x1 c:/progra~2/gnuarm~1/102021~1.10/bin/../lib/gcc/arm-none-eabi/10.3.1/../../../../arm-none-eabi/lib/thumb/v7e-m/nofp\libg.a(lib_a-lock.o)
                0x20000c64                __lock___malloc_recursive_mutex
 *fill*         0x20000c65        0x3 
 .bss.__lock___sfp_recursive_mutex
                0x20000c68        0x1 c:/progra~2/gnuarm~1/102021~1.10/bin/../lib/gcc/arm-none-eabi/10.3.1/../../../../arm-none-eabi/lib/thumb/v7e-m/nofp\libg.a(lib_a-lock.o)
                0x20000c68                __lock___sfp_recursive_mutex
 *fill*         0x20000c69        0x3 
 .bss.__lock___sinit_recursive_mutex
                0x20000c6c        0x1 c:/progra~2/gnuarm~1/102021~1.10/bin/../lib/gcc/arm-none-eabi/10.3.1/../../../../arm-none-eabi/lib/thumb/v7e-m/nofp\libg.a(lib_a-lock.o)
                0x20000c6c                __lock___sinit_recursive_mutex
 *fill*         0x20000c6d        0x3 
 .bss.__malloc_current_mallinfo
                0x20000c70       0x28 c:/progra~2/gnuarm~1/102021~1.10/bin/../lib/gcc/arm-none-eabi/10.3.1/../../../../arm-none-eabi/lib/thumb/v7e-m/nofp\libg.a(lib_a-mallocr.o)
                0x20000c70                __malloc_current_mallinfo
 .bss.__malloc_max_sbrked_mem
                0x20000c98        0x4 c:/progra~2/gnuarm~1/102021~1.10/bin/../lib/gcc/arm-none-eabi/10.3.1/../../../../arm-none-eabi/lib/thumb/v7e-m/nofp\libg.a(lib_a-mallocr.o)
                0x20000c98                __malloc_max_sbrked_mem
 .bss.__malloc_max_total_mem
                0x20000c9c        0x4 c:/progra~2/gnuarm~1/102021~1.10/bin/../lib/gcc/arm-none-eabi/10.3.1/../../../../arm-none-eabi/lib/thumb/v7e-m/nofp\libg.a(lib_a-mallocr.o)
                0x20000c9c                __malloc_max_total_mem
 .bss.__malloc_top_pad
                0x20000ca0        0x4 c:/progra~2/gnuarm~1/102021~1.10/bin/../lib/gcc/arm-none-eabi/10.3.1/../../../../arm-none-eabi/lib/thumb/v7e-m/nofp\libg.a(lib_a-mallocr.o)
                0x20000ca0                __malloc_top_pad
 .bss.errno     0x20000ca4        0x4 c:/progra~2/gnuarm~1/102021~1.10/bin/../lib/gcc/arm-none-eabi/10.3.1/../../../../arm-none-eabi/lib/thumb/v7e-m/nofp\libg.a(lib_a-reent.o)
                0x20000ca4                errno
 *(COMMON)
                0x20000ca8                . = ALIGN (0x4)
                0x20000ca8                _ebss = .
                0x20000ca8                __bss_end__ = _ebss

._user_heap_stack
                0x20000ca8      0x600 load address 0x0800df98
                0x20000ca8                . = ALIGN (0x8)
                [!provide]                PROVIDE (end = .)
                0x20000ca8                PROVIDE (_end = .)
                0x20000ea8                . = (. + _Min_Heap_Size)
 *fill*         0x20000ca8      0x200 
                0x200012a8                . = (. + _Min_Stack_Size)
 *fill*         0x20000ea8      0x400 
                0x200012a8                . = ALIGN (0x8)

/DISCARD/
 libc.a(*)
 libm.a(*)
 libgcc.a(*)

.ARM.attributes
                0x00000000       0x2a
 *(.ARM.attributes)
 .ARM.attributes
                0x00000000       0x1e c:/progra~2/gnuarm~1/102021~1.10/bin/../lib/gcc/arm-none-eabi/10.3.1/thumb/v7e-m/nofp/crti.o
 .ARM.attributes
                0x0000001e       0x2e c:/progra~2/gnuarm~1/102021~1.10/bin/../lib/gcc/arm-none-eabi/10.3.1/thumb/v7e-m/nofp/crtbegin.o
 .ARM.attributes
                0x0000004c       0x2e CMakeFiles/2PID_steer_dataro.elf.dir/Core/Src/PID.c.obj
 .ARM.attributes
                0x0000007a       0x2e CMakeFiles/2PID_steer_dataro.elf.dir/Core/Src/main.c.obj
 .ARM.attributes
                0x000000a8       0x2e CMakeFiles/2PID_steer_dataro.elf.dir/Core/Src/stm32g4xx_hal_msp.c.obj
 .ARM.attributes
                0x000000d6       0x2e CMakeFiles/2PID_steer_dataro.elf.dir/Core/Src/stm32g4xx_hal_timebase_tim.c.obj
 .ARM.attributes
                0x00000104       0x2e CMakeFiles/2PID_steer_dataro.elf.dir/Core/Src/stm32g4xx_it.c.obj
 .ARM.attributes
                0x00000132       0x2e CMakeFiles/2PID_steer_dataro.elf.dir/Core/Src/syscalls.c.obj
 .ARM.attributes
                0x00000160       0x2e CMakeFiles/2PID_steer_dataro.elf.dir/Core/Src/sysmem.c.obj
 .ARM.attributes
                0x0000018e       0x2e CMakeFiles/2PID_steer_dataro.elf.dir/Core/Src/system_stm32g4xx.c.obj
 .ARM.attributes
                0x000001bc       0x21 CMakeFiles/2PID_steer_dataro.elf.dir/Core/Startup/startup_stm32g431kbtx.s.obj
 .ARM.attributes
                0x000001dd       0x2e CMakeFiles/2PID_steer_dataro.elf.dir/Drivers/STM32G4xx_HAL_Driver/Src/stm32g4xx_hal.c.obj
 .ARM.attributes
                0x0000020b       0x2e CMakeFiles/2PID_steer_dataro.elf.dir/Drivers/STM32G4xx_HAL_Driver/Src/stm32g4xx_hal_cortex.c.obj
 .ARM.attributes
                0x00000239       0x2e CMakeFiles/2PID_steer_dataro.elf.dir/Drivers/STM32G4xx_HAL_Driver/Src/stm32g4xx_hal_dma.c.obj
 .ARM.attributes
                0x00000267       0x2e CMakeFiles/2PID_steer_dataro.elf.dir/Drivers/STM32G4xx_HAL_Driver/Src/stm32g4xx_hal_gpio.c.obj
 .ARM.attributes
                0x00000295       0x2e CMakeFiles/2PID_steer_dataro.elf.dir/Drivers/STM32G4xx_HAL_Driver/Src/stm32g4xx_hal_pwr_ex.c.obj
 .ARM.attributes
                0x000002c3       0x2e CMakeFiles/2PID_steer_dataro.elf.dir/Drivers/STM32G4xx_HAL_Driver/Src/stm32g4xx_hal_rcc.c.obj
 .ARM.attributes
                0x000002f1       0x2e CMakeFiles/2PID_steer_dataro.elf.dir/Drivers/STM32G4xx_HAL_Driver/Src/stm32g4xx_hal_rcc_ex.c.obj
 .ARM.attributes
                0x0000031f       0x2e CMakeFiles/2PID_steer_dataro.elf.dir/Drivers/STM32G4xx_HAL_Driver/Src/stm32g4xx_hal_tim.c.obj
 .ARM.attributes
                0x0000034d       0x2e CMakeFiles/2PID_steer_dataro.elf.dir/Drivers/STM32G4xx_HAL_Driver/Src/stm32g4xx_hal_tim_ex.c.obj
 .ARM.attributes
                0x0000037b       0x2e CMakeFiles/2PID_steer_dataro.elf.dir/Drivers/STM32G4xx_HAL_Driver/Src/stm32g4xx_hal_uart.c.obj
 .ARM.attributes
                0x000003a9       0x2e CMakeFiles/2PID_steer_dataro.elf.dir/Drivers/STM32G4xx_HAL_Driver/Src/stm32g4xx_hal_uart_ex.c.obj
 .ARM.attributes
                0x000003d7       0x1e c:/progra~2/gnuarm~1/102021~1.10/bin/../lib/gcc/arm-none-eabi/10.3.1/thumb/v7e-m/nofp\libgcc.a(_arm_addsubdf3.o)
 .ARM.attributes
                0x000003f5       0x1e c:/progra~2/gnuarm~1/102021~1.10/bin/../lib/gcc/arm-none-eabi/10.3.1/thumb/v7e-m/nofp\libgcc.a(_arm_addsubsf3.o)
 .ARM.attributes
                0x00000413       0x1e c:/progra~2/gnuarm~1/102021~1.10/bin/../lib/gcc/arm-none-eabi/10.3.1/thumb/v7e-m/nofp\libgcc.a(_arm_muldivsf3.o)
 .ARM.attributes
                0x00000431       0x1e c:/progra~2/gnuarm~1/102021~1.10/bin/../lib/gcc/arm-none-eabi/10.3.1/thumb/v7e-m/nofp\libgcc.a(_arm_cmpsf2.o)
 .ARM.attributes
                0x0000044f       0x1e c:/progra~2/gnuarm~1/102021~1.10/bin/../lib/gcc/arm-none-eabi/10.3.1/thumb/v7e-m/nofp\libgcc.a(_arm_fixsfsi.o)
 .ARM.attributes
                0x0000046d       0x1e c:/progra~2/gnuarm~1/102021~1.10/bin/../lib/gcc/arm-none-eabi/10.3.1/thumb/v7e-m/nofp\libgcc.a(_aeabi_uldivmod.o)
 .ARM.attributes
                0x0000048b       0x2e c:/progra~2/gnuarm~1/102021~1.10/bin/../lib/gcc/arm-none-eabi/10.3.1/thumb/v7e-m/nofp\libgcc.a(_udivmoddi4.o)
 .ARM.attributes
                0x000004b9       0x1e c:/progra~2/gnuarm~1/102021~1.10/bin/../lib/gcc/arm-none-eabi/10.3.1/thumb/v7e-m/nofp\libgcc.a(_dvmd_tls.o)
 .ARM.attributes
                0x000004d7       0x2e c:/progra~2/gnuarm~1/102021~1.10/bin/../lib/gcc/arm-none-eabi/10.3.1/../../../../arm-none-eabi/lib/thumb/v7e-m/nofp\libg.a(lib_a-atoff.o)
 .ARM.attributes
                0x00000505       0x2e c:/progra~2/gnuarm~1/102021~1.10/bin/../lib/gcc/arm-none-eabi/10.3.1/../../../../arm-none-eabi/lib/thumb/v7e-m/nofp\libg.a(lib_a-errno.o)
 .ARM.attributes
                0x00000533       0x2e c:/progra~2/gnuarm~1/102021~1.10/bin/../lib/gcc/arm-none-eabi/10.3.1/../../../../arm-none-eabi/lib/thumb/v7e-m/nofp\libg.a(lib_a-impure.o)
 .ARM.attributes
                0x00000561       0x2e c:/progra~2/gnuarm~1/102021~1.10/bin/../lib/gcc/arm-none-eabi/10.3.1/../../../../arm-none-eabi/lib/thumb/v7e-m/nofp\libg.a(lib_a-init.o)
 .ARM.attributes
                0x0000058f       0x2e c:/progra~2/gnuarm~1/102021~1.10/bin/../lib/gcc/arm-none-eabi/10.3.1/../../../../arm-none-eabi/lib/thumb/v7e-m/nofp\libg.a(lib_a-memset.o)
 .ARM.attributes
                0x000005bd       0x2e c:/progra~2/gnuarm~1/102021~1.10/bin/../lib/gcc/arm-none-eabi/10.3.1/../../../../arm-none-eabi/lib/thumb/v7e-m/nofp\libg.a(lib_a-printf.o)
 .ARM.attributes
                0x000005eb       0x2e c:/progra~2/gnuarm~1/102021~1.10/bin/../lib/gcc/arm-none-eabi/10.3.1/../../../../arm-none-eabi/lib/thumb/v7e-m/nofp\libg.a(lib_a-setbuf.o)
 .ARM.attributes
                0x00000619       0x2e c:/progra~2/gnuarm~1/102021~1.10/bin/../lib/gcc/arm-none-eabi/10.3.1/../../../../arm-none-eabi/lib/thumb/v7e-m/nofp\libg.a(lib_a-setvbuf.o)
 .ARM.attributes
                0x00000647       0x2e c:/progra~2/gnuarm~1/102021~1.10/bin/../lib/gcc/arm-none-eabi/10.3.1/../../../../arm-none-eabi/lib/thumb/v7e-m/nofp\libg.a(lib_a-strtod.o)
 .ARM.attributes
                0x00000675       0x2e c:/progra~2/gnuarm~1/102021~1.10/bin/../lib/gcc/arm-none-eabi/10.3.1/../../../../arm-none-eabi/lib/thumb/v7e-m/nofp\libg.a(lib_a-vfprintf.o)
 .ARM.attributes
                0x000006a3       0x2e c:/progra~2/gnuarm~1/102021~1.10/bin/../lib/gcc/arm-none-eabi/10.3.1/../../../../arm-none-eabi/lib/thumb/v7e-m/nofp\libg.a(lib_a-wsetup.o)
 .ARM.attributes
                0x000006d1       0x2e c:/progra~2/gnuarm~1/102021~1.10/bin/../lib/gcc/arm-none-eabi/10.3.1/../../../../arm-none-eabi/lib/thumb/v7e-m/nofp\libg.a(lib_a-__call_atexit.o)
 .ARM.attributes
                0x000006ff       0x2e c:/progra~2/gnuarm~1/102021~1.10/bin/../lib/gcc/arm-none-eabi/10.3.1/../../../../arm-none-eabi/lib/thumb/v7e-m/nofp\libg.a(lib_a-atexit.o)
 .ARM.attributes
                0x0000072d       0x2e c:/progra~2/gnuarm~1/102021~1.10/bin/../lib/gcc/arm-none-eabi/10.3.1/../../../../arm-none-eabi/lib/thumb/v7e-m/nofp\libg.a(lib_a-dtoa.o)
 .ARM.attributes
                0x0000075b       0x2e c:/progra~2/gnuarm~1/102021~1.10/bin/../lib/gcc/arm-none-eabi/10.3.1/../../../../arm-none-eabi/lib/thumb/v7e-m/nofp\libg.a(lib_a-fflush.o)
 .ARM.attributes
                0x00000789       0x2e c:/progra~2/gnuarm~1/102021~1.10/bin/../lib/gcc/arm-none-eabi/10.3.1/../../../../arm-none-eabi/lib/thumb/v7e-m/nofp\libg.a(lib_a-findfp.o)
 .ARM.attributes
                0x000007b7       0x2e c:/progra~2/gnuarm~1/102021~1.10/bin/../lib/gcc/arm-none-eabi/10.3.1/../../../../arm-none-eabi/lib/thumb/v7e-m/nofp\libg.a(lib_a-fini.o)
 .ARM.attributes
                0x000007e5       0x2e c:/progra~2/gnuarm~1/102021~1.10/bin/../lib/gcc/arm-none-eabi/10.3.1/../../../../arm-none-eabi/lib/thumb/v7e-m/nofp\libg.a(lib_a-freer.o)
 .ARM.attributes