Archive member included to satisfy reference by file (symbol)

c:/progra~2/gnuarm~1/102021~1.10/bin/../lib/gcc/arm-none-eabi/10.3.1/thumb/v7e-m+fp/hard\libgcc.a(_arm_addsubdf3.o)
                              CMakeFiles/2PID_steer_dataro.elf.dir/Core/Src/main.c.obj (__aeabi_f2d)
c:/progra~2/gnuarm~1/102021~1.10/bin/../lib/gcc/arm-none-eabi/10.3.1/thumb/v7e-m+fp/hard\libgcc.a(_aeabi_uldivmod.o)
                              CMakeFiles/2PID_steer_dataro.elf.dir/Drivers/STM32G4xx_HAL_Driver/Src/stm32g4xx_hal_uart.c.obj (__aeabi_uldivmod)
c:/progra~2/gnuarm~1/102021~1.10/bin/../lib/gcc/arm-none-eabi/10.3.1/thumb/v7e-m+fp/hard\libgcc.a(_udivmoddi4.o)
                              c:/progra~2/gnuarm~1/102021~1.10/bin/../lib/gcc/arm-none-eabi/10.3.1/thumb/v7e-m+fp/hard\libgcc.a(_aeabi_uldivmod.o) (__udivmoddi4)
c:/progra~2/gnuarm~1/102021~1.10/bin/../lib/gcc/arm-none-eabi/10.3.1/thumb/v7e-m+fp/hard\libgcc.a(_dvmd_tls.o)
                              c:/progra~2/gnuarm~1/102021~1.10/bin/../lib/gcc/arm-none-eabi/10.3.1/thumb/v7e-m+fp/hard\libgcc.a(_aeabi_uldivmod.o) (__aeabi_ldiv0)
c:/progra~2/gnuarm~1/102021~1.10/bin/../lib/gcc/arm-none-eabi/10.3.1/../../../../arm-none-eabi/lib/thumb/v7e-m+fp/hard\libg.a(lib_a-atoff.o)
                              CMakeFiles/2PID_steer_dataro.elf.dir/Core/Src/main.c.obj (atoff)
c:/progra~2/gnuarm~1/102021~1.10/bin/../lib/gcc/arm-none-eabi/10.3.1/../../../../arm-none-eabi/lib/thumb/v7e-m+fp/hard\libg.a(lib_a-errno.o)
                              CMakeFiles/2PID_steer_dataro.elf.dir/Core/Src/syscalls.c.obj (__errno)
c:/progra~2/gnuarm~1/102021~1.10/bin/../lib/gcc/arm-none-eabi/10.3.1/../../../../arm-none-eabi/lib/thumb/v7e-m+fp/hard\libg.a(lib_a-exit.o)
                              c:/progra~2/gnuarm~1/102021~1.10/bin/../lib/gcc/arm-none-eabi/10.3.1/../../../../arm-none-eabi/lib/thumb/v7e-m+fp/hard/crt0.o (exit)
c:/progra~2/gnuarm~1/102021~1.10/bin/../lib/gcc/arm-none-eabi/10.3.1/../../../../arm-none-eabi/lib/thumb/v7e-m+fp/hard\libg.a(lib_a-impure.o)
                              c:/progra~2/gnuarm~1/102021~1.10/bin/../lib/gcc/arm-none-eabi/10.3.1/../../../../arm-none-eabi/lib/thumb/v7e-m+fp/hard\libg.a(lib_a-exit.o) (_global_impure_ptr)
c:/progra~2/gnuarm~1/102021~1.10/bin/../lib/gcc/arm-none-eabi/10.3.1/../../../../arm-none-eabi/lib/thumb/v7e-m+fp/hard\libg.a(lib_a-init.o)
                              c:/progra~2/gnuarm~1/102021~1.10/bin/../lib/gcc/arm-none-eabi/10.3.1/../../../../arm-none-eabi/lib/thumb/v7e-m+fp/hard/crt0.o (__libc_init_array)
c:/progra~2/gnuarm~1/102021~1.10/bin/../lib/gcc/arm-none-eabi/10.3.1/../../../../arm-none-eabi/lib/thumb/v7e-m+fp/hard\libg.a(lib_a-memset.o)
                              c:/progra~2/gnuarm~1/102021~1.10/bin/../lib/gcc/arm-none-eabi/10.3.1/../../../../arm-none-eabi/lib/thumb/v7e-m+fp/hard/crt0.o (memset)
c:/progra~2/gnuarm~1/102021~1.10/bin/../lib/gcc/arm-none-eabi/10.3.1/../../../../arm-none-eabi/lib/thumb/v7e-m+fp/hard\libg.a(lib_a-printf.o)
                              CMakeFiles/2PID_steer_dataro.elf.dir/Core/Src/main.c.obj (printf)
c:/progra~2/gnuarm~1/102021~1.10/bin/../lib/gcc/arm-none-eabi/10.3.1/../../../../arm-none-eabi/lib/thumb/v7e-m+fp/hard\libg.a(lib_a-setbuf.o)
                              CMakeFiles/2PID_steer_dataro.elf.dir/Core/Src/main.c.obj (setbuf)
c:/progra~2/gnuarm~1/102021~1.10/bin/../lib/gcc/arm-none-eabi/10.3.1/../../../../arm-none-eabi/lib/thumb/v7e-m+fp/hard\libg.a(lib_a-setvbuf.o)
                              c:/progra~2/gnuarm~1/102021~1.10/bin/../lib/gcc/arm-none-eabi/10.3.1/../../../../arm-none-eabi/lib/thumb/v7e-m+fp/hard\libg.a(lib_a-setbuf.o) (setvbuf)
c:/progra~2/gnuarm~1/102021~1.10/bin/../lib/gcc/arm-none-eabi/10.3.1/../../../../arm-none-eabi/lib/thumb/v7e-m+fp/hard\libg.a(lib_a-strtod.o)
                              c:/progra~2/gnuarm~1/102021~1.10/bin/../lib/gcc/arm-none-eabi/10.3.1/../../../../arm-none-eabi/lib/thumb/v7e-m+fp/hard\libg.a(lib_a-atoff.o) (strtof)
c:/progra~2/gnuarm~1/102021~1.10/bin/../lib/gcc/arm-none-eabi/10.3.1/../../../../arm-none-eabi/lib/thumb/v7e-m+fp/hard\libg.a(lib_a-vfprintf.o)
                              c:/progra~2/gnuarm~1/102021~1.10/bin/../lib/gcc/arm-none-eabi/10.3.1/../../../../arm-none-eabi/lib/thumb/v7e-m+fp/hard\libg.a(lib_a-printf.o) (_vfprintf_r)
c:/progra~2/gnuarm~1/102021~1.10/bin/../lib/gcc/arm-none-eabi/10.3.1/../../../../arm-none-eabi/lib/thumb/v7e-m+fp/hard\libg.a(lib_a-wsetup.o)
                              c:/progra~2/gnuarm~1/102021~1.10/bin/../lib/gcc/arm-none-eabi/10.3.1/../../../../arm-none-eabi/lib/thumb/v7e-m+fp/hard\libg.a(lib_a-vfprintf.o) (__swsetup_r)
c:/progra~2/gnuarm~1/102021~1.10/bin/../lib/gcc/arm-none-eabi/10.3.1/../../../../arm-none-eabi/lib/thumb/v7e-m+fp/hard\libg.a(lib_a-__call_atexit.o)
                              c:/progra~2/gnuarm~1/102021~1.10/bin/../lib/gcc/arm-none-eabi/10.3.1/../../../../arm-none-eabi/lib/thumb/v7e-m+fp/hard\libg.a(lib_a-exit.o) (__call_exitprocs)
[...]
Memory Configuration

Name             Origin             Length             Attributes
RAM              0x20000000         0x00008000         xrw
FLASH            0x08000000         0x00020000         xr
*default*        0x00000000         0xffffffff

Linker script and memory map

LOAD c:/progra~2/gnuarm~1/102021~1.10/bin/../lib/gcc/arm-none-eabi/10.3.1/thumb/v7e-m+fp/hard/crti.o
LOAD c:/progra~2/gnuarm~1/102021~1.10/bin/../lib/gcc/arm-none-eabi/10.3.1/thumb/v7e-m+fp/hard/crtbegin.o
LOAD c:/progra~2/gnuarm~1/102021~1.10/bin/../lib/gcc/arm-none-eabi/10.3.1/../../../../arm-none-eabi/lib/thumb/v7e-m+fp/hard/crt0.o
LOAD CMakeFiles/2PID_steer_dataro.elf.dir/Core/Src/PID.c.obj
LOAD CMakeFiles/2PID_steer_dataro.elf.dir/Core/Src/main.c.obj
LOAD CMakeFiles/2PID_steer_dataro.elf.dir/Core/Src/stm32g4xx_hal_msp.c.obj
LOAD CMakeFiles/2PID_steer_dataro.elf.dir/Core/Src/stm32g4xx_hal_timebase_tim.c.obj
LOAD CMakeFiles/2PID_steer_dataro.elf.dir/Core/Src/stm32g4xx_it.c.obj
LOAD CMakeFiles/2PID_steer_dataro.elf.dir/Core/Src/syscalls.c.obj
LOAD CMakeFiles/2PID_steer_dataro.elf.dir/Core/Src/sysmem.c.obj
LOAD CMakeFiles/2PID_steer_dataro.elf.dir/Core/Src/system_stm32g4xx.c.obj
LOAD CMakeFiles/2PID_steer_dataro.elf.dir/Core/Startup/startup_stm32g431kbtx.s.obj
LOAD CMakeFiles/2PID_steer_dataro.elf.dir/Drivers/STM32G4xx_HAL_Driver/Src/stm32g4xx_hal.c.obj
LOAD CMakeFiles/2PID_steer_dataro.elf.dir/Drivers/STM32G4xx_HAL_Driver/Src/stm32g4xx_hal_cortex.c.obj
LOAD CMakeFiles/2PID_steer_dataro.elf.dir/Drivers/STM32G4xx_HAL_Driver/Src/stm32g4xx_hal_dma.c.obj
LOAD CMakeFiles/2PID_steer_dataro.elf.dir/Drivers/STM32G4xx_HAL_Driver/Src/stm32g4xx_hal_dma_ex.c.obj
LOAD CMakeFiles/2PID_steer_dataro.elf.dir/Drivers/STM32G4xx_HAL_Driver/Src/stm32g4xx_hal_exti.c.obj
LOAD CMakeFiles/2PID_steer_dataro.elf.dir/Drivers/STM32G4xx_HAL_Driver/Src/stm32g4xx_hal_flash.c.obj
LOAD CMakeFiles/2PID_steer_dataro.elf.dir/Drivers/STM32G4xx_HAL_Driver/Src/stm32g4xx_hal_flash_ex.c.obj
LOAD CMakeFiles/2PID_steer_dataro.elf.dir/Drivers/STM32G4xx_HAL_Driver/Src/stm32g4xx_hal_flash_ramfunc.c.obj
LOAD CMakeFiles/2PID_steer_dataro.elf.dir/Drivers/STM32G4xx_HAL_Driver/Src/stm32g4xx_hal_gpio.c.obj
LOAD CMakeFiles/2PID_steer_dataro.elf.dir/Drivers/STM32G4xx_HAL_Driver/Src/stm32g4xx_hal_pwr.c.obj
LOAD CMakeFiles/2PID_steer_dataro.elf.dir/Drivers/STM32G4xx_HAL_Driver/Src/stm32g4xx_hal_pwr_ex.c.obj
LOAD CMakeFiles/2PID_steer_dataro.elf.dir/Drivers/STM32G4xx_HAL_Driver/Src/stm32g4xx_hal_rcc.c.obj
LOAD CMakeFiles/2PID_steer_dataro.elf.dir/Drivers/STM32G4xx_HAL_Driver/Src/stm32g4xx_hal_rcc_ex.c.obj
LOAD CMakeFiles/2PID_steer_dataro.elf.dir/Drivers/STM32G4xx_HAL_Driver/Src/stm32g4xx_hal_tim.c.obj
LOAD CMakeFiles/2PID_steer_dataro.elf.dir/Drivers/STM32G4xx_HAL_Driver/Src/stm32g4xx_hal_tim_ex.c.obj
LOAD CMakeFiles/2PID_steer_dataro.elf.dir/Drivers/STM32G4xx_HAL_Driver/Src/stm32g4xx_hal_uart.c.obj
LOAD CMakeFiles/2PID_steer_dataro.elf.dir/Drivers/STM32G4xx_HAL_Driver/Src/stm32g4xx_hal_uart_ex.c.obj
START GROUP
LOAD c:/progra~2/gnuarm~1/102021~1.10/bin/../lib/gcc/arm-none-eabi/10.3.1/thumb/v7e-m+fp/hard\libgcc.a
LOAD c:/progra~2/gnuarm~1/102021~1.10/bin/../lib/gcc/arm-none-eabi/10.3.1/../../../../arm-none-eabi/lib/thumb/v7e-m+fp/hard\libg.a
LOAD c:/progra~2/gnuarm~1/102021~1.10/bin/../lib/gcc/arm-none-eabi/10.3.1/../../../../arm-none-eabi/lib/thumb/v7e-m+fp/hard\libc.a
END GROUP
LOAD c:/progra~2/gnuarm~1/102021~1.10/bin/../lib/gcc/arm-none-eabi/10.3.1/thumb/v7e-m+fp/hard/crtend.o
LOAD c:/progra~2/gnuarm~1/102021~1.10/bin/../lib/gcc/arm-none-eabi/10.3.1/thumb/v7e-m+fp/hard/crtn.o
                0x20008000                _estack = (ORIGIN (RAM) + LENGTH (RAM))
                0x00000200                _Min_Heap_Size = 0x200
                0x00000400                _Min_Stack_Size = 0x400

.isr_vector     0x08000000      0x1d8
                0x08000000                . = ALIGN (0x4)
 *(.isr_vector)
 .isr_vector    0x08000000      0x1d8 CMakeFiles/2PID_steer_dataro.elf.dir/Core/Startup/startup_stm32g431kbtx.s.obj
                0x08000000                g_pfnVectors
                0x080001d8                . = ALIGN (0x4)

.text           0x08000200     0xc9a0
                0x08000200                . = ALIGN (0x4)
 *(.text)
 .text          0x08000200       0x40 c:/progra~2/gnuarm~1/102021~1.10/bin/../lib/gcc/arm-none-eabi/10.3.1/thumb/v7e-m+fp/hard/crtbegin.o
 .text          0x08000240      0x378 c:/progra~2/gnuarm~1/102021~1.10/bin/../lib/gcc/arm-none-eabi/10.3.1/thumb/v7e-m+fp/hard\libgcc.a(_arm_addsubdf3.o)
                0x08000240                __aeabi_drsub
                0x08000248                __aeabi_dsub
                0x08000248                __subdf3
                0x0800024c                __aeabi_dadd
                0x0800024c                __adddf3
                0x080004c4                __floatunsidf
                0x080004c4                __aeabi_ui2d
                0x080004e4                __floatsidf
                0x080004e4                __aeabi_i2d
                0x08000508                __aeabi_f2d
                0x08000508                __extendsfdf2
                0x0800054c                __floatundidf
                0x0800054c                __aeabi_ul2d
                0x0800055c                __floatdidf
                0x0800055c                __aeabi_l2d
 .text          0x080005b8       0x30 c:/progra~2/gnuarm~1/102021~1.10/bin/../lib/gcc/arm-none-eabi/10.3.1/thumb/v7e-m+fp/hard\libgcc.a(_aeabi_uldivmod.o)
                0x080005b8                __aeabi_uldivmod
 .text          0x080005e8      0x2d0 c:/progra~2/gnuarm~1/102021~1.10/bin/../lib/gcc/arm-none-eabi/10.3.1/thumb/v7e-m+fp/hard\libgcc.a(_udivmoddi4.o)
                0x080005e8                __udivmoddi4
 .text          0x080008b8        0x4 c:/progra~2/gnuarm~1/102021~1.10/bin/../lib/gcc/arm-none-eabi/10.3.1/thumb/v7e-m+fp/hard\libgcc.a(_dvmd_tls.o)
                0x080008b8                __aeabi_idiv0
                0x080008b8                __aeabi_ldiv0
 *fill*         0x080008bc        0x4 
 .text          0x080008c0       0xa0 c:/progra~2/gnuarm~1/102021~1.10/bin/../lib/gcc/arm-none-eabi/10.3.1/../../../../arm-none-eabi/lib/thumb/v7e-m+fp/hard\libg.a(lib_a-memchr.o)
                0x080008c0                memchr
 .text          0x08000960      0x134 c:/progra~2/gnuarm~1/102021~1.10/bin/../lib/gcc/arm-none-eabi/10.3.1/../../../../arm-none-eabi/lib/thumb/v7e-m+fp/hard\libg.a(lib_a-memcpy.o)
                0x08000960                memcpy
 *fill*         0x08000a94       0x2c 
 .text          0x08000ac0       0xdc c:/progra~2/gnuarm~1/102021~1.10/bin/../lib/gcc/arm-none-eabi/10.3.1/../../../../arm-none-eabi/lib/thumb/v7e-m+fp/hard\libg.a(lib_a-strlen.o)
                0x08000ac0                strlen
 .text          0x08000b9c      0x424 c:/progra~2/gnuarm~1/102021~1.10/bin/../lib/gcc/arm-none-eabi/10.3.1/thumb/v7e-m+fp/hard\libgcc.a(_arm_muldivdf3.o)
                0x08000b9c                __aeabi_dmul
                0x08000b9c                __muldf3
                0x08000df0                __divdf3
                0x08000df0                __aeabi_ddiv
 .text          0x08000fc0      0x110 c:/progra~2/gnuarm~1/102021~1.10/bin/../lib/gcc/arm-none-eabi/10.3.1/thumb/v7e-m+fp/hard\libgcc.a(_arm_cmpdf2.o)
                0x08000fc0                __gtdf2
                0x08000fc0                __gedf2
                0x08000fc8                __ltdf2
                0x08000fc8                __ledf2
                0x08000fd0                __nedf2
                0x08000fd0                __eqdf2
                0x08000fd0                __cmpdf2
                0x0800104c                __aeabi_cdrcmple
                0x0800105c                __aeabi_cdcmpeq
                0x0800105c                __aeabi_cdcmple
                0x0800106c                __aeabi_dcmpeq
                0x08001080                __aeabi_dcmplt
                0x08001094                __aeabi_dcmple
                0x080010a8                __aeabi_dcmpge
                0x080010bc                __aeabi_dcmpgt
 .text          0x080010d0       0x2c c:/progra~2/gnuarm~1/102021~1.10/bin/../lib/gcc/arm-none-eabi/10.3.1/thumb/v7e-m+fp/hard\libgcc.a(_arm_unorddf2.o)
                0x080010d0                __unorddf2
                0x080010d0                __aeabi_dcmpun
 .text          0x080010fc       0x50 c:/progra~2/gnuarm~1/102021~1.10/bin/../lib/gcc/arm-none-eabi/10.3.1/thumb/v7e-m+fp/hard\libgcc.a(_arm_fixdfsi.o)
                0x080010fc                __aeabi_d2iz
                0x080010fc                __fixdfsi
 .text          0x0800114c       0x40 c:/progra~2/gnuarm~1/102021~1.10/bin/../lib/gcc/arm-none-eabi/10.3.1/thumb/v7e-m+fp/hard\libgcc.a(_arm_fixunsdfsi.o)
                0x0800114c                __aeabi_d2uiz
                0x0800114c                __fixunsdfsi
 .text          0x0800118c       0xa0 c:/progra~2/gnuarm~1/102021~1.10/bin/../lib/gcc/arm-none-eabi/10.3.1/thumb/v7e-m+fp/hard\libgcc.a(_arm_truncdfsf2.o)
                0x0800118c                __truncdfsf2
                0x0800118c                __aeabi_d2f
 .text          0x0800122c       0x30 c:/progra~2/gnuarm~1/102021~1.10/bin/../lib/gcc/arm-none-eabi/10.3.1/thumb/v7e-m+fp/hard\libgcc.a(_fixdfdi.o)
                0x0800122c                __fixdfdi
                0x0800122c                __aeabi_d2lz
 .text          0x0800125c       0x3c c:/progra~2/gnuarm~1/102021~1.10/bin/../lib/gcc/arm-none-eabi/10.3.1/thumb/v7e-m+fp/hard\libgcc.a(_fixunsdfdi.o)
                0x0800125c                __fixunsdfdi
                0x0800125c                __aeabi_d2ulz
 *(.text*)
 .text.calc_PID
                0x08001298       0x8e CMakeFiles/2PID_steer_dataro.elf.dir/Core/Src/PID.c.obj
                0x08001298                calc_PID
 *fill*         0x08001326        0x2 
 .text.MX_GPIO_Init
                0x08001328       0xbc CMakeFiles/2PID_steer_dataro.elf.dir/Core/Src/main.c.obj
 .text._write   0x080013e4       0x18 CMakeFiles/2PID_steer_dataro.elf.dir/Core/Src/main.c.obj
                0x080013e4                _write
 .text.wheel_Feedfoward
                0x080013fc       0x24 CMakeFiles/2PID_steer_dataro.elf.dir/Core/Src/main.c.obj
                0x080013fc                wheel_Feedfoward
 .text.HAL_GPIO_EXTI_Callback
                0x08001420        0x2 CMakeFiles/2PID_steer_dataro.elf.dir/Core/Src/main.c.obj
                0x08001420                HAL_GPIO_EXTI_Callback
 *fill*         0x08001422        0x2 
 .text.HAL_UART_RxCpltCallback
                0x08001424       0x68 CMakeFiles/2PID_steer_dataro.elf.dir/Core/Src/main.c.obj
                0x08001424                HAL_UART_RxCpltCallback
 .text.HAL_TIM_PeriodElapsedCallback
                0x0800148c      0x220 CMakeFiles/2PID_steer_dataro.elf.dir/Core/Src/main.c.obj
                0x0800148c                HAL_TIM_PeriodElapsedCallback
 .text.Error_Handler
                0x080016ac        0x4 CMakeFiles/2PID_steer_dataro.elf.dir/Core/Src/main.c.obj
                0x080016ac                Error_Handler
 .text.MX_USART2_UART_Init
                0x080016b0       0x60 CMakeFiles/2PID_steer_dataro.elf.dir/Core/Src/main.c.obj
 .text.MX_TIM1_Init
                0x08001710       0x68 CMakeFiles/2PID_steer_dataro.elf.dir/Core/Src/main.c.obj
 .text.MX_TIM2_Init
                0x08001778       0x64 CMakeFiles/2PID_steer_dataro.elf.dir/Core/Src/main.c.obj
 .text.MX_TIM3_Init
                0x080017dc       0xb4 CMakeFiles/2PID_steer_dataro.elf.dir/Core/Src/main.c.obj
 .text.MX_TIM4_Init
                0x08001890       0x6c CMakeFiles/2PID_steer_dataro.elf.dir/Core/Src/main.c.obj
 .text.SystemClock_Config
                0x080018fc       0x8e CMakeFiles/2PID_steer_dataro.elf.dir/Core/Src/main.c.obj
                0x080018fc                SystemClock_Config
 *fill*         0x0800198a        0x2 
 .text.main     0x0800198c      0x108 CMakeFiles/2PID_steer_dataro.elf.dir/Core/Src/main.c.obj
                0x0800198c                main
 .text.HAL_MspInit
                0x08001a94       0x38 CMakeFiles/2PID_steer_dataro.elf.dir/Core/Src/stm32g4xx_hal_msp.c.obj
                0x08001a94                HAL_MspInit
 .text.HAL_TIM_Encoder_MspInit
                0x08001acc       0xec CMakeFiles/2PID_steer_dataro.elf.dir/Core/Src/stm32g4xx_hal_msp.c.obj
                0x08001acc                HAL_TIM_Encoder_MspInit
 .text.HAL_TIM_Base_MspInit
                0x08001bb8       0x60 CMakeFiles/2PID_steer_dataro.elf.dir/Core/Src/stm32g4xx_hal_msp.c.obj
                0x08001bb8                HAL_TIM_Base_MspInit
 .text.HAL_TIM_MspPostInit
                0x08001c18       0x78 CMakeFiles/2PID_steer_dataro.elf.dir/Core/Src/stm32g4xx_hal_msp.c.obj
                0x08001c18                HAL_TIM_MspPostInit
 .text.HAL_UART_MspInit
                0x08001c90       0x74 CMakeFiles/2PID_steer_dataro.elf.dir/Core/Src/stm32g4xx_hal_msp.c.obj
                0x08001c90                HAL_UART_MspInit
 .text.HAL_InitTick
                0x08001d04       0x94 CMakeFiles/2PID_steer_dataro.elf.dir/Core/Src/stm32g4xx_hal_timebase_tim.c.obj
                0x08001d04                HAL_InitTick
 .text.NMI_Handler
                0x08001d98        0x2 CMakeFiles/2PID_steer_dataro.elf.dir/Core/Src/stm32g4xx_it.c.obj
                0x08001d98                NMI_Handler
 .text.HardFault_Handler
                0x08001d9a        0x2 CMakeFiles/2PID_steer_dataro.elf.dir/Core/Src/stm32g4xx_it.c.obj
                0x08001d9a                HardFault_Handler
 .text.MemManage_Handler
                0x08001d9c        0x2 CMakeFiles/2PID_steer_dataro.elf.dir/Core/Src/stm32g4xx_it.c.obj
                0x08001d9c                MemManage_Handler
 .text.BusFault_Handler
                0x08001d9e        0x2 CMakeFiles/2PID_steer_dataro.elf.dir/Core/Src/stm32g4xx_it.c.obj
                0x08001d9e                BusFault_Handler
 .text.UsageFault_Handler
                0x08001da0        0x2 CMakeFiles/2PID_steer_dataro.elf.dir/Core/Src/stm32g4xx_it.c.obj
                0x08001da0                UsageFault_Handler
 .text.SVC_Handler
                0x08001da2        0x2 CMakeFiles/2PID_steer_dataro.elf.dir/Core/Src/stm32g4xx_it.c.obj
                0x08001da2                SVC_Handler
 .text.DebugMon_Handler
                0x08001da4        0x2 CMakeFiles/2PID_steer_dataro.elf.dir/Core/Src/stm32g4xx_it.c.obj
                0x08001da4                DebugMon_Handler
 .text.PendSV_Handler
                0x08001da6        0x2 CMakeFiles/2PID_steer_dataro.elf.dir/Core/Src/stm32g4xx_it.c.obj
                0x08001da6                PendSV_Handler
 .text.SysTick_Handler
                0x08001da8        0x2 CMakeFiles/2PID_steer_dataro.elf.dir/Core/Src/stm32g4xx_it.c.obj
                0x08001da8                SysTick_Handler
 .text.EXTI4_IRQHandler
                0x08001daa        0xa CMakeFiles/2PID_steer_dataro.elf.dir/Core/Src/stm32g4xx_it.c.obj
                0x08001daa                EXTI4_IRQHandler
 .text.TIM1_TRG_COM_TIM17_IRQHandler
                0x08001db4       0x18 CMakeFiles/2PID_steer_dataro.elf.dir/Core/Src/stm32g4xx_it.c.obj
                0x08001db4                TIM1_TRG_COM_TIM17_IRQHandler
 .text.TIM4_IRQHandler
                0x08001dcc       0x10 CMakeFiles/2PID_steer_dataro.elf.dir/Core/Src/stm32g4xx_it.c.obj
                0x08001dcc                TIM4_IRQHandler
 .text.USART2_IRQHandler
                0x08001ddc       0x10 CMakeFiles/2PID_steer_dataro.elf.dir/Core/Src/stm32g4xx_it.c.obj
                0x08001ddc                USART2_IRQHandler
 .text.EXTI15_10_IRQHandler
                0x08001dec        0xc CMakeFiles/2PID_steer_dataro.elf.dir/Core/Src/stm32g4xx_it.c.obj
                0x08001dec                EXTI15_10_IRQHandler
 .text._getpid  0x08001df8        0x4 CMakeFiles/2PID_steer_dataro.elf.dir/Core/Src/syscalls.c.obj
                0x08001df8                _getpid
 .text._kill    0x08001dfc       0x10 CMakeFiles/2PID_steer_dataro.elf.dir/Core/Src/syscalls.c.obj
                0x08001dfc                _kill
 .text._exit    0x08001e0c        0xc CMakeFiles/2PID_steer_dataro.elf.dir/Core/Src/syscalls.c.obj
                0x08001e0c                _exit
 .text._read    0x08001e18       0x20 CMakeFiles/2PID_steer_dataro.elf.dir/Core/Src/syscalls.c.obj
                0x08001e18                _read
 .text._close   0x08001e38        0x6 CMakeFiles/2PID_steer_dataro.elf.dir/Core/Src/syscalls.c.obj
                0x08001e38                _close
 .text._fstat   0x08001e3e        0xa CMakeFiles/2PID_steer_dataro.elf.dir/Core/Src/syscalls.c.obj
                0x08001e3e                _fstat
 .text._isatty  0x08001e48        0x4 CMakeFiles/2PID_steer_dataro.elf.dir/Core/Src/syscalls.c.obj
                0x08001e48                _isatty
 .text._lseek   0x08001e4c        0x4 CMakeFiles/2PID_steer_dataro.elf.dir/Core/Src/syscalls.c.obj
                0x08001e4c                _lseek
 .text._sbrk    0x08001e50       0x48 CMakeFiles/2PID_steer_dataro.elf.dir/Core/Src/sysmem.c.obj
                0x08001e50                _sbrk
 .text.SystemInit
                0x08001e98       0x14 CMakeFiles/2PID_steer_dataro.elf.dir/Core/Src/system_stm32g4xx.c.obj
                0x08001e98                SystemInit
 .text.Reset_Handler
                0x08001eac       0x50 CMakeFiles/2PID_steer_dataro.elf.dir/Core/Startup/startup_stm32g431kbtx.s.obj
                0x08001eac                Reset_Handler
 .text.Default_Handler
                0x08001efc        0x2 CMakeFiles/2PID_steer_dataro.elf.dir/Core/Startup/startup_stm32g431kbtx.s.obj
                0x08001efc                RTC_Alarm_IRQHandler
                0x08001efc                EXTI2_IRQHandler
                0x08001efc                TIM8_TRG_COM_IRQHandler
                0x08001efc                TIM8_CC_IRQHandler
                0x08001efc                TIM1_CC_IRQHandler
                0x08001efc                USB_HP_IRQHandler
                0x08001efc                CORDIC_IRQHandler
                0x08001efc                EXTI3_IRQHandler
                0x08001efc                I2C3_ER_IRQHandler
                0x08001efc                EXTI0_IRQHandler
                0x08001efc                I2C2_EV_IRQHandler
                0x08001efc                FPU_IRQHandler
                0x08001efc                FDCAN1_IT1_IRQHandler
                0x08001efc                TIM1_UP_TIM16_IRQHandler
                0x08001efc                ADC1_2_IRQHandler
                0x08001efc                SPI1_IRQHandler
                0x08001efc                TIM6_DAC_IRQHandler
                0x08001efc                TIM8_UP_IRQHandler
                0x08001efc                DMA2_Channel2_IRQHandler
                0x08001efc                DMA1_Channel4_IRQHandler
                0x08001efc                USART3_IRQHandler
                0x08001efc                DMA2_Channel1_IRQHandler
                0x08001efc                I2C1_EV_IRQHandler
                0x08001efc                DMA1_Channel6_IRQHandler
                0x08001efc                UART4_IRQHandler
                0x08001efc                DMA2_Channel4_IRQHandler
                0x08001efc                TIM3_IRQHandler
                0x08001efc                RCC_IRQHandler
                0x08001efc                DMA1_Channel1_IRQHandler
                0x08001efc                Default_Handler
                0x08001efc                RTC_TAMP_LSECSS_IRQHandler
                0x08001efc                FMAC_IRQHandler
                0x08001efc                TIM7_IRQHandler
                0x08001efc                UCPD1_IRQHandler
                0x08001efc                I2C3_EV_IRQHandler
                0x08001efc                EXTI9_5_IRQHandler
                0x08001efc                RTC_WKUP_IRQHandler
                0x08001efc                PVD_PVM_IRQHandler
                0x08001efc                SPI2_IRQHandler
                0x08001efc                DMA2_Channel5_IRQHandler
                0x08001efc                CRS_IRQHandler
                0x08001efc                DMA1_Channel5_IRQHandler
                0x08001efc                USB_LP_IRQHandler
                0x08001efc                RNG_IRQHandler
                0x08001efc                DMA1_Channel3_IRQHandler
                0x08001efc                WWDG_IRQHandler
                0x08001efc                LPUART1_IRQHandler
                0x08001efc                DMA2_Channel6_IRQHandler
                0x08001efc                FDCAN1_IT0_IRQHandler
                0x08001efc                TIM2_IRQHandler
                0x08001efc                COMP1_2_3_IRQHandler
                0x08001efc                EXTI1_IRQHandler
                0x08001efc                I2C2_ER_IRQHandler
                0x08001efc                DMA1_Channel2_IRQHandler
                0x08001efc                TIM8_BRK_IRQHandler
                0x08001efc                FLASH_IRQHandler
                0x08001efc                USART1_IRQHandler
                0x08001efc                SPI3_IRQHandler
                0x08001efc                I2C1_ER_IRQHandler
                0x08001efc                LPTIM1_IRQHandler
                0x08001efc                DMAMUX_OVR_IRQHandler
                0x08001efc                USBWakeUp_IRQHandler
                0x08001efc                SAI1_IRQHandler
                0x08001efc                DMA2_Channel3_IRQHandler
                0x08001efc                COMP4_IRQHandler
                0x08001efc                TIM1_BRK_TIM15_IRQHandler
 .text.HAL_Init
                0x08001efe       0x1e CMakeFiles/2PID_steer_dataro.elf.dir/Drivers/STM32G4xx_HAL_Driver/Src/stm32g4xx_hal.c.obj
                0x08001efe                HAL_Init
 .text.HAL_IncTick
                0x08001f1c       0x18 CMakeFiles/2PID_steer_dataro.elf.dir/Drivers/STM32G4xx_HAL_Driver/Src/stm32g4xx_hal.c.obj
                0x08001f1c                HAL_IncTick
 .text.HAL_GetTick
                0x08001f34        0xc CMakeFiles/2PID_steer_dataro.elf.dir/Drivers/STM32G4xx_HAL_Driver/Src/stm32g4xx_hal.c.obj
                0x08001f34                HAL_GetTick
 .text.HAL_Delay
                0x08001f40       0x28 CMakeFiles/2PID_steer_dataro.elf.dir/Drivers/STM32G4xx_HAL_Driver/Src/stm32g4xx_hal.c.obj
                0x08001f40                HAL_Delay
 .text.HAL_NVIC_SetPriorityGrouping
                0x08001f68       0x24 CMakeFiles/2PID_steer_dataro.elf.dir/Drivers/STM32G4xx_HAL_Driver/Src/stm32g4xx_hal_cortex.c.obj
                0x08001f68                HAL_NVIC_SetPriorityGrouping
 .text.HAL_NVIC_SetPriority
                0x08001f8c       0x70 CMakeFiles/2PID_steer_dataro.elf.dir/Drivers/STM32G4xx_HAL_Driver/Src/stm32g4xx_hal_cortex.c.obj
                0x08001f8c                HAL_NVIC_SetPriority
 .text.HAL_NVIC_EnableIRQ
                0x08001ffc       0x1c CMakeFiles/2PID_steer_dataro.elf.dir/Drivers/STM32G4xx_HAL_Driver/Src/stm32g4xx_hal_cortex.c.obj
                0x08001ffc                HAL_NVIC_EnableIRQ
 .text.HAL_DMA_Abort
                0x08002018       0x6c CMakeFiles/2PID_steer_dataro.elf.dir/Drivers/STM32G4xx_HAL_Driver/Src/stm32g4xx_hal_dma.c.obj
                0x08002018                HAL_DMA_Abort
 .text.HAL_DMA_Abort_IT
                0x08002084       0x7e CMakeFiles/2PID_steer_dataro.elf.dir/Drivers/STM32G4xx_HAL_Driver/Src/stm32g4xx_hal_dma.c.obj
                0x08002084                HAL_DMA_Abort_IT
 *fill*         0x08002102        0x2 
 .text.HAL_GPIO_Init
                0x08002104      0x1b4 CMakeFiles/2PID_steer_dataro.elf.dir/Drivers/STM32G4xx_HAL_Driver/Src/stm32g4xx_hal_gpio.c.obj
                0x08002104                HAL_GPIO_Init
 .text.HAL_GPIO_WritePin
                0x080022b8        0xa CMakeFiles/2PID_steer_dataro.elf.dir/Drivers/STM32G4xx_HAL_Driver/Src/stm32g4xx_hal_gpio.c.obj
                0x080022b8                HAL_GPIO_WritePin
 *fill*         0x080022c2        0x2 
 .text.HAL_GPIO_EXTI_IRQHandler
                0x080022c4       0x1c CMakeFiles/2PID_steer_dataro.elf.dir/Drivers/STM32G4xx_HAL_Driver/Src/stm32g4xx_hal_gpio.c.obj
                0x080022c4                HAL_GPIO_EXTI_IRQHandler
 .text.HAL_PWREx_ControlVoltageScaling
                0x080022e0      0x10c CMakeFiles/2PID_steer_dataro.elf.dir/Drivers/STM32G4xx_HAL_Driver/Src/stm32g4xx_hal_pwr_ex.c.obj
                0x080022e0                HAL_PWREx_ControlVoltageScaling
 .text.HAL_PWREx_DisableUCPDDeadBattery
                0x080023ec       0x10 CMakeFiles/2PID_steer_dataro.elf.dir/Drivers/STM32G4xx_HAL_Driver/Src/stm32g4xx_hal_pwr_ex.c.obj
                0x080023ec                HAL_PWREx_DisableUCPDDeadBattery
 .text.RCC_GetSysClockFreqFromPLLSource
                0x080023fc       0x58 CMakeFiles/2PID_steer_dataro.elf.dir/Drivers/STM32G4xx_HAL_Driver/Src/stm32g4xx_hal_rcc.c.obj
 .text.HAL_RCC_OscConfig
                0x08002454      0x4e8 CMakeFiles/2PID_steer_dataro.elf.dir/Drivers/STM32G4xx_HAL_Driver/Src/stm32g4xx_hal_rcc.c.obj
                0x08002454                HAL_RCC_OscConfig
 .text.HAL_RCC_GetSysClockFreq
                0x0800293c       0x88 CMakeFiles/2PID_steer_dataro.elf.dir/Drivers/STM32G4xx_HAL_Driver/Src/stm32g4xx_hal_rcc.c.obj
                0x0800293c                HAL_RCC_GetSysClockFreq
 .text.HAL_RCC_ClockConfig
                0x080029c4      0x1f8 CMakeFiles/2PID_steer_dataro.elf.dir/Drivers/STM32G4xx_HAL_Driver/Src/stm32g4xx_hal_rcc.c.obj
                0x080029c4                HAL_RCC_ClockConfig
 .text.HAL_RCC_GetHCLKFreq
                0x08002bbc        0xc CMakeFiles/2PID_steer_dataro.elf.dir/Drivers/STM32G4xx_HAL_Driver/Src/stm32g4xx_hal_rcc.c.obj
                0x08002bbc                HAL_RCC_GetHCLKFreq
 .text.HAL_RCC_GetPCLK1Freq
                0x08002bc8       0x24 CMakeFiles/2PID_steer_dataro.elf.dir/Drivers/STM32G4xx_HAL_Driver/Src/stm32g4xx_hal_rcc.c.obj
                0x08002bc8                HAL_RCC_GetPCLK1Freq
 .text.HAL_RCC_GetPCLK2Freq
                0x08002bec       0x24 CMakeFiles/2PID_steer_dataro.elf.dir/Drivers/STM32G4xx_HAL_Driver/Src/stm32g4xx_hal_rcc.c.obj
                0x08002bec                HAL_RCC_GetPCLK2Freq
 .text.HAL_RCC_GetClockConfig
                0x08002c10       0x3c CMakeFiles/2PID_steer_dataro.elf.dir/Drivers/STM32G4xx_HAL_Driver/Src/stm32g4xx_hal_rcc.c.obj
                0x08002c10                HAL_RCC_GetClockConfig
 .text.HAL_RCCEx_PeriphCLKConfig
                0x08002c4c      0x2e4 CMakeFiles/2PID_steer_dataro.elf.dir/Drivers/STM32G4xx_HAL_Driver/Src/stm32g4xx_hal_rcc_ex.c.obj
                0x08002c4c                HAL_RCCEx_PeriphCLKConfig
 .text.TIM_OC1_SetConfig
                0x08002f30       0xa0 CMakeFiles/2PID_steer_dataro.elf.dir/Drivers/STM32G4xx_HAL_Driver/Src/stm32g4xx_hal_tim.c.obj
 .text.TIM_OC3_SetConfig
                0x08002fd0       0x8c CMakeFiles/2PID_steer_dataro.elf.dir/Drivers/STM32G4xx_HAL_Driver/Src/stm32g4xx_hal_tim.c.obj
 .text.TIM_OC4_SetConfig
                0x0800305c       0x8c CMakeFiles/2PID_steer_dataro.elf.dir/Drivers/STM32G4xx_HAL_Driver/Src/stm32g4xx_hal_tim.c.obj
 .text.TIM_OC5_SetConfig
                0x080030e8       0x68 CMakeFiles/2PID_steer_dataro.elf.dir/Drivers/STM32G4xx_HAL_Driver/Src/stm32g4xx_hal_tim.c.obj
 .text.TIM_OC6_SetConfig
                0x08003150       0x6c CMakeFiles/2PID_steer_dataro.elf.dir/Drivers/STM32G4xx_HAL_Driver/Src/stm32g4xx_hal_tim.c.obj
 .text.TIM_TI1_ConfigInputStage
                0x080031bc       0x26 CMakeFiles/2PID_steer_dataro.elf.dir/Drivers/STM32G4xx_HAL_Driver/Src/stm32g4xx_hal_tim.c.obj
 .text.TIM_TI2_ConfigInputStage
                0x080031e2       0x28 CMakeFiles/2PID_steer_dataro.elf.dir/Drivers/STM32G4xx_HAL_Driver/Src/stm32g4xx_hal_tim.c.obj
 .text.TIM_ITRx_SetConfig
                0x0800320a       0x14 CMakeFiles/2PID_steer_dataro.elf.dir/Drivers/STM32G4xx_HAL_Driver/Src/stm32g4xx_hal_tim.c.obj
 *fill*         0x0800321e        0x2 
 .text.HAL_TIM_Base_Start_IT
                0x08003220       0x84 CMakeFiles/2PID_steer_dataro.elf.dir/Drivers/STM32G4xx_HAL_Driver/Src/stm32g4xx_hal_tim.c.obj
                0x08003220                HAL_TIM_Base_Start_IT
 .text.HAL_TIM_PWM_MspInit
                0x080032a4        0x2 CMakeFiles/2PID_steer_dataro.elf.dir/Drivers/STM32G4xx_HAL_Driver/Src/stm32g4xx_hal_tim.c.obj
                0x080032a4                HAL_TIM_PWM_MspInit
 .text.HAL_TIM_OC_DelayElapsedCallback
                0x080032a6        0x2 CMakeFiles/2PID_steer_dataro.elf.dir/Drivers/STM32G4xx_HAL_Driver/Src/stm32g4xx_hal_tim.c.obj
                0x080032a6                HAL_TIM_OC_DelayElapsedCallback
 .text.HAL_TIM_IC_CaptureCallback
                0x080032a8        0x2 CMakeFiles/2PID_steer_dataro.elf.dir/Drivers/STM32G4xx_HAL_Driver/Src/stm32g4xx_hal_tim.c.obj
                0x080032a8                HAL_TIM_IC_CaptureCallback
 .text.HAL_TIM_PWM_PulseFinishedCallback
                0x080032aa        0x2 CMakeFiles/2PID_steer_dataro.elf.dir/Drivers/STM32G4xx_HAL_Driver/Src/stm32g4xx_hal_tim.c.obj
                0x080032aa                HAL_TIM_PWM_PulseFinishedCallback
 .text.HAL_TIM_TriggerCallback
                0x080032ac        0x2 CMakeFiles/2PID_steer_dataro.elf.dir/Drivers/STM32G4xx_HAL_Driver/Src/stm32g4xx_hal_tim.c.obj
                0x080032ac                HAL_TIM_TriggerCallback
 .text.HAL_TIM_IRQHandler
                0x080032ae      0x21e CMakeFiles/2PID_steer_dataro.elf.dir/Drivers/STM32G4xx_HAL_Driver/Src/stm32g4xx_hal_tim.c.obj
                0x080032ae                HAL_TIM_IRQHandler
 .text.TIM_Base_SetConfig
                0x080034cc       0xb8 CMakeFiles/2PID_steer_dataro.elf.dir/Drivers/STM32G4xx_HAL_Driver/Src/stm32g4xx_hal_tim.c.obj
                0x080034cc                TIM_Base_SetConfig
 .text.HAL_TIM_Base_Init
                0x08003584       0x60 CMakeFiles/2PID_steer_dataro.elf.dir/Drivers/STM32G4xx_HAL_Driver/Src/stm32g4xx_hal_tim.c.obj
                0x08003584                HAL_TIM_Base_Init
 .text.HAL_TIM_PWM_Init
                0x080035e4       0x60 CMakeFiles/2PID_steer_dataro.elf.dir/Drivers/STM32G4xx_HAL_Driver/Src/stm32g4xx_hal_tim.c.obj
                0x080035e4                HAL_TIM_PWM_Init
 .text.HAL_TIM_Encoder_Init
                0x08003644       0xb6 CMakeFiles/2PID_steer_dataro.elf.dir/Drivers/STM32G4xx_HAL_Driver/Src/stm32g4xx_hal_tim.c.obj
                0x08003644                HAL_TIM_Encoder_Init
 *fill*         0x080036fa        0x2 
 .text.TIM_OC2_SetConfig
                0x080036fc       0x8c CMakeFiles/2PID_steer_dataro.elf.dir/Drivers/STM32G4xx_HAL_Driver/Src/stm32g4xx_hal_tim.c.obj
                0x080036fc                TIM_OC2_SetConfig
 .text.HAL_TIM_PWM_ConfigChannel
                0x08003788      0x128 CMakeFiles/2PID_steer_dataro.elf.dir/Drivers/STM32G4xx_HAL_Driver/Src/stm32g4xx_hal_tim.c.obj
                0x08003788                HAL_TIM_PWM_ConfigChannel
 .text.TIM_ETR_SetConfig
                0x080038b0       0x1a CMakeFiles/2PID_steer_dataro.elf.dir/Drivers/STM32G4xx_HAL_Driver/Src/stm32g4xx_hal_tim.c.obj
                0x080038b0                TIM_ETR_SetConfig
 *fill*         0x080038ca        0x2 
 .text.HAL_TIM_ConfigClockSource
                0x080038cc      0x108 CMakeFiles/2PID_steer_dataro.elf.dir/Drivers/STM32G4xx_HAL_Driver/Src/stm32g4xx_hal_tim.c.obj
                0x080038cc                HAL_TIM_ConfigClockSource
 .text.TIM_CCxChannelCmd
                0x080039d4       0x1e CMakeFiles/2PID_steer_dataro.elf.dir/Drivers/STM32G4xx_HAL_Driver/Src/stm32g4xx_hal_tim.c.obj
                0x080039d4                TIM_CCxChannelCmd
 *fill*         0x080039f2        0x2 
 .text.HAL_TIM_PWM_Start
                0x080039f4      0x158 CMakeFiles/2PID_steer_dataro.elf.dir/Drivers/STM32G4xx_HAL_Driver/Src/stm32g4xx_hal_tim.c.obj
                0x080039f4                HAL_TIM_PWM_Start
 .text.HAL_TIM_Encoder_Start
                0x08003b4c       0xcc CMakeFiles/2PID_steer_dataro.elf.dir/Drivers/STM32G4xx_HAL_Driver/Src/stm32g4xx_hal_tim.c.obj
                0x08003b4c                HAL_TIM_Encoder_Start
 .text.HAL_TIMEx_MasterConfigSynchronization
                0x08003c18       0x94 CMakeFiles/2PID_steer_dataro.elf.dir/Drivers/STM32G4xx_HAL_Driver/Src/stm32g4xx_hal_tim_ex.c.obj
                0x08003c18                HAL_TIMEx_MasterConfigSynchronization
 .text.HAL_TIMEx_CommutCallback
                0x08003cac        0x2 CMakeFiles/2PID_steer_dataro.elf.dir/Drivers/STM32G4xx_HAL_Driver/Src/stm32g4xx_hal_tim_ex.c.obj
                0x08003cac                HAL_TIMEx_CommutCallback
 .text.HAL_TIMEx_BreakCallback
                0x08003cae        0x2 CMakeFiles/2PID_steer_dataro.elf.dir/Drivers/STM32G4xx_HAL_Driver/Src/stm32g4xx_hal_tim_ex.c.obj
                0x08003cae                HAL_TIMEx_BreakCallback
 .text.HAL_TIMEx_Break2Callback
                0x08003cb0        0x2 CMakeFiles/2PID_steer_dataro.elf.dir/Drivers/STM32G4xx_HAL_Driver/Src/stm32g4xx_hal_tim_ex.c.obj
                0x08003cb0                HAL_TIMEx_Break2Callback
 .text.HAL_TIMEx_EncoderIndexCallback
                0x08003cb2        0x2 CMakeFiles/2PID_steer_dataro.elf.dir/Drivers/STM32G4xx_HAL_Driver/Src/stm32g4xx_hal_tim_ex.c.obj
                0x08003cb2                HAL_TIMEx_EncoderIndexCallback
 .text.HAL_TIMEx_DirectionChangeCallback
                0x08003cb4        0x2 CMakeFiles/2PID_steer_dataro.elf.dir/Drivers/STM32G4xx_HAL_Driver/Src/stm32g4xx_hal_tim_ex.c.obj
                0x08003cb4                HAL_TIMEx_DirectionChangeCallback
 .text.HAL_TIMEx_IndexErrorCallback
                0x08003cb6        0x2 CMakeFiles/2PID_steer_dataro.elf.dir/Drivers/STM32G4xx_HAL_Driver/Src/stm32g4xx_hal_tim_ex.c.obj
                0x08003cb6                HAL_TIMEx_IndexErrorCallback
 .text.HAL_TIMEx_TransitionErrorCallback
                0x08003cb8        0x2 CMakeFiles/2PID_steer_dataro.elf.dir/Drivers/STM32G4xx_HAL_Driver/Src/stm32g4xx_hal_tim_ex.c.obj
                0x08003cb8                HAL_TIMEx_TransitionErrorCallback
 .text.UART_EndRxTransfer
                0x08003cba       0x38 CMakeFiles/2PID_steer_dataro.elf.dir/Drivers/STM32G4xx_HAL_Driver/Src/stm32g4xx_hal_uart.c.obj
 .text.HAL_UART_TxCpltCallback
                0x08003cf2        0x2 CMakeFiles/2PID_steer_dataro.elf.dir/Drivers/STM32G4xx_HAL_Driver/Src/stm32g4xx_hal_uart.c.obj
                0x08003cf2                HAL_UART_TxCpltCallback
 .text.UART_EndTransmit_IT
                0x08003cf4       0x1c CMakeFiles/2PID_steer_dataro.elf.dir/Drivers/STM32G4xx_HAL_Driver/Src/stm32g4xx_hal_uart.c.obj
 .text.HAL_UART_ErrorCallback
                0x08003d10        0x2 CMakeFiles/2PID_steer_dataro.elf.dir/Drivers/STM32G4xx_HAL_Driver/Src/stm32g4xx_hal_uart.c.obj
                0x08003d10                HAL_UART_ErrorCallback
 .text.UART_DMAAbortOnError
                0x08003d12       0x14 CMakeFiles/2PID_steer_dataro.elf.dir/Drivers/STM32G4xx_HAL_Driver/Src/stm32g4xx_hal_uart.c.obj
 .text.HAL_UARTEx_RxEventCallback
                0x08003d26        0x2 CMakeFiles/2PID_steer_dataro.elf.dir/Drivers/STM32G4xx_HAL_Driver/Src/stm32g4xx_hal_uart.c.obj
                0x08003d26                HAL_UARTEx_RxEventCallback
 .text.HAL_UART_IRQHandler
                0x08003d28      0x2d8 CMakeFiles/2PID_steer_dataro.elf.dir/Drivers/STM32G4xx_HAL_Driver/Src/stm32g4xx_hal_uart.c.obj
                0x08003d28                HAL_UART_IRQHandler
 .text.UART_RxISR_8BIT
                0x08004000       0x88 CMakeFiles/2PID_steer_dataro.elf.dir/Drivers/STM32G4xx_HAL_Driver/Src/stm32g4xx_hal_uart.c.obj
 .text.UART_RxISR_16BIT
                0x08004088       0x86 CMakeFiles/2PID_steer_dataro.elf.dir/Drivers/STM32G4xx_HAL_Driver/Src/stm32g4xx_hal_uart.c.obj
 *fill*         0x0800410e        0x2 
 .text.UART_RxISR_8BIT_FIFOEN
                0x08004110      0x158 CMakeFiles/2PID_steer_dataro.elf.dir/Drivers/STM32G4xx_HAL_Driver/Src/stm32g4xx_hal_uart.c.obj
 .text.UART_RxISR_16BIT_FIFOEN
                0x08004268      0x158 CMakeFiles/2PID_steer_dataro.elf.dir/Drivers/STM32G4xx_HAL_Driver/Src/stm32g4xx_hal_uart.c.obj
 .text.UART_SetConfig
                0x080043c0      0x344 CMakeFiles/2PID_steer_dataro.elf.dir/Drivers/STM32G4xx_HAL_Driver/Src/stm32g4xx_hal_uart.c.obj
                0x080043c0                UART_SetConfig
 .text.UART_AdvFeatureConfig
                0x08004704       0xca CMakeFiles/2PID_steer_dataro.elf.dir/Drivers/STM32G4xx_HAL_Driver/Src/stm32g4xx_hal_uart.c.obj
                0x08004704                UART_AdvFeatureConfig
 .text.UART_WaitOnFlagUntilTimeout
                0x080047ce       0xb0 CMakeFiles/2PID_steer_dataro.elf.dir/Drivers/STM32G4xx_HAL_Driver/Src/stm32g4xx_hal_uart.c.obj
                0x080047ce                UART_WaitOnFlagUntilTimeout
 .text.HAL_UART_Transmit
                0x0800487e       0xde CMakeFiles/2PID_steer_dataro.elf.dir/Drivers/STM32G4xx_HAL_Driver/Src/stm32g4xx_hal_uart.c.obj
                0x0800487e                HAL_UART_Transmit
 .text.UART_CheckIdleState
                0x0800495c       0x74 CMakeFiles/2PID_steer_dataro.elf.dir/Drivers/STM32G4xx_HAL_Driver/Src/stm32g4xx_hal_uart.c.obj
                0x0800495c                UART_CheckIdleState
 .text.HAL_UART_Init
                0x080049d0       0x66 CMakeFiles/2PID_steer_dataro.elf.dir/Drivers/STM32G4xx_HAL_Driver/Src/stm32g4xx_hal_uart.c.obj
                0x080049d0                HAL_UART_Init
 *fill*         0x08004a36        0x2 
 .text.UART_Start_Receive_IT
                0x08004a38       0xf8 CMakeFiles/2PID_steer_dataro.elf.dir/Drivers/STM32G4xx_HAL_Driver/Src/stm32g4xx_hal_uart.c.obj
                0x08004a38                UART_Start_Receive_IT
 .text.HAL_UART_Receive_IT
                0x08004b30       0x54 CMakeFiles/2PID_steer_dataro.elf.dir/Drivers/STM32G4xx_HAL_Driver/Src/stm32g4xx_hal_uart.c.obj
                0x08004b30                HAL_UART_Receive_IT
 .text.UARTEx_SetNbDataToProcess
                0x08004b84       0x4c CMakeFiles/2PID_steer_dataro.elf.dir/Drivers/STM32G4xx_HAL_Driver/Src/stm32g4xx_hal_uart_ex.c.obj
 .text.HAL_UARTEx_WakeupCallback
                0x08004bd0        0x2 CMakeFiles/2PID_steer_dataro.elf.dir/Drivers/STM32G4xx_HAL_Driver/Src/stm32g4xx_hal_uart_ex.c.obj
                0x08004bd0                HAL_UARTEx_WakeupCallback
 .text.HAL_UARTEx_RxFifoFullCallback
                0x08004bd2        0x2 CMakeFiles/2PID_steer_dataro.elf.dir/Drivers/STM32G4xx_HAL_Driver/Src/stm32g4xx_hal_uart_ex.c.obj
                0x08004bd2                HAL_UARTEx_RxFifoFullCallback
 .text.HAL_UARTEx_TxFifoEmptyCallback
                0x08004bd4        0x2 CMakeFiles/2PID_steer_dataro.elf.dir/Drivers/STM32G4xx_HAL_Driver/Src/stm32g4xx_hal_uart_ex.c.obj
                0x08004bd4                HAL_UARTEx_TxFifoEmptyCallback
 .text.HAL_UARTEx_DisableFifoMode
                0x08004bd6       0x3e CMakeFiles/2PID_steer_dataro.elf.dir/Drivers/STM32G4xx_HAL_Driver/Src/stm32g4xx_hal_uart_ex.c.obj
                0x08004bd6                HAL_UARTEx_DisableFifoMode
 .text.HAL_UARTEx_SetTxFifoThreshold
                0x08004c14       0x4a CMakeFiles/2PID_steer_dataro.elf.dir/Drivers/STM32G4xx_HAL_Driver/Src/stm32g4xx_hal_uart_ex.c.obj
                0x08004c14                HAL_UARTEx_SetTxFifoThreshold
 .text.HAL_UARTEx_SetRxFifoThreshold
                0x08004c5e       0x4a CMakeFiles/2PID_steer_dataro.elf.dir/Drivers/STM32G4xx_HAL_Driver/Src/stm32g4xx_hal_uart_ex.c.obj
                0x08004c5e                HAL_UARTEx_SetRxFifoThreshold
 .text.atoff    0x08004ca8        0x8 c:/progra~2/gnuarm~1/102021~1.10/bin/../lib/gcc/arm-none-eabi/10.3.1/../../../../arm-none-eabi/lib/thumb/v7e-m+fp/hard\libg.a(lib_a-atoff.o)
                0x08004ca8                atoff
 .text.__errno  0x08004cb0        0xc c:/progra~2/gnuarm~1/102021~1.10/bin/../lib/gcc/arm-none-eabi/10.3.1/../../../../arm-none-eabi/lib/thumb/v7e-m+fp/hard\libg.a(lib_a-errno.o)
                0x08004cb0                __errno
 .text.__libc_init_array
                0x08004cbc       0x48 c:/progra~2/gnuarm~1/102021~1.10/bin/../lib/gcc/arm-none-eabi/10.3.1/../../../../arm-none-eabi/lib/thumb/v7e-m+fp/hard\libg.a(lib_a-init.o)
                0x08004cbc                __libc_init_array
 .text.memset   0x08004d04       0xa4 c:/progra~2/gnuarm~1/102021~1.10/bin/../lib/gcc/arm-none-eabi/10.3.1/../../../../arm-none-eabi/lib/thumb/v7e-m+fp/hard\libg.a(lib_a-memset.o)
                0x08004d04                memset
 .text.printf   0x08004da8       0x28 c:/progra~2/gnuarm~1/102021~1.10/bin/../lib/gcc/arm-none-eabi/10.3.1/../../../../arm-none-eabi/lib/thumb/v7e-m+fp/hard\libg.a(lib_a-printf.o)
                0x08004da8                printf
 .text.setbuf   0x08004dd0       0x10 c:/progra~2/gnuarm~1/102021~1.10/bin/../lib/gcc/arm-none-eabi/10.3.1/../../../../arm-none-eabi/lib/thumb/v7e-m+fp/hard\libg.a(lib_a-setbuf.o)
                0x08004dd0                setbuf
 .text.setvbuf  0x08004de0      0x1b0 c:/progra~2/gnuarm~1/102021~1.10/bin/../lib/gcc/arm-none-eabi/10.3.1/../../../../arm-none-eabi/lib/thumb/v7e-m+fp/hard\libg.a(lib_a-setvbuf.o)
                0x08004de0                setvbuf
 .text._strtod_l
                0x08004f90      0xf50 c:/progra~2/gnuarm~1/102021~1.10/bin/../lib/gcc/arm-none-eabi/10.3.1/../../../../arm-none-eabi/lib/thumb/v7e-m+fp/hard\libg.a(lib_a-strtod.o)
                0x08004f90                _strtod_l
 .text.strtof   0x08005ee0       0xb8 c:/progra~2/gnuarm~1/102021~1.10/bin/../lib/gcc/arm-none-eabi/10.3.1/../../../../arm-none-eabi/lib/thumb/v7e-m+fp/hard\libg.a(lib_a-strtod.o)
                0x08005ee0                strtof
 .text._vfprintf_r
                0x08005f98     0x1b90 c:/progra~2/gnuarm~1/102021~1.10/bin/../lib/gcc/arm-none-eabi/10.3.1/../../../../arm-none-eabi/lib/thumb/v7e-m+fp/hard\libg.a(lib_a-vfprintf.o)
                0x08005f98                _vfprintf_r
 .text.__sbprintf
                0x08007b28       0x80 c:/progra~2/gnuarm~1/102021~1.10/bin/../lib/gcc/arm-none-eabi/10.3.1/../../../../arm-none-eabi/lib/thumb/v7e-m+fp/hard\libg.a(lib_a-vfprintf.o)
 .text.__swsetup_r
                0x08007ba8       0xd4 c:/progra~2/gnuarm~1/102021~1.10/bin/../lib/gcc/arm-none-eabi/10.3.1/../../../../arm-none-eabi/lib/thumb/v7e-m+fp/hard\libg.a(lib_a-wsetup.o)
                0x08007ba8                __swsetup_r
 .text.startup.register_fini
                0x08007c7c       0x14 c:/progra~2/gnuarm~1/102021~1.10/bin/../lib/gcc/arm-none-eabi/10.3.1/../../../../arm-none-eabi/lib/thumb/v7e-m+fp/hard\libg.a(lib_a-__call_atexit.o)
 .text.atexit   0x08007c90        0xc c:/progra~2/gnuarm~1/102021~1.10/bin/../lib/gcc/arm-none-eabi/10.3.1/../../../../arm-none-eabi/lib/thumb/v7e-m+fp/hard\libg.a(lib_a-atexit.o)
                0x08007c90                atexit
 .text.quorem   0x08007c9c      0x128 c:/progra~2/gnuarm~1/102021~1.10/bin/../lib/gcc/arm-none-eabi/10.3.1/../../../../arm-none-eabi/lib/thumb/v7e-m+fp/hard\libg.a(lib_a-dtoa.o)
 *fill*         0x08007dc4        0x4 
 .text._dtoa_r  0x08007dc8      0xf3c c:/progra~2/gnuarm~1/102021~1.10/bin/../lib/gcc/arm-none-eabi/10.3.1/../../../../arm-none-eabi/lib/thumb/v7e-m+fp/hard\libg.a(lib_a-dtoa.o)
                0x08007dc8                _dtoa_r
 .text.__sflush_r
                0x08008d04      0x130 c:/progra~2/gnuarm~1/102021~1.10/bin/../lib/gcc/arm-none-eabi/10.3.1/../../../../arm-none-eabi/lib/thumb/v7e-m+fp/hard\libg.a(lib_a-fflush.o)
                0x08008d04                __sflush_r
 .text._fflush_r
                0x08008e34       0x5c c:/progra~2/gnuarm~1/102021~1.10/bin/../lib/gcc/arm-none-eabi/10.3.1/../../../../arm-none-eabi/lib/thumb/v7e-m+fp/hard\libg.a(lib_a-fflush.o)
                0x08008e34                _fflush_r
 .text._cleanup_r
                0x08008e90        0xc c:/progra~2/gnuarm~1/102021~1.10/bin/../lib/gcc/arm-none-eabi/10.3.1/../../../../arm-none-eabi/lib/thumb/v7e-m+fp/hard\libg.a(lib_a-findfp.o)
                0x08008e90                _cleanup_r
 .text.__sinit  0x08008e9c      0x10c c:/progra~2/gnuarm~1/102021~1.10/bin/../lib/gcc/arm-none-eabi/10.3.1/../../../../arm-none-eabi/lib/thumb/v7e-m+fp/hard\libg.a(lib_a-findfp.o)
                0x08008e9c                __sinit
 .text.__sfp_lock_acquire
                0x08008fa8        0xc c:/progra~2/gnuarm~1/102021~1.10/bin/../lib/gcc/arm-none-eabi/10.3.1/../../../../arm-none-eabi/lib/thumb/v7e-m+fp/hard\libg.a(lib_a-findfp.o)
                0x08008fa8                __sfp_lock_acquire
 .text.__sfp_lock_release
                0x08008fb4        0xc c:/progra~2/gnuarm~1/102021~1.10/bin/../lib/gcc/arm-none-eabi/10.3.1/../../../../arm-none-eabi/lib/thumb/v7e-m+fp/hard\libg.a(lib_a-findfp.o)
                0x08008fb4                __sfp_lock_release
 .text.__libc_fini_array
                0x08008fc0       0x2c c:/progra~2/gnuarm~1/102021~1.10/bin/../lib/gcc/arm-none-eabi/10.3.1/../../../../arm-none-eabi/lib/thumb/v7e-m+fp/hard\libg.a(lib_a-fini.o)
                0x08008fc0                __libc_fini_array
 .text._malloc_trim_r
                0x08008fec       0xa0 c:/progra~2/gnuarm~1/102021~1.10/bin/../lib/gcc/arm-none-eabi/10.3.1/../../../../arm-none-eabi/lib/thumb/v7e-m+fp/hard\libg.a(lib_a-freer.o)
                0x08008fec                _malloc_trim_r
 .text._free_r  0x0800908c      0x20c c:/progra~2/gnuarm~1/102021~1.10/bin/../lib/gcc/arm-none-eabi/10.3.1/../../../../arm-none-eabi/lib/thumb/v7e-m+fp/hard\libg.a(lib_a-freer.o)
                0x0800908c                _free_r
 .text._fwalk_reent
                0x08009298       0x48 c:/progra~2/gnuarm~1/102021~1.10/bin/../lib/gcc/arm-none-eabi/10.3.1/../../../../arm-none-eabi/lib/thumb/v7e-m+fp/hard\libg.a(lib_a-fwalk.o)
                0x08009298                _fwalk_reent
 .text.rshift   0x080092e0       0xa4 c:/progra~2/gnuarm~1/102021~1.10/bin/../lib/gcc/arm-none-eabi/10.3.1/../../../../arm-none-eabi/lib/thumb/v7e-m+fp/hard\libg.a(lib_a-gdtoa-gethex.o)
 .text.__gethex
                0x08009384      0x5d8 c:/progra~2/gnuarm~1/102021~1.10/bin/../lib/gcc/arm-none-eabi/10.3.1/../../../../arm-none-eabi/lib/thumb/v7e-m+fp/hard\libg.a(lib_a-gdtoa-gethex.o)
                0x08009384                __gethex
 .text.__match  0x0800995c       0x38 c:/progra~2/gnuarm~1/102021~1.10/bin/../lib/gcc/arm-none-eabi/10.3.1/../../../../arm-none-eabi/lib/thumb/v7e-m+fp/hard\libg.a(lib_a-gdtoa-hexnan.o)
                0x0800995c                __match
 .text.__hexnan
                0x08009994      0x1ac c:/progra~2/gnuarm~1/102021~1.10/bin/../lib/gcc/arm-none-eabi/10.3.1/../../../../arm-none-eabi/lib/thumb/v7e-m+fp/hard\libg.a(lib_a-gdtoa-hexnan.o)
                0x08009994                __hexnan
 .text.__locale_mb_cur_max
                0x08009b40        0xc c:/progra~2/gnuarm~1/102021~1.10/bin/../lib/gcc/arm-none-eabi/10.3.1/../../../../arm-none-eabi/lib/thumb/v7e-m+fp/hard\libg.a(lib_a-locale.o)
                0x08009b40                __locale_mb_cur_max
 .text._localeconv_r
                0x08009b4c        0x8 c:/progra~2/gnuarm~1/102021~1.10/bin/../lib/gcc/arm-none-eabi/10.3.1/../../../../arm-none-eabi/lib/thumb/v7e-m+fp/hard\libg.a(lib_a-localeconv.o)
                0x08009b4c                _localeconv_r
 .text.__retarget_lock_init_recursive
                0x08009b54        0x4 c:/progra~2/gnuarm~1/102021~1.10/bin/../lib/gcc/arm-none-eabi/10.3.1/../../../../arm-none-eabi/lib/thumb/v7e-m+fp/hard\libg.a(lib_a-lock.o)
                0x08009b54                __retarget_lock_init_recursive
 .text.__retarget_lock_close_recursive
                0x08009b58        0x4 c:/progra~2/gnuarm~1/102021~1.10/bin/../lib/gcc/arm-none-eabi/10.3.1/../../../../arm-none-eabi/lib/thumb/v7e-m+fp/hard\libg.a(lib_a-lock.o)
                0x08009b58                __retarget_lock_close_recursive
 .text.__retarget_lock_acquire_recursive
                0x08009b5c        0x4 c:/progra~2/gnuarm~1/102021~1.10/bin/../lib/gcc/arm-none-eabi/10.3.1/../../../../arm-none-eabi/lib/thumb/v7e-m+fp/hard\libg.a(lib_a-lock.o)
                0x08009b5c                __retarget_lock_acquire_recursive
 .text.__retarget_lock_release_recursive
                0x08009b60        0x4 c:/progra~2/gnuarm~1/102021~1.10/bin/../lib/gcc/arm-none-eabi/10.3.1/../../../../arm-none-eabi/lib/thumb/v7e-m+fp/hard\libg.a(lib_a-lock.o)
                0x08009b60                __retarget_lock_release_recursive
 .text.__smakebuf_r
                0x08009b64       0xe0 c:/progra~2/gnuarm~1/102021~1.10/bin/../lib/gcc/arm-none-eabi/10.3.1/../../../../arm-none-eabi/lib/thumb/v7e-m+fp/hard\libg.a(lib_a-makebuf.o)
                0x08009b64                __smakebuf_r
 .text.__swhatbuf_r
                0x08009c44       0x60 c:/progra~2/gnuarm~1/102021~1.10/bin/../lib/gcc/arm-none-eabi/10.3.1/../../../../arm-none-eabi/lib/thumb/v7e-m+fp/hard\libg.a(lib_a-makebuf.o)
                0x08009c44                __swhatbuf_r
 .text.malloc   0x08009ca4       0x10 c:/progra~2/gnuarm~1/102021~1.10/bin/../lib/gcc/arm-none-eabi/10.3.1/../../../../arm-none-eabi/lib/thumb/v7e-m+fp/hard\libg.a(lib_a-malloc.o)
                0x08009ca4                malloc
 .text._malloc_r
                0x08009cb4      0x560 c:/progra~2/gnuarm~1/102021~1.10/bin/../lib/gcc/arm-none-eabi/10.3.1/../../../../arm-none-eabi/lib/thumb/v7e-m+fp/hard\libg.a(lib_a-mallocr.o)
                0x08009cb4                _malloc_r
 .text.__ascii_mbtowc
                0x0800a214       0x2c c:/progra~2/gnuarm~1/102021~1.10/bin/../lib/gcc/arm-none-eabi/10.3.1/../../../../arm-none-eabi/lib/thumb/v7e-m+fp/hard\libg.a(lib_a-mbtowc_r.o)
                0x0800a214                __ascii_mbtowc
 .text.__malloc_lock
                0x0800a240        0xc c:/progra~2/gnuarm~1/102021~1.10/bin/../lib/gcc/arm-none-eabi/10.3.1/../../../../arm-none-eabi/lib/thumb/v7e-m+fp/hard\libg.a(lib_a-mlock.o)
                0x0800a240                __malloc_lock
 .text.__malloc_unlock
                0x0800a24c        0xc c:/progra~2/gnuarm~1/102021~1.10/bin/../lib/gcc/arm-none-eabi/10.3.1/../../../../arm-none-eabi/lib/thumb/v7e-m+fp/hard\libg.a(lib_a-mlock.o)
                0x0800a24c                __malloc_unlock
 .text._Balloc  0x0800a258       0x4c c:/progra~2/gnuarm~1/102021~1.10/bin/../lib/gcc/arm-none-eabi/10.3.1/../../../../arm-none-eabi/lib/thumb/v7e-m+fp/hard\libg.a(lib_a-mprec.o)
                0x0800a258                _Balloc
 .text._Bfree   0x0800a2a4       0x14 c:/progra~2/gnuarm~1/102021~1.10/bin/../lib/gcc/arm-none-eabi/10.3.1/../../../../arm-none-eabi/lib/thumb/v7e-m+fp/hard\libg.a(lib_a-mprec.o)
                0x0800a2a4                _Bfree
 .text.__multadd
                0x0800a2b8       0xa8 c:/progra~2/gnuarm~1/102021~1.10/bin/../lib/gcc/arm-none-eabi/10.3.1/../../../../arm-none-eabi/lib/thumb/v7e-m+fp/hard\libg.a(lib_a-mprec.o)
                0x0800a2b8                __multadd
 .text.__s2b    0x0800a360       0xb4 c:/progra~2/gnuarm~1/102021~1.10/bin/../lib/gcc/arm-none-eabi/10.3.1/../../../../arm-none-eabi/lib/thumb/v7e-m+fp/hard\libg.a(lib_a-mprec.o)
                0x0800a360                __s2b
 .text.__hi0bits
                0x0800a414       0x40 c:/progra~2/gnuarm~1/102021~1.10/bin/../lib/gcc/arm-none-eabi/10.3.1/../../../../arm-none-eabi/lib/thumb/v7e-m+fp/hard\libg.a(lib_a-mprec.o)
                0x0800a414                __hi0bits
 .text.__lo0bits
                0x0800a454       0x60 c:/progra~2/gnuarm~1/102021~1.10/bin/../lib/gcc/arm-none-eabi/10.3.1/../../../../arm-none-eabi/lib/thumb/v7e-m+fp/hard\libg.a(lib_a-mprec.o)
                0x0800a454                __lo0bits
 .text.__i2b    0x0800a4b4       0x5c c:/progra~2/gnuarm~1/102021~1.10/bin/../lib/gcc/arm-none-eabi/10.3.1/../../../../arm-none-eabi/lib/thumb/v7e-m+fp/hard\libg.a(lib_a-mprec.o)
                0x0800a4b4                __i2b
 .text.__multiply
                0x0800a510      0x15c c:/progra~2/gnuarm~1/102021~1.10/bin/../lib/gcc/arm-none-eabi/10.3.1/../../../../arm-none-eabi/lib/thumb/v7e-m+fp/hard\libg.a(lib_a-mprec.o)
                0x0800a510                __multiply
 .text.__pow5mult
                0x0800a66c       0xc0 c:/progra~2/gnuarm~1/102021~1.10/bin/../lib/gcc/arm-none-eabi/10.3.1/../../../../arm-none-eabi/lib/thumb/v7e-m+fp/hard\libg.a(lib_a-mprec.o)
                0x0800a66c                __pow5mult
 .text.__lshift
                0x0800a72c       0xf0 c:/progra~2/gnuarm~1/102021~1.10/bin/../lib/gcc/arm-none-eabi/10.3.1/../../../../arm-none-eabi/lib/thumb/v7e-m+fp/hard\libg.a(lib_a-mprec.o)
                0x0800a72c                __lshift
 .text.__mcmp   0x0800a81c       0x44 c:/progra~2/gnuarm~1/102021~1.10/bin/../lib/gcc/arm-none-eabi/10.3.1/../../../../arm-none-eabi/lib/thumb/v7e-m+fp/hard\libg.a(lib_a-mprec.o)
                0x0800a81c                __mcmp
 .text.__mdiff  0x0800a860      0x14c c:/progra~2/gnuarm~1/102021~1.10/bin/../lib/gcc/arm-none-eabi/10.3.1/../../../../arm-none-eabi/lib/thumb/v7e-m+fp/hard\libg.a(lib_a-mprec.o)
                0x0800a860                __mdiff
 .text.__ulp    0x0800a9ac       0x60 c:/progra~2/gnuarm~1/102021~1.10/bin/../lib/gcc/arm-none-eabi/10.3.1/../../../../arm-none-eabi/lib/thumb/v7e-m+fp/hard\libg.a(lib_a-mprec.o)
                0x0800a9ac                __ulp
 .text.__b2d    0x0800aa0c       0xc0 c:/progra~2/gnuarm~1/102021~1.10/bin/../lib/gcc/arm-none-eabi/10.3.1/../../../../arm-none-eabi/lib/thumb/v7e-m+fp/hard\libg.a(lib_a-mprec.o)
                0x0800aa0c                __b2d
 .text.__d2b    0x0800aacc       0xd0 c:/progra~2/gnuarm~1/102021~1.10/bin/../lib/gcc/arm-none-eabi/10.3.1/../../../../arm-none-eabi/lib/thumb/v7e-m+fp/hard\libg.a(lib_a-mprec.o)
                0x0800aacc                __d2b
 .text.__ratio  0x0800ab9c       0x5c c:/progra~2/gnuarm~1/102021~1.10/bin/../lib/gcc/arm-none-eabi/10.3.1/../../../../arm-none-eabi/lib/thumb/v7e-m+fp/hard\libg.a(lib_a-mprec.o)
                0x0800ab9c                __ratio
 .text.__copybits
                0x0800abf8       0x5c c:/progra~2/gnuarm~1/102021~1.10/bin/../lib/gcc/arm-none-eabi/10.3.1/../../../../arm-none-eabi/lib/thumb/v7e-m+fp/hard\libg.a(lib_a-mprec.o)
                0x0800abf8                __copybits
 .text.__any_on
                0x0800ac54       0x64 c:/progra~2/gnuarm~1/102021~1.10/bin/../lib/gcc/arm-none-eabi/10.3.1/../../../../arm-none-eabi/lib/thumb/v7e-m+fp/hard\libg.a(lib_a-mprec.o)
                0x0800ac54                __any_on
 .text.frexp    0x0800acb8       0x6c c:/progra~2/gnuarm~1/102021~1.10/bin/../lib/gcc/arm-none-eabi/10.3.1/../../../../arm-none-eabi/lib/thumb/v7e-m+fp/hard\libg.a(lib_a-s_frexp.o)
                0x0800acb8                frexp
 *fill*         0x0800ad24        0x4 
 .text.nan      0x0800ad28       0x10 c:/progra~2/gnuarm~1/102021~1.10/bin/../lib/gcc/arm-none-eabi/10.3.1/../../../../arm-none-eabi/lib/thumb/v7e-m+fp/hard\libg.a(lib_a-s_nan.o)
                0x0800ad28                nan
 .text._sbrk_r  0x0800ad38       0x24 c:/progra~2/gnuarm~1/102021~1.10/bin/../lib/gcc/arm-none-eabi/10.3.1/../../../../arm-none-eabi/lib/thumb/v7e-m+fp/hard\libg.a(lib_a-sbrkr.o)
                0x0800ad38                _sbrk_r
 .text.nanf     0x0800ad5c        0xc c:/progra~2/gnuarm~1/102021~1.10/bin/../lib/gcc/arm-none-eabi/10.3.1/../../../../arm-none-eabi/lib/thumb/v7e-m+fp/hard\libg.a(lib_a-sf_nan.o)
                0x0800ad5c                nanf
 .text.__sread  0x0800ad68       0x24 c:/progra~2/gnuarm~1/102021~1.10/bin/../lib/gcc/arm-none-eabi/10.3.1/../../../../arm-none-eabi/lib/thumb/v7e-m+fp/hard\libg.a(lib_a-stdio.o)
                0x0800ad68                __sread
 .text.__swrite
                0x0800ad8c       0x40 c:/progra~2/gnuarm~1/102021~1.10/bin/../lib/gcc/arm-none-eabi/10.3.1/../../../../arm-none-eabi/lib/thumb/v7e-m+fp/hard\libg.a(lib_a-stdio.o)
                0x0800ad8c                __swrite
 .text.__sseek  0x0800adcc       0x20 c:/progra~2/gnuarm~1/102021~1.10/bin/../lib/gcc/arm-none-eabi/10.3.1/../../../../arm-none-eabi/lib/thumb/v7e-m+fp/hard\libg.a(lib_a-stdio.o)
                0x0800adcc                __sseek
 .text.__sclose
                0x0800adec        0x8 c:/progra~2/gnuarm~1/102021~1.10/bin/../lib/gcc/arm-none-eabi/10.3.1/../../../../arm-none-eabi/lib/thumb/v7e-m+fp/hard\libg.a(lib_a-stdio.o)
                0x0800adec                __sclose
 .text.strncmp  0x0800adf4       0x80 c:/progra~2/gnuarm~1/102021~1.10/bin/../lib/gcc/arm-none-eabi/10.3.1/../../../../arm-none-eabi/lib/thumb/v7e-m+fp/hard\libg.a(lib_a-strncmp.o)
                0x0800adf4                strncmp
 .text.strncpy  0x0800ae74       0x64 c:/progra~2/gnuarm~1/102021~1.10/bin/../lib/gcc/arm-none-eabi/10.3.1/../../../../arm-none-eabi/lib/thumb/v7e-m+fp/hard\libg.a(lib_a-strncpy.o)
                0x0800ae74                strncpy
 .text.__sprint_r.part.0
                0x0800aed8       0x78 c:/progra~2/gnuarm~1/102021~1.10/bin/../lib/gcc/arm-none-eabi/10.3.1/../../../../arm-none-eabi/lib/thumb/v7e-m+fp/hard\libg.a(lib_a-vfiprintf.o)
 .text.__sprint_r
                0x0800af50       0x18 c:/progra~2/gnuarm~1/102021~1.10/bin/../lib/gcc/arm-none-eabi/10.3.1/../../../../arm-none-eabi/lib/thumb/v7e-m+fp/hard\libg.a(lib_a-vfiprintf.o)
                0x0800af50                __sprint_r
 .text._vfiprintf_r
                0x0800af68      0xdfc c:/progra~2/gnuarm~1/102021~1.10/bin/../lib/gcc/arm-none-eabi/10.3.1/../../../../arm-none-eabi/lib/thumb/v7e-m+fp/hard\libg.a(lib_a-vfiprintf.o)
                0x0800af68                _vfiprintf_r
 .text.__sbprintf
                0x0800bd64       0x80 c:/progra~2/gnuarm~1/102021~1.10/bin/../lib/gcc/arm-none-eabi/10.3.1/../../../../arm-none-eabi/lib/thumb/v7e-m+fp/hard\libg.a(lib_a-vfiprintf.o)
 .text.__ascii_wctomb
                0x0800bde4       0x1c c:/progra~2/gnuarm~1/102021~1.10/bin/../lib/gcc/arm-none-eabi/10.3.1/../../../../arm-none-eabi/lib/thumb/v7e-m+fp/hard\libg.a(lib_a-wctomb_r.o)
                0x0800bde4                __ascii_wctomb
 .text._write_r
                0x0800be00       0x2c c:/progra~2/gnuarm~1/102021~1.10/bin/../lib/gcc/arm-none-eabi/10.3.1/../../../../arm-none-eabi/lib/thumb/v7e-m+fp/hard\libg.a(lib_a-writer.o)
                0x0800be00                _write_r
 .text.__register_exitproc
                0x0800be2c       0x8c c:/progra~2/gnuarm~1/102021~1.10/bin/../lib/gcc/arm-none-eabi/10.3.1/../../../../arm-none-eabi/lib/thumb/v7e-m+fp/hard\libg.a(lib_a-__atexit.o)
                0x0800be2c                __register_exitproc
 .text.__assert_func
                0x0800beb8       0x40 c:/progra~2/gnuarm~1/102021~1.10/bin/../lib/gcc/arm-none-eabi/10.3.1/../../../../arm-none-eabi/lib/thumb/v7e-m+fp/hard\libg.a(lib_a-assert.o)
                0x0800beb8                __assert_func
 .text._calloc_r
                0x0800bef8       0x78 c:/progra~2/gnuarm~1/102021~1.10/bin/../lib/gcc/arm-none-eabi/10.3.1/../../../../arm-none-eabi/lib/thumb/v7e-m+fp/hard\libg.a(lib_a-callocr.o)
                0x0800bef8                _calloc_r
 .text._close_r
                0x0800bf70       0x24 c:/progra~2/gnuarm~1/102021~1.10/bin/../lib/gcc/arm-none-eabi/10.3.1/../../../../arm-none-eabi/lib/thumb/v7e-m+fp/hard\libg.a(lib_a-closer.o)
                0x0800bf70                _close_r
 .text._fclose_r
                0x0800bf94       0xcc c:/progra~2/gnuarm~1/102021~1.10/bin/../lib/gcc/arm-none-eabi/10.3.1/../../../../arm-none-eabi/lib/thumb/v7e-m+fp/hard\libg.a(lib_a-fclose.o)
                0x0800bf94                _fclose_r
 .text.fiprintf
                0x0800c060       0x28 c:/progra~2/gnuarm~1/102021~1.10/bin/../lib/gcc/arm-none-eabi/10.3.1/../../../../arm-none-eabi/lib/thumb/v7e-m+fp/hard\libg.a(lib_a-fiprintf.o)
                0x0800c060                fiprintf
 .text.__fputwc
                0x0800c088       0xa8 c:/progra~2/gnuarm~1/102021~1.10/bin/../lib/gcc/arm-none-eabi/10.3.1/../../../../arm-none-eabi/lib/thumb/v7e-m+fp/hard\libg.a(lib_a-fputwc.o)
                0x0800c088                __fputwc
 .text._fputwc_r
                0x0800c130       0x68 c:/progra~2/gnuarm~1/102021~1.10/bin/../lib/gcc/arm-none-eabi/10.3.1/../../../../arm-none-eabi/lib/thumb/v7e-m+fp/hard\libg.a(lib_a-fputwc.o)
                0x0800c130                _fputwc_r
 .text._fstat_r
                0x0800c198       0x2c c:/progra~2/gnuarm~1/102021~1.10/bin/../lib/gcc/arm-none-eabi/10.3.1/../../../../arm-none-eabi/lib/thumb/v7e-m+fp/hard\libg.a(lib_a-fstatr.o)
                0x0800c198                _fstat_r
 .text.__sfvwrite_r
                0x0800c1c4      0x2f0 c:/progra~2/gnuarm~1/102021~1.10/bin/../lib/gcc/arm-none-eabi/10.3.1/../../../../arm-none-eabi/lib/thumb/v7e-m+fp/hard\libg.a(lib_a-fvwrite.o)
                0x0800c1c4                __sfvwrite_r
 .text._isatty_r
                0x0800c4b4       0x24 c:/progra~2/gnuarm~1/102021~1.10/bin/../lib/gcc/arm-none-eabi/10.3.1/../../../../arm-none-eabi/lib/thumb/v7e-m+fp/hard\libg.a(lib_a-isattyr.o)
                0x0800c4b4                _isatty_r
 .text._lseek_r
                0x0800c4d8       0x2c c:/progra~2/gnuarm~1/102021~1.10/bin/../lib/gcc/arm-none-eabi/10.3.1/../../../../arm-none-eabi/lib/thumb/v7e-m+fp/hard\libg.a(lib_a-lseekr.o)
                0x0800c4d8                _lseek_r
 .text.memmove  0x0800c504       0xf8 c:/progra~2/gnuarm~1/102021~1.10/bin/../lib/gcc/arm-none-eabi/10.3.1/../../../../arm-none-eabi/lib/thumb/v7e-m+fp/hard\libg.a(lib_a-memmove.o)
                0x0800c504                memmove
 .text._read_r  0x0800c5fc       0x2c c:/progra~2/gnuarm~1/102021~1.10/bin/../lib/gcc/arm-none-eabi/10.3.1/../../../../arm-none-eabi/lib/thumb/v7e-m+fp/hard\libg.a(lib_a-readr.o)
                0x0800c5fc                _read_r
 .text._realloc_r
                0x0800c628      0x3d8 c:/progra~2/gnuarm~1/102021~1.10/bin/../lib/gcc/arm-none-eabi/10.3.1/../../../../arm-none-eabi/lib/thumb/v7e-m+fp/hard\libg.a(lib_a-reallocr.o)
                0x0800c628                _realloc_r
 .text.__swbuf_r
                0x0800ca00       0xb0 c:/progra~2/gnuarm~1/102021~1.10/bin/../lib/gcc/arm-none-eabi/10.3.1/../../../../arm-none-eabi/lib/thumb/v7e-m+fp/hard\libg.a(lib_a-wbuf.o)
                0x0800ca00                __swbuf_r
 .text._wcrtomb_r
                0x0800cab0       0x3c c:/progra~2/gnuarm~1/102021~1.10/bin/../lib/gcc/arm-none-eabi/10.3.1/../../../../arm-none-eabi/lib/thumb/v7e-m+fp/hard\libg.a(lib_a-wcrtomb.o)
                0x0800cab0                _wcrtomb_r
 .text.abort    0x0800caec       0x10 c:/progra~2/gnuarm~1/102021~1.10/bin/../lib/gcc/arm-none-eabi/10.3.1/../../../../arm-none-eabi/lib/thumb/v7e-m+fp/hard\libg.a(lib_a-abort.o)
                0x0800caec                abort
 .text.raise    0x0800cafc       0x5c c:/progra~2/gnuarm~1/102021~1.10/bin/../lib/gcc/arm-none-eabi/10.3.1/../../../../arm-none-eabi/lib/thumb/v7e-m+fp/hard\libg.a(lib_a-signal.o)
                0x0800cafc                raise
 .text._kill_r  0x0800cb58       0x2c c:/progra~2/gnuarm~1/102021~1.10/bin/../lib/gcc/arm-none-eabi/10.3.1/../../../../arm-none-eabi/lib/thumb/v7e-m+fp/hard\libg.a(lib_a-signalr.o)
                0x0800cb58                _kill_r
 .text._getpid_r
                0x0800cb84        0x4 c:/progra~2/gnuarm~1/102021~1.10/bin/../lib/gcc/arm-none-eabi/10.3.1/../../../../arm-none-eabi/lib/thumb/v7e-m+fp/hard\libg.a(lib_a-signalr.o)
                0x0800cb84                _getpid_r
 *(.glue_7)
 .glue_7        0x0800cb88        0x0 linker stubs
 *(.glue_7t)
 .glue_7t       0x0800cb88        0x0 linker stubs
 *(.eh_frame)
 .eh_frame      0x0800cb88        0x0 c:/progra~2/gnuarm~1/102021~1.10/bin/../lib/gcc/arm-none-eabi/10.3.1/thumb/v7e-m+fp/hard/crtbegin.o
 *(.init)
 .init          0x0800cb88        0x4 c:/progra~2/gnuarm~1/102021~1.10/bin/../lib/gcc/arm-none-eabi/10.3.1/thumb/v7e-m+fp/hard/crti.o
                0x0800cb88                _init
 .init          0x0800cb8c        0x8 c:/progra~2/gnuarm~1/102021~1.10/bin/../lib/gcc/arm-none-eabi/10.3.1/thumb/v7e-m+fp/hard/crtn.o
 *(.fini)
 .fini          0x0800cb94        0x4 c:/progra~2/gnuarm~1/102021~1.10/bin/../lib/gcc/arm-none-eabi/10.3.1/thumb/v7e-m+fp/hard/crti.o
                0x0800cb94                _fini
 .fini          0x0800cb98        0x8 c:/progra~2/gnuarm~1/102021~1.10/bin/../lib/gcc/arm-none-eabi/10.3.1/thumb/v7e-m+fp/hard/crtn.o
                0x0800cba0                . = ALIGN (0x4)
                0x0800cba0                _etext = .

.vfp11_veneer   0x0800cba0        0x0
 .vfp11_veneer  0x0800cba0        0x0 linker stubs

.v4_bx          0x0800cba0        0x0
 .v4_bx         0x0800cba0        0x0 linker stubs

.iplt           0x0800cba0        0x0
 .iplt          0x0800cba0        0x0 c:/progra~2/gnuarm~1/102021~1.10/bin/../lib/gcc/arm-none-eabi/10.3.1/thumb/v7e-m+fp/hard/crtbegin.o

.rodata         0x0800cba0      0x658
                0x0800cba0                . = ALIGN (0x4)
 *(.rodata)
 *(.rodata*)
 .rodata.HAL_UART_RxCpltCallback.str1.4
                0x0800cba0        0x9 CMakeFiles/2PID_steer_dataro.elf.dir/Core/Src/main.c.obj
 *fill*         0x0800cba9        0x3 
 .rodata.main.str1.4
                0x0800cbac       0x11 CMakeFiles/2PID_steer_dataro.elf.dir/Core/Src/main.c.obj
 *fill*         0x0800cbbd        0x3 
 .rodata.AHBPrescTable
                0x0800cbc0       0x10 CMakeFiles/2PID_steer_dataro.elf.dir/Core/Src/system_stm32g4xx.c.obj
                0x0800cbc0                AHBPrescTable
 .rodata.APBPrescTable
                0x0800cbd0        0x8 CMakeFiles/2PID_steer_dataro.elf.dir/Core/Src/system_stm32g4xx.c.obj
                0x0800cbd0                APBPrescTable
 .rodata.UARTPrescTable
                0x0800cbd8       0x18 CMakeFiles/2PID_steer_dataro.elf.dir/Drivers/STM32G4xx_HAL_Driver/Src/stm32g4xx_hal_uart.c.obj
                0x0800cbd8                UARTPrescTable
 .rodata.denominator.0
                0x0800cbf0        0x8 CMakeFiles/2PID_steer_dataro.elf.dir/Drivers/STM32G4xx_HAL_Driver/Src/stm32g4xx_hal_uart_ex.c.obj
 .rodata.numerator.1
                0x0800cbf8        0x8 CMakeFiles/2PID_steer_dataro.elf.dir/Drivers/STM32G4xx_HAL_Driver/Src/stm32g4xx_hal_uart_ex.c.obj
 .rodata._global_impure_ptr
                0x0800cc00        0x4 c:/progra~2/gnuarm~1/102021~1.10/bin/../lib/gcc/arm-none-eabi/10.3.1/../../../../arm-none-eabi/lib/thumb/v7e-m+fp/hard\libg.a(lib_a-impure.o)
                0x0800cc00                _global_impure_ptr
 .rodata._strtod_l.str1.4
                0x0800cc04        0xf c:/progra~2/gnuarm~1/102021~1.10/bin/../lib/gcc/arm-none-eabi/10.3.1/../../../../arm-none-eabi/lib/thumb/v7e-m+fp/hard\libg.a(lib_a-strtod.o)
                                 0x11 (size before relaxing)
 *fill*         0x0800cc13        0x1 
 .rodata.fpi.1  0x0800cc14       0x14 c:/progra~2/gnuarm~1/102021~1.10/bin/../lib/gcc/arm-none-eabi/10.3.1/../../../../arm-none-eabi/lib/thumb/v7e-m+fp/hard\libg.a(lib_a-strtod.o)
 .rodata.fpinan.0
                0x0800cc28       0x14 c:/progra~2/gnuarm~1/102021~1.10/bin/../lib/gcc/arm-none-eabi/10.3.1/../../../../arm-none-eabi/lib/thumb/v7e-m+fp/hard\libg.a(lib_a-strtod.o)
 *fill*         0x0800cc3c        0x4 
 .rodata.tinytens
                0x0800cc40       0x28 c:/progra~2/gnuarm~1/102021~1.10/bin/../lib/gcc/arm-none-eabi/10.3.1/../../../../arm-none-eabi/lib/thumb/v7e-m+fp/hard\libg.a(lib_a-strtod.o)
 .rodata._vfprintf_r.str1.4
                0x0800cc68       0x42 c:/progra~2/gnuarm~1/102021~1.10/bin/../lib/gcc/arm-none-eabi/10.3.1/../../../../arm-none-eabi/lib/thumb/v7e-m+fp/hard\libg.a(lib_a-vfprintf.o)
 *fill*         0x0800ccaa        0x2 
 .rodata.blanks.1
                0x0800ccac       0x10 c:/progra~2/gnuarm~1/102021~1.10/bin/../lib/gcc/arm-none-eabi/10.3.1/../../../../arm-none-eabi/lib/thumb/v7e-m+fp/hard\libg.a(lib_a-vfprintf.o)
 .rodata.zeroes.0
                0x0800ccbc       0x10 c:/progra~2/gnuarm~1/102021~1.10/bin/../lib/gcc/arm-none-eabi/10.3.1/../../../../arm-none-eabi/lib/thumb/v7e-m+fp/hard\libg.a(lib_a-vfprintf.o)
 .rodata._dtoa_r.str1.4
                0x0800cccc       0xa2 c:/progra~2/gnuarm~1/102021~1.10/bin/../lib/gcc/arm-none-eabi/10.3.1/../../../../arm-none-eabi/lib/thumb/v7e-m+fp/hard\libg.a(lib_a-dtoa.o)
                                 0xa6 (size before relaxing)
 *fill*         0x0800cd6e        0x2 
 .rodata.__gethex.str1.4
                0x0800cd70       0x86 c:/progra~2/gnuarm~1/102021~1.10/bin/../lib/gcc/arm-none-eabi/10.3.1/../../../../arm-none-eabi/lib/thumb/v7e-m+fp/hard\libg.a(lib_a-gdtoa-gethex.o)
                                 0x9a (size before relaxing)
 *fill*         0x0800cdf6        0x2 
 .rodata.__hexdig
                0x0800cdf8      0x100 c:/progra~2/gnuarm~1/102021~1.10/bin/../lib/gcc/arm-none-eabi/10.3.1/../../../../arm-none-eabi/lib/thumb/v7e-m+fp/hard\libg.a(lib_a-gdtoa-gethex.o)
                0x0800cdf8                __hexdig
 .rodata.str1.4
                0x0800cef8        0x2 c:/progra~2/gnuarm~1/102021~1.10/bin/../lib/gcc/arm-none-eabi/10.3.1/../../../../arm-none-eabi/lib/thumb/v7e-m+fp/hard\libg.a(lib_a-lnumeric.o)
                                  0x5 (size before relaxing)
 *fill*         0x0800cefa        0x2 
 .rodata._C_numeric_locale
                0x0800cefc        0xc c:/progra~2/gnuarm~1/102021~1.10/bin/../lib/gcc/arm-none-eabi/10.3.1/../../../../arm-none-eabi/lib/thumb/v7e-m+fp/hard\libg.a(lib_a-lnumeric.o)
                0x0800cefc                _C_numeric_locale
 .rodata._setlocale_r.str1.4
                0x0800cf08        0xa c:/progra~2/gnuarm~1/102021~1.10/bin/../lib/gcc/arm-none-eabi/10.3.1/../../../../arm-none-eabi/lib/thumb/v7e-m+fp/hard\libg.a(lib_a-locale.o)
                                  0xd (size before relaxing)
 .rodata.str1.4
                0x0800cf12        0x2 c:/progra~2/gnuarm~1/102021~1.10/bin/../lib/gcc/arm-none-eabi/10.3.1/../../../../arm-none-eabi/lib/thumb/v7e-m+fp/hard\libg.a(lib_a-locale.o)
 *fill*         0x0800cf12        0x2 
 .rodata.__multadd.str1.4
                0x0800cf14       0x7f c:/progra~2/gnuarm~1/102021~1.10/bin/../lib/gcc/arm-none-eabi/10.3.1/../../../../arm-none-eabi/lib/thumb/v7e-m+fp/hard\libg.a(lib_a-mprec.o)
                                 0x93 (size before relaxing)
 *fill*         0x0800cf93        0x5 
 .rodata.__mprec_bigtens
                0x0800cf98       0x28 c:/progra~2/gnuarm~1/102021~1.10/bin/../lib/gcc/arm-none-eabi/10.3.1/../../../../arm-none-eabi/lib/thumb/v7e-m+fp/hard\libg.a(lib_a-mprec.o)
                0x0800cf98                __mprec_bigtens
 .rodata.__mprec_tens
                0x0800cfc0       0xc8 c:/progra~2/gnuarm~1/102021~1.10/bin/../lib/gcc/arm-none-eabi/10.3.1/../../../../arm-none-eabi/lib/thumb/v7e-m+fp/hard\libg.a(lib_a-mprec.o)
                0x0800cfc0                __mprec_tens
 .rodata.p05.0  0x0800d088        0xc c:/progra~2/gnuarm~1/102021~1.10/bin/../lib/gcc/arm-none-eabi/10.3.1/../../../../arm-none-eabi/lib/thumb/v7e-m+fp/hard\libg.a(lib_a-mprec.o)
 .rodata._vfiprintf_r.str1.4
                0x0800d094       0x2f c:/progra~2/gnuarm~1/102021~1.10/bin/../lib/gcc/arm-none-eabi/10.3.1/../../../../arm-none-eabi/lib/thumb/v7e-m+fp/hard\libg.a(lib_a-vfiprintf.o)
 .rodata.blanks.1
                0x0800d094       0x10 c:/progra~2/gnuarm~1/102021~1.10/bin/../lib/gcc/arm-none-eabi/10.3.1/../../../../arm-none-eabi/lib/thumb/v7e-m+fp/hard\libg.a(lib_a-vfiprintf.o)
 .rodata.zeroes.0
                0x0800d0a4       0x10 c:/progra~2/gnuarm~1/102021~1.10/bin/../lib/gcc/arm-none-eabi/10.3.1/../../../../arm-none-eabi/lib/thumb/v7e-m+fp/hard\libg.a(lib_a-vfiprintf.o)
 .rodata.__assert_func.str1.4
                0x0800d0b4       0x3f c:/progra~2/gnuarm~1/102021~1.10/bin/../lib/gcc/arm-none-eabi/10.3.1/../../../../arm-none-eabi/lib/thumb/v7e-m+fp/hard\libg.a(lib_a-assert.o)
                                 0x43 (size before relaxing)
 *fill*         0x0800d0f3        0x1 
 .rodata._ctype_
                0x0800d0f4      0x101 c:/progra~2/gnuarm~1/102021~1.10/bin/../lib/gcc/arm-none-eabi/10.3.1/../../../../arm-none-eabi/lib/thumb/v7e-m+fp/hard\libg.a(lib_a-ctype_.o)
                0x0800d0f4                _ctype_
                0x0800d1f8                . = ALIGN (0x4)
 *fill*         0x0800d1f5        0x3 

.ARM.extab      0x0800d1f8        0x0
                0x0800d1f8                . = ALIGN (0x4)
 *(.ARM.extab* .gnu.linkonce.armextab.*)
                0x0800d1f8                . = ALIGN (0x4)

.ARM            0x0800d1f8        0x8
                0x0800d1f8                . = ALIGN (0x4)
                0x0800d1f8                __exidx_start = .
 *(.ARM.exidx*)
 .ARM.exidx     0x0800d1f8        0x8 c:/progra~2/gnuarm~1/102021~1.10/bin/../lib/gcc/arm-none-eabi/10.3.1/thumb/v7e-m+fp/hard\libgcc.a(_udivmoddi4.o)
                0x0800d200                __exidx_end = .
                0x0800d200                . = ALIGN (0x4)

.rel.dyn        0x0800d200        0x0
 .rel.iplt      0x0800d200        0x0 c:/progra~2/gnuarm~1/102021~1.10/bin/../lib/gcc/arm-none-eabi/10.3.1/thumb/v7e-m+fp/hard/crtbegin.o

.preinit_array  0x0800d200        0x0
                0x0800d200                . = ALIGN (0x4)
                0x0800d200                PROVIDE (__preinit_array_start = .)
 *(.preinit_array*)
                0x0800d200                PROVIDE (__preinit_array_end = .)
                0x0800d200                . = ALIGN (0x4)

.init_array     0x0800d200        0x8
                0x0800d200                . = ALIGN (0x4)
                0x0800d200                PROVIDE (__init_array_start = .)
 *(SORT_BY_NAME(.init_array.*))
 .init_array.00000
                0x0800d200        0x4 c:/progra~2/gnuarm~1/102021~1.10/bin/../lib/gcc/arm-none-eabi/10.3.1/../../../../arm-none-eabi/lib/thumb/v7e-m+fp/hard\libg.a(lib_a-__call_atexit.o)
 *(.init_array*)
 .init_array    0x0800d204        0x4 c:/progra~2/gnuarm~1/102021~1.10/bin/../lib/gcc/arm-none-eabi/10.3.1/thumb/v7e-m+fp/hard/crtbegin.o
                0x0800d208                PROVIDE (__init_array_end = .)
                0x0800d208                . = ALIGN (0x4)

.fini_array     0x0800d208        0x4
                0x0800d208                . = ALIGN (0x4)
                0x0800d208                PROVIDE (__fini_array_start = .)
 *(SORT_BY_NAME(.fini_array.*))
 *(.fini_array*)
 .fini_array    0x0800d208        0x4 c:/progra~2/gnuarm~1/102021~1.10/bin/../lib/gcc/arm-none-eabi/10.3.1/thumb/v7e-m+fp/hard/crtbegin.o
                0x0800d20c                PROVIDE (__fini_array_end = .)
                0x0800d20c                . = ALIGN (0x4)
                0x0800d20c                _sidata = LOADADDR (.data)

.data           0x20000000      0x9bc load address 0x0800d20c
                0x20000000                . = ALIGN (0x4)
                0x20000000                _sdata = .
 *(.data)
 *(.data*)
 .data.SystemCoreClock
                0x20000000        0x4 CMakeFiles/2PID_steer_dataro.elf.dir/Core/Src/system_stm32g4xx.c.obj
                0x20000000                SystemCoreClock
 .data.uwTickFreq
                0x20000004        0x4 CMakeFiles/2PID_steer_dataro.elf.dir/Drivers/STM32G4xx_HAL_Driver/Src/stm32g4xx_hal.c.obj
                0x20000004                uwTickFreq
 .data.uwTickPrio
                0x20000008        0x4 CMakeFiles/2PID_steer_dataro.elf.dir/Drivers/STM32G4xx_HAL_Driver/Src/stm32g4xx_hal.c.obj
                0x20000008                uwTickPrio
 .data._impure_ptr
                0x2000000c        0x4 c:/progra~2/gnuarm~1/102021~1.10/bin/../lib/gcc/arm-none-eabi/10.3.1/../../../../arm-none-eabi/lib/thumb/v7e-m+fp/hard\libg.a(lib_a-impure.o)
                0x2000000c                _impure_ptr
 .data.impure_data
                0x20000010      0x428 c:/progra~2/gnuarm~1/102021~1.10/bin/../lib/gcc/arm-none-eabi/10.3.1/../../../../arm-none-eabi/lib/thumb/v7e-m+fp/hard\libg.a(lib_a-impure.o)
 .data.__atexit_recursive_mutex
                0x20000438        0x4 c:/progra~2/gnuarm~1/102021~1.10/bin/../lib/gcc/arm-none-eabi/10.3.1/../../../../arm-none-eabi/lib/thumb/v7e-m+fp/hard\libg.a(lib_a-__call_atexit.o)
                0x20000438                __atexit_recursive_mutex
 .data.numempty
                0x2000043c        0x2 c:/progra~2/gnuarm~1/102021~1.10/bin/../lib/gcc/arm-none-eabi/10.3.1/../../../../arm-none-eabi/lib/thumb/v7e-m+fp/hard\libg.a(lib_a-lnumeric.o)
 *fill*         0x2000043e        0x2 
 .data.__global_locale
                0x20000440      0x16c c:/progra~2/gnuarm~1/102021~1.10/bin/../lib/gcc/arm-none-eabi/10.3.1/../../../../arm-none-eabi/lib/thumb/v7e-m+fp/hard\libg.a(lib_a-locale.o)
                0x20000440                __global_locale
 .data.__malloc_av_
                0x200005ac      0x408 c:/progra~2/gnuarm~1/102021~1.10/bin/../lib/gcc/arm-none-eabi/10.3.1/../../../../arm-none-eabi/lib/thumb/v7e-m+fp/hard\libg.a(lib_a-mallocr.o)
                0x200005ac                __malloc_av_
 .data.__malloc_sbrk_base
                0x200009b4        0x4 c:/progra~2/gnuarm~1/102021~1.10/bin/../lib/gcc/arm-none-eabi/10.3.1/../../../../arm-none-eabi/lib/thumb/v7e-m+fp/hard\libg.a(lib_a-mallocr.o)
                0x200009b4                __malloc_sbrk_base
 .data.__malloc_trim_threshold
                0x200009b8        0x4 c:/progra~2/gnuarm~1/102021~1.10/bin/../lib/gcc/arm-none-eabi/10.3.1/../../../../arm-none-eabi/lib/thumb/v7e-m+fp/hard\libg.a(lib_a-mallocr.o)
                0x200009b8                __malloc_trim_threshold
 *(.RamFunc)
 *(.RamFunc*)
                0x200009bc                . = ALIGN (0x4)
                0x200009bc                _edata = .

.igot.plt       0x200009bc        0x0 load address 0x0800dbc8
 .igot.plt      0x200009bc        0x0 c:/progra~2/gnuarm~1/102021~1.10/bin/../lib/gcc/arm-none-eabi/10.3.1/thumb/v7e-m+fp/hard/crtbegin.o
                0x200009bc                . = ALIGN (0x4)

.bss            0x200009bc      0x2ec load address 0x0800dbc8
                0x200009bc                _sbss = .
                0x200009bc                __bss_start__ = _sbss
 *(.bss)
 .bss           0x200009bc       0x1c c:/progra~2/gnuarm~1/102021~1.10/bin/../lib/gcc/arm-none-eabi/10.3.1/thumb/v7e-m+fp/hard/crtbegin.o
 *(.bss*)
 .bss.UART_BUFF
                0x200009d8        0x5 CMakeFiles/2PID_steer_dataro.elf.dir/Core/Src/main.c.obj
                0x200009d8                UART_BUFF
 *fill*         0x200009dd        0x1 
 .bss.enc_buff_A
                0x200009de        0x2 CMakeFiles/2PID_steer_dataro.elf.dir/Core/Src/main.c.obj
                0x200009de                enc_buff_A
 .bss.enc_buff_B
                0x200009e0        0x2 CMakeFiles/2PID_steer_dataro.elf.dir/Core/Src/main.c.obj
                0x200009e0                enc_buff_B
 *fill*         0x200009e2        0x2 
 .bss.hpidSteer
                0x200009e4       0x28 CMakeFiles/2PID_steer_dataro.elf.dir/Core/Src/main.c.obj
                0x200009e4                hpidSteer
 .bss.hpidWheel
                0x20000a0c       0x28 CMakeFiles/2PID_steer_dataro.elf.dir/Core/Src/main.c.obj
                0x20000a0c                hpidWheel
 .bss.htim1     0x20000a34       0x4c CMakeFiles/2PID_steer_dataro.elf.dir/Core/Src/main.c.obj
                0x20000a34                htim1
 .bss.htim2     0x20000a80       0x4c CMakeFiles/2PID_steer_dataro.elf.dir/Core/Src/main.c.obj
                0x20000a80                htim2
 .bss.htim3     0x20000acc       0x4c CMakeFiles/2PID_steer_dataro.elf.dir/Core/Src/main.c.obj
                0x20000acc                htim3
 .bss.htim4     0x20000b18       0x4c CMakeFiles/2PID_steer_dataro.elf.dir/Core/Src/main.c.obj
                0x20000b18                htim4
 .bss.huart2    0x20000b64       0x90 CMakeFiles/2PID_steer_dataro.elf.dir/Core/Src/main.c.obj
                0x20000b64                huart2
 .bss.speed     0x20000bf4        0x4 CMakeFiles/2PID_steer_dataro.elf.dir/Core/Src/main.c.obj
                0x20000bf4                speed
 .bss.speed_duty
                0x20000bf8        0x4 CMakeFiles/2PID_steer_dataro.elf.dir/Core/Src/main.c.obj
                0x20000bf8                speed_duty
 .bss.speed_target
                0x20000bfc        0x4 CMakeFiles/2PID_steer_dataro.elf.dir/Core/Src/main.c.obj
                0x20000bfc                speed_target
 .bss.steer_angle
                0x20000c00        0x4 CMakeFiles/2PID_steer_dataro.elf.dir/Core/Src/main.c.obj
                0x20000c00                steer_angle
 .bss.steer_angle_target
                0x20000c04        0x4 CMakeFiles/2PID_steer_dataro.elf.dir/Core/Src/main.c.obj
                0x20000c04                steer_angle_target
 .bss.steer_duty
                0x20000c08        0x4 CMakeFiles/2PID_steer_dataro.elf.dir/Core/Src/main.c.obj
                0x20000c08                steer_duty
 .bss.htim17    0x20000c0c       0x4c CMakeFiles/2PID_steer_dataro.elf.dir/Core/Src/stm32g4xx_hal_timebase_tim.c.obj
                0x20000c0c                htim17
 .bss.__sbrk_heap_end
                0x20000c58        0x4 CMakeFiles/2PID_steer_dataro.elf.dir/Core/Src/sysmem.c.obj
 .bss.uwTick    0x20000c5c        0x4 CMakeFiles/2PID_steer_dataro.elf.dir/Drivers/STM32G4xx_HAL_Driver/Src/stm32g4xx_hal.c.obj
                0x20000c5c                uwTick
 .bss.__lock___atexit_recursive_mutex
                0x20000c60        0x1 c:/progra~2/gnuarm~1/102021~1.10/bin/../lib/gcc/arm-none-eabi/10.3.1/../../../../arm-none-eabi/lib/thumb/v7e-m+fp/hard\libg.a(lib_a-lock.o)
                0x20000c60                __lock___atexit_recursive_mutex
 *fill*         0x20000c61        0x3 
 .bss.__lock___malloc_recursive_mutex
                0x20000c64        0x1 c:/progra~2/gnuarm~1/102021~1.10/bin/../lib/gcc/arm-none-eabi/10.3.1/../../../../arm-none-eabi/lib/thumb/v7e-m+fp/hard\libg.a(lib_a-lock.o)
                0x20000c64                __lock___malloc_recursive_mutex
 *fill*         0x20000c65        0x3 
 .bss.__lock___sfp_recursive_mutex
                0x20000c68        0x1 c:/progra~2/gnuarm~1/102021~1.10/bin/../lib/gcc/arm-none-eabi/10.3.1/../../../../arm-none-eabi/lib/thumb/v7e-m+fp/hard\libg.a(lib_a-lock.o)
                0x20000c68                __lock___sfp_recursive_mutex
 *fill*         0x20000c69        0x3 
 .bss.__lock___sinit_recursive_mutex
                0x20000c6c        0x1 c:/progra~2/gnuarm~1/102021~1.10/bin/../lib/gcc/arm-none-eabi/10.3.1/../../../../arm-none-eabi/lib/thumb/v7e-m+fp/hard\libg.a(lib_a-lock.o)
                0x20000c6c                __lock___sinit_recursive_mutex
 *fill*         0x20000c6d        0x3 
 .bss.__malloc_current_mallinfo
                0x20000c70       0x28 c:/progra~2/gnuarm~1/102021~1.10/bin/../lib/gcc/arm-none-eabi/10.3.1/../../../../arm-none-eabi/lib/thumb/v7e-m+fp/hard\libg.a(lib_a-mallocr.o)
                0x20000c70                __malloc_current_mallinfo
 .bss.__malloc_max_sbrked_mem
                0x20000c98        0x4 c:/progra~2/gnuarm~1/102021~1.10/bin/../lib/gcc/arm-none-eabi/10.3.1/../../../../arm-none-eabi/lib/thumb/v7e-m+fp/hard\libg.a(lib_a-mallocr.o)
                0x20000c98                __malloc_max_sbrked_mem
 .bss.__malloc_max_total_mem
                0x20000c9c        0x4 c:/progra~2/gnuarm~1/102021~1.10/bin/../lib/gcc/arm-none-eabi/10.3.1/../../../../arm-none-eabi/lib/thumb/v7e-m+fp/hard\libg.a(lib_a-mallocr.o)
                0x20000c9c                __malloc_max_total_mem
 .bss.__malloc_top_pad
                0x20000ca0        0x4 c:/progra~2/gnuarm~1/102021~1.10/bin/../lib/gcc/arm-none-eabi/10.3.1/../../../../arm-none-eabi/lib/thumb/v7e-m+fp/hard\libg.a(lib_a-mallocr.o)
                0x20000ca0                __malloc_top_pad
 .bss.errno     0x20000ca4        0x4 c:/progra~2/gnuarm~1/102021~1.10/bin/../lib/gcc/arm-none-eabi/10.3.1/../../../../arm-none-eabi/lib/thumb/v7e-m+fp/hard\libg.a(lib_a-reent.o)
                0x20000ca4                errno
 *(COMMON)
                0x20000ca8                . = ALIGN (0x4)
                0x20000ca8                _ebss = .
                0x20000ca8                __bss_end__ = _ebss

._user_heap_stack
                0x20000ca8      0x600 load address 0x0800dbc8
                0x20000ca8                . = ALIGN (0x8)
                [!provide]                PROVIDE (end = .)
                0x20000ca8                PROVIDE (_end = .)
                0x20000ea8                . = (. + _Min_Heap_Size)
 *fill*         0x20000ca8      0x200 
                0x200012a8                . = (. + _Min_Stack_Size)
 *fill*         0x20000ea8      0x400 
                0x200012a8                . = ALIGN (0x8)

/DISCARD/
 libc.a(*)
 libm.a(*)
 libgcc.a(*)

.ARM.attributes
                0x00000000       0x30
 *(.ARM.attributes)
 .ARM.attributes
                0x00000000       0x1e c:/progra~2/gnuarm~1/102021~1.10/bin/../lib/gcc/arm-none-eabi/10.3.1/thumb/v7e-m+fp/hard/crti.o
 .ARM.attributes
                0x0000001e       0x34 c:/progra~2/gnuarm~1/102021~1.10/bin/../lib/gcc/arm-none-eabi/10.3.1/thumb/v7e-m+fp/hard/crtbegin.o
 .ARM.attributes
                0x00000052       0x34 CMakeFiles/2PID_steer_dataro.elf.dir/Core/Src/PID.c.obj
 .ARM.attributes
                0x00000086       0x34 CMakeFiles/2PID_steer_dataro.elf.dir/Core/Src/main.c.obj
 .ARM.attributes
                0x000000ba       0x34 CMakeFiles/2PID_steer_dataro.elf.dir/Core/Src/stm32g4xx_hal_msp.c.obj
 .ARM.attributes
                0x000000ee       0x34 CMakeFiles/2PID_steer_dataro.elf.dir/Core/Src/stm32g4xx_hal_timebase_tim.c.obj
 .ARM.attributes
                0x00000122       0x34 CMakeFiles/2PID_steer_dataro.elf.dir/Core/Src/stm32g4xx_it.c.obj
 .ARM.attributes
                0x00000156       0x34 CMakeFiles/2PID_steer_dataro.elf.dir/Core/Src/syscalls.c.obj
 .ARM.attributes
                0x0000018a       0x34 CMakeFiles/2PID_steer_dataro.elf.dir/Core/Src/sysmem.c.obj
 .ARM.attributes
                0x000001be       0x34 CMakeFiles/2PID_steer_dataro.elf.dir/Core/Src/system_stm32g4xx.c.obj
 .ARM.attributes
                0x000001f2       0x21 CMakeFiles/2PID_steer_dataro.elf.dir/Core/Startup/startup_stm32g431kbtx.s.obj
 .ARM.attributes
                0x00000213       0x34 CMakeFiles/2PID_steer_dataro.elf.dir/Drivers/STM32G4xx_HAL_Driver/Src/stm32g4xx_hal.c.obj
 .ARM.attributes
                0x00000247       0x34 CMakeFiles/2PID_steer_dataro.elf.dir/Drivers/STM32G4xx_HAL_Driver/Src/stm32g4xx_hal_cortex.c.obj
 .ARM.attributes
                0x0000027b       0x34 CMakeFiles/2PID_steer_dataro.elf.dir/Drivers/STM32G4xx_HAL_Driver/Src/stm32g4xx_hal_dma.c.obj
 .ARM.attributes
                0x000002af       0x34 CMakeFiles/2PID_steer_dataro.elf.dir/Drivers/STM32G4xx_HAL_Driver/Src/stm32g4xx_hal_gpio.c.obj
 .ARM.attributes
                0x000002e3       0x34 CMakeFiles/2PID_steer_dataro.elf.dir/Drivers/STM32G4xx_HAL_Driver/Src/stm32g4xx_hal_pwr_ex.c.obj
 .ARM.attributes
                0x00000317       0x34 CMakeFiles/2PID_steer_dataro.elf.dir/Drivers/STM32G4xx_HAL_Driver/Src/stm32g4xx_hal_rcc.c.obj
 .ARM.attributes
                0x0000034b       0x34 CMakeFiles/2PID_steer_dataro.elf.dir/Drivers/STM32G4xx_HAL_Driver/Src/stm32g4xx_hal_rcc_ex.c.obj
 .ARM.attributes
                0x0000037f       0x34 CMakeFiles/2PID_steer_dataro.elf.dir/Drivers/STM32G4xx_HAL_Driver/Src/stm32g4xx_hal_tim.c.obj
 .ARM.attributes
                0x000003b3       0x34 CMakeFiles/2PID_steer_dataro.elf.dir/Drivers/STM32G4xx_HAL_Driver/Src/stm32g4xx_hal_tim_ex.c.obj
 .ARM.attributes
                0x000003e7       0x34 CMakeFiles/2PID_steer_dataro.elf.dir/Drivers/STM32G4xx_HAL_Driver/Src/stm32g4xx_hal_uart.c.obj
 .ARM.attributes
                0x0000041b       0x34 CMakeFiles/2PID_steer_dataro.elf.dir/Drivers/STM32G4xx_HAL_Driver/Src/stm32g4xx_hal_uart_ex.c.obj
 .ARM.attributes
                0x0000044f       0x1e c:/progra~2/gnuarm~1/102021~1.10/bin/../lib/gcc/arm-none-eabi/10.3.1/thumb/v7e-m+fp/hard\libgcc.a(_arm_addsubdf3.o)
 .ARM.attributes
                0x0000046d       0x1e c:/progra~2/gnuarm~1/102021~1.10/bin/../lib/gcc/arm-none-eabi/10.3.1/thumb/v7e-m+fp/hard\libgcc.a(_aeabi_uldivmod.o)
 .ARM.attributes
                0x0000048b       0x34 c:/progra~2/gnuarm~1/102021~1.10/bin/../lib/gcc/arm-none-eabi/10.3.1/thumb/v7e-m+fp/hard\libgcc.a(_udivmoddi4.o)
 .ARM.attributes
                0x000004bf       0x1e c:/progra~2/gnuarm~1/102021~1.10/bin/../lib/gcc/arm-none-eabi/10.3.1/thumb/v7e-m+fp/hard\libgcc.a(_dvmd_tls.o)
 .ARM.attributes
                0x000004dd       0x34 c:/progra~2/gnuarm~1/102021~1.10/bin/../lib/gcc/arm-none-eabi/10.3.1/../../../../arm-none-eabi/lib/thumb/v7e-m+fp/hard\libg.a(lib_a-atoff.o)
 .ARM.attributes
                0x00000511       0x34 c:/progra~2/gnuarm~1/102021~1.10/bin/../lib/gcc/arm-none-eabi/10.3.1/../../../../arm-none-eabi/lib/thumb/v7e-m+fp/hard\libg.a(lib_a-errno.o)
 .ARM.attributes
                0x00000545       0x34 c:/progra~2/gnuarm~1/102021~1.10/bin/../lib/gcc/arm-none-eabi/10.3.1/../../../../arm-none-eabi/lib/thumb/v7e-m+fp/hard\libg.a(lib_a-impure.o)
 .ARM.attributes
                0x00000579       0x34 c:/progra~2/gnuarm~1/102021~1.10/bin/../lib/gcc/arm-none-eabi/10.3.1/../../../../arm-none-eabi/lib/thumb/v7e-m+fp/hard\libg.a(lib_a-init.o)
 .ARM.attributes
                0x000005ad       0x34 c:/progra~2/gnuarm~1/102021~1.10/bin/../lib/gcc/arm-none-eabi/10.3.1/../../../../arm-none-eabi/lib/thumb/v7e-m+fp/hard\libg.a(lib_a-memset.o)
 .ARM.attributes
                0x000005e1       0x34 c:/progra~2/gnuarm~1/102021~1.10/bin/../lib/gcc/arm-none-eabi/10.3.1/../../../../arm-none-eabi/lib/thumb/v7e-m+fp/hard\libg.a(lib_a-printf.o)
 .ARM.attributes
                0x00000615       0x34 c:/progra~2/gnuarm~1/102021~1.10/bin/../lib/gcc/arm-none-eabi/10.3.1/../../../../arm-none-eabi/lib/thumb/v7e-m+fp/hard\libg.a(lib_a-setbuf.o)
 .ARM.attributes
                0x00000649       0x34 c:/progra~2/gnuarm~1/102021~1.10/bin/../lib/gcc/arm-none-eabi/10.3.1/../../../../arm-none-eabi/lib/thumb/v7e-m+fp/hard\libg.a(lib_a-setvbuf.o)
 .ARM.attributes
                0x0000067d       0x34 c:/progra~2/gnuarm~1/102021~1.10/bin/../lib/gcc/arm-none-eabi/10.3.1/../../../../arm-none-eabi/lib/thumb/v7e-m+fp/hard\libg.a(lib_a-strtod.o)
 .ARM.attributes
                0x000006b1       0x34 c:/progra~2/gnuarm~1/102021~1.10/bin/../lib/gcc/arm-none-eabi/10.3.1/../../../../arm-none-eabi/lib/thumb/v7e-m+fp/hard\libg.a(lib_a-vfprintf.o)
 .ARM.attributes
                0x000006e5       0x34 c:/progra~2/gnuarm~1/102021~1.10/bin/../lib/gcc/arm-none-eabi/10.3.1/../../../../arm-none-eabi/lib/thumb/v7e-m+fp/hard\libg.a(lib_a-wsetup.o)
 .ARM.attributes
                0x00000719       0x34 c:/progra~2/gnuarm~1/102021~1.10/bin/../lib/gcc/arm-none-eabi/10.3.1/../../../../arm-none-eabi/lib/thumb/v7e-m+fp/hard\libg.a(lib_a-__call_atexit.o)
 .ARM.attributes
                0x0000074d       0x34 c:/progra~2/gnuarm~1/102021~1.10/bin/../lib/gcc/arm-none-eabi/10.3.1/../../../../arm-none-eabi/lib/thumb/v7e-m+fp/hard\libg.a(lib_a-atexit.o)
 .ARM.attributes
                0x00000781       0x34 c:/progra~2/gnuarm~1/102021~1.10/bin/../lib/gcc/arm-none-eabi/10.3.1/../../../../arm-none-eabi/lib/thumb/v7e-m+fp/hard\libg.a(lib_a-dtoa.o)
 .ARM.attributes
                0x000007b5       0x34 c:/progra~2/gnuarm~1/102021~1.10/bin/../lib/gcc/arm-none-eabi/10.3.1/../../../../arm-none-eabi/lib/thumb/v7e-m+fp/hard\libg.a(lib_a-fflush.o)
 .ARM.attributes
                0x000007e9       0x34 c:/progra~2/gnuarm~1/102021~1.10/bin/../lib/gcc/arm-none-eabi/10.3.1/../../../../arm-none-eabi/lib/thumb/v7e-m+fp/hard\libg.a(lib_a-findfp.o)
 .ARM.attributes
                0x0000081d       0x34 c:/progra~2/gnuarm~1/102021~1.10/bin/../lib/gcc/arm-none-eabi/10.3.1/../../../../arm-none-eabi/lib/thumb/v7e-m+fp/hard\libg.a(lib_a-fini.o)
 .ARM.attributes
                0x00000851       0x34 c:/progra~2/gnuarm~1/102021~1.10/bin/../lib/gcc/arm-none-eabi/10.3.1/../../../../arm-none-eabi/lib/thumb/v7e-m+fp/hard\libg.a(lib_a-freer.o)
 .ARM.attributes
                0x00000885       0x34 c:/progra~2/gnuarm~1/102021~1.10/bin/../lib/gcc/arm-none-eabi/10.3.1/../../../../arm-none-eabi/lib/thumb/v7e-m+fp/hard\libg.a(lib_a-fwalk.o)
 .ARM.attributes
                0x000008b9       0x34 c:/progra~2/gnuarm~1/102021~1.10/bin/../lib/gcc/arm-none-eabi/10.3.1/../../../../arm-none-eabi/lib/thumb/v7e-m+fp/hard\libg.a(lib_a-gdtoa-gethex.o)
 .ARM.attributes
                0x000008ed       0x34 c:/progra~2/gnuarm~1/102021~1.10/bin/../lib/gcc/arm-none-eabi/10.3.1/../../../../arm-none-eabi/lib/thumb/v7e-m+fp/hard\libg.a(lib_a-gdtoa-hexnan.o)
 .ARM.attributes
                0x00000921       0x34 c:/progra~2/gnuarm~1/102021~1.10/bin/../lib/gcc/arm-none-eabi/10.3.1/../../../../arm-none-eabi/lib/thumb/v7e-m+fp/hard\libg.a(lib_a-lnumeric.o)
 .ARM.attributes
                0x00000955       0x34 c:/progra~2/gnuarm~1/102021~1.10/bin/../lib/gcc/arm-none-eabi/10.3.1/../../../../arm-none-eabi/lib/thumb/v7e-m+fp/hard\libg.a(lib_a-locale.o)
 .ARM.attributes
                0x00000989       0x34 c:/progra~2/gnuarm~1/102021~1.10/bin/../lib/gcc/arm-none-eabi/10.3.1/../../../../arm-none-eabi/lib/thumb/v7e-m+fp/hard\libg.a(lib_a-localeconv.o)
 .ARM.attributes
                0x000009bd       0x34 c:/progra~2/gnuarm~1/102021~1.10/bin/../lib/gcc/arm-none-eabi/10.3.1/../../../../arm-none-eabi/lib/thumb/v7e-m+fp/hard\libg.a(lib_a-lock.o)
 .ARM.attributes
                0x000009f1       0x34 c:/progra~2/gnuarm~1/102021~1.10/bin/../lib/gcc/arm-none-eabi/10.3.1/../../../../arm-none-eabi/lib/thumb/v7e-m+fp/hard\libg.a(lib_a-makebuf.o)
 .ARM.attributes
                0x00000a25       0x34 c:/progra~2/gnuarm~1/102021~1.10/bin/../lib/gcc/arm-none-eabi/10.3.1/../../../../arm-none-eabi/lib/thumb/v7e-m+fp/hard\libg.a(lib_a-malloc.o)
 .ARM.attributes
                0x00000a59       0x34 c:/progra~2/gnuarm~1/102021~1.10/bin/../lib/gcc/arm-none-eabi/10.3.1/../../../../arm-none-eabi/lib/thumb/v7e-m+fp/hard\libg.a(lib_a-mallocr.o)
 .ARM.attributes
                0x00000a8d       0x34 c:/progra~2/gnuarm~1/102021~1.10/bin/../lib/gcc/arm-none-eabi/10.3.1/../../../../arm-none-eabi/lib/thumb/v7e-m+fp/hard\libg.a(lib_a-mbtowc_r.o)
 .ARM.attributes
                0x00000ac1       0x1c c:/progra~2/gnuarm~1/102021~1.10/bin/../lib/gcc/arm-none-eabi/10.3.1/../../../../arm-none-eabi/lib/thumb/v7e-m+fp/hard\libg.a(lib_a-memchr.o)
 .ARM.attributes
                0x00000add       0x1c c:/progra~2/gnuarm~1/102021~1.10/bin/../lib/gcc/arm-none-eabi/10.3.1/../../../../arm-none-eabi/lib/thumb/v7e-m+fp/hard\libg.a(lib_a-memcpy.o)
 .ARM.attributes