../Core/Src/main.c:85:5:__io_putchar	16	static
../Core/Src/main.c:91:9:read_encoder_value	16	static
../Core/Src/main.c:106:6:HAL_TIM_PeriodElapsedCallback	24	static
../Core/Src/main.c:156:6:HAL_GPIO_EXTI_Callback	16	static
../Core/Src/main.c:167:5:main	8	static
../Core/Src/main.c:215:6:SystemClock_Config	88	static
../Core/Src/main.c:262:13:MX_TIM1_Init	56	static
../Core/Src/main.c:313:13:MX_TIM2_Init	48	static
../Core/Src/main.c:362:13:MX_TIM6_Init	24	static
../Core/Src/main.c:400:13:MX_USART2_UART_Init	8	static
../Core/Src/main.c:448:13:MX_GPIO_Init	40	static
../Core/Src/main.c:496:6:Error_Handler	4	static,ignoring_inline_asm
